=== COM16 abierto, capturando 190s (el open resetea la placa) ===
[   3.4s] [bme probe after BMV080 wait, before begin] 0x76 (addr-probe=0) chip ID = 0x61 (0x61 = BME69x, CORRECT)
[   3.4s] [  9771][E][Wire.cpp:499] requestFrom(): i2cWriteReadNonStop returned Error -1
[   3.4s] [bme probe after BMV080 wait, before begin] 0x77 accepted the register write but returned no data
[   3.4s] [step] bme690.begin ...
[   3.4s] BME690: OK (bound to 0x76)
[   3.4s] SEN0466: SKIPPED (210s settle - excluded from the sleeping cycle)
[   3.4s] [step] cm1106.begin (SWAPPED: now before bmv080) ...
[   6.5s] [step] cm1106.begin returned ...
[   6.5s] [step] bmv080.begin (SWAPPED: now after cm1106) ...
[   7.1s] BMV080: OK
[   7.1s] [step] calypso.begin next ...
[   7.1s] [step] calypso.begin returned - radio next ...
[   7.1s] Configuring RYLR998 (link parameters must match pp1-lora-receiver):
[   7.1s]   -> AT
[   7.1s]   <- +OK
[   7.1s]   -> AT+ADDRESS=4
[   7.1s]   <- +OK
[   7.1s]   -> AT+NETWORKID=5
[   7.1s]   <- +OK
[   7.1s]   -> AT+BAND=868000000
[   7.1s]   <- +OK
[   7.1s]   -> AT+PARAMETER=7,7,1,12
[   7.1s]   <- +OK
[   7.1s]   -> AT+CRFOP=14
[   7.1s]   <- +OK
[   7.1s] LoRa TX power -> 14 dBm: OK
[   7.1s] Radio init OK
[   7.1s] Setup complete.
[   7.1s] 
[   7.4s] [read] rail recovery after the BME690 heater
[  13.4s] [t] BME690   active=186ms recovery=6101ms
[  15.5s] [bmv080] laser off after 2035ms (pm2.5=0.0, frame)
[  17.1s] [t] BMV080   active=2114ms recovery=1500ms
[  20.5s] [cm1106 raw] 16 05 01 02 A7 00 03 38 | status=OK frozenValueRun=0
[  22.1s] [t] CM1106   active=3513ms recovery=1500ms
[  23.6s] [t] SEN0466  active=0ms recovery=1500ms
[  26.7s] [t] Calypso  active=1500ms recovery=1500ms
[  26.7s] [t] TOTAL burst=19419ms
[  26.7s] [read] bme=OK(T25.7 H47.3 gas5685) bmv=OK(pm2.5=0.0) co2=OK(679) co=NotInit(0.00) wind=silent(rx=0)  (all sensors, 19420ms)
[  26.7s] [store] reading 1/4 kept (tick 381)
[  28.0s] [tx] sensor rails off for the transmit
[  28.6s] TX [0..0/1] 71 bytes: 25.67,47.27,938.94,5684.85,0.00,0.00,0.00,679.00,0.00,27.28,0.00,0.00,0  (sent)
[  30.8s] [stat] STAT,381,0,1,11100,0,3120,86,2  (cap 3.62V = 86% usable, flags from wake 381, 0 tick(s) ago) (sent)
[  32.7s] Boot guard: run marked good, NVS counter cleared
[  33.0s] [TEST BUILD] alarm state FORCED to ALARM - not from the sensors
[  33.0s] [read] rail recovery after the BME690 heater
[  38.9s] [t] BME690   active=37ms recovery=6101ms
[  41.1s] [bmv080] laser off after 2035ms (pm2.5=0.0, frame)
[  42.6s] [t] BMV080   active=2114ms recovery=1500ms
[  46.1s] [cm1106 raw] 16 05 01 02 F8 00 03 E7 | status=OK frozenValueRun=0
[  47.6s] [t] CM1106   active=3513ms recovery=1500ms
[  49.2s] [t] SEN0466  active=0ms recovery=1500ms
[  52.0s] [t] Calypso  active=1500ms recovery=1500ms
[  52.0s] [t] TOTAL burst=19270ms
[  52.0s] [read] bme=OK(T25.9 H47.3 gas5685) bmv=OK(pm2.5=0.0) co2=OK(760) co=NotInit(0.00) wind=silent(rx=0)  (all sensors, 19271ms)
[  52.0s] [store] reading 1/4 kept (tick 381)
[  53.5s] [tx] sensor rails off for the transmit
[  54.2s] TX [0..0/1] 71 bytes: 25.88,47.31,938.91,5684.85,0.00,0.00,0.00,760.00,0.00,27.28,0.00,0.00,0  (sent)
[  56.3s] [stat] STAT,381,0,1,11100,0,3120,86,2  (cap 3.62V = 86% usable, flags from wake 381, 0 tick(s) ago) (sent)
[  58.2s] [read] rail recovery after the BME690 heater
[  64.4s] [t] BME690   active=37ms recovery=6101ms
[  67.8s] [bmv080] laser off after 2035ms (pm2.5=0.0, frame)
[  67.8s] [t] BMV080   active=2114ms recovery=1500ms
[  71.6s] [cm1106 raw] 16 05 01 02 F6 00 03 E9 | status=OK frozenValueRun=0
[  73.1s] [t] CM1106   active=3513ms recovery=1500ms
[  74.4s] [t] SEN0466  active=0ms recovery=1500ms
[  77.5s] [t] Calypso  active=1500ms recovery=1500ms
[  77.5s] [t] TOTAL burst=19270ms
[  77.5s] [read] bme=OK(T25.8 H47.3 gas5685) bmv=OK(pm2.5=0.0) co2=OK(758) co=NotInit(0.00) wind=silent(rx=0)  (all sensors, 19271ms)
[  77.5s] [store] reading 1/4 kept (tick 381)
[  79.1s] [tx] sensor rails off for the transmit
[  79.7s] TX [0..0/1] 71 bytes: 25.83,47.26,938.91,5684.85,0.00,0.00,0.00,758.00,0.00,27.28,0.00,0.00,0  (sent)
[  81.5s] [stat] STAT,381,0,1,11100,0,3120,86,2  (cap 3.62V = 86% usable, flags from wake 381, 0 tick(s) ago) (sent)
[  83.7s] [TEST BUILD] alarm state FORCED to ALARM - not from the sensors
[  83.7s] [read] rail recovery after the BME690 heater
[  90.0s] [t] BME690   active=37ms recovery=6101ms
[  93.4s] [bmv080] laser off after 2035ms (pm2.5=0.0, frame)
[  93.4s] [t] BMV080   active=2114ms recovery=1500ms
[  96.8s] [cm1106 raw] 16 05 01 02 E5 00 03 FA | status=OK frozenValueRun=0
[  98.4s] [t] CM1106   active=3513ms recovery=1500ms
[  99.9s] [t] SEN0466  active=0ms recovery=1500ms
[ 103.1s] [t] Calypso  active=1500ms recovery=1500ms
[ 103.1s] [t] TOTAL burst=19269ms
[ 103.1s] [read] bme=OK(T25.8 H47.2 gas5685) bmv=OK(pm2.5=0.0) co2=OK(741) co=NotInit(0.00) wind=silent(rx=0)  (all sensors, 19270ms)
[ 103.1s] [store] reading 1/4 kept (tick 381)
[ 104.3s] [tx] sensor rails off for the transmit
[ 104.9s] TX [0..0/1] 71 bytes: 25.79,47.23,938.92,5684.85,0.00,0.00,0.00,741.00,0.00,27.28,0.00,0.00,0  (sent)
[ 107.1s] [stat] STAT,381,0,1,11100,0,3120,86,2  (cap 3.62V = 86% usable, flags from wake 381, 0 tick(s) ago) (sent)
[ 109.3s] [read] rail recovery after the BME690 heater
[ 115.2s] [t] BME690   active=37ms recovery=6101ms
[ 117.4s] [bmv080] laser off after 2087ms (pm2.5=0.0, frame)
[ 118.9s] [t] BMV080   active=2166ms recovery=1500ms
[ 122.3s] [cm1106 raw] 16 05 01 03 1D 00 03 C1 | status=OK frozenValueRun=0
[ 123.9s] [t] CM1106   active=3513ms recovery=1500ms
[ 125.4s] [t] SEN0466  active=0ms recovery=1500ms
[ 128.5s] [t] Calypso  active=1500ms recovery=1500ms
[ 128.5s] [t] TOTAL burst=19322ms
[ 128.5s] [read] bme=OK(T25.8 H47.4 gas5685) bmv=OK(pm2.5=0.0) co2=OK(797) co=NotInit(0.00) wind=silent(rx=0)  (all sensors, 19323ms)
[ 128.5s] [store] reading 1/4 kept (tick 381)
[ 130.1s] [tx] sensor rails off for the transmit
[ 130.4s] TX [0..0/1] 71 bytes: 25.76,47.42,938.91,5684.85,0.00,0.00,0.00,797.00,0.00,27.28,0.00,0.00,0  (sent)
[ 132.6s] [stat] STAT,381,0,1,11100,0,3120,86,2  (cap 3.62V = 86% usable, flags from wake 381, 0 tick(s) ago) (sent)
[ 134.8s] [TEST BUILD] alarm state FORCED to ALARM - not from the sensors
[ 134.8s] [read] rail recovery after the BME690 heater
[ 140.7s] [t] BME690   active=37ms recovery=6101ms
[ 142.8s] [bmv080] laser off after 2035ms (pm2.5=0.0, frame)
[ 144.4s] [t] BMV080   active=2114ms recovery=1500ms
[ 147.8s] [cm1106 raw] 16 05 01 03 15 00 03 C9 | status=OK frozenValueRun=0
[ 149.4s] [t] CM1106   active=3513ms recovery=1500ms
[ 150.9s] [t] SEN0466  active=0ms recovery=1500ms
[ 154.0s] [t] Calypso  active=1500ms recovery=1500ms
[ 154.0s] [t] TOTAL burst=19270ms
[ 154.0s] [read] bme=OK(T25.7 H47.5 gas5685) bmv=OK(pm2.5=0.0) co2=OK(789) co=NotInit(0.00) wind=silent(rx=0)  (all sensors, 19271ms)
[ 154.0s] [store] reading 1/4 kept (tick 381)
[ 155.3s] [tx] sensor rails off for the transmit
[ 155.9s] TX [0..0/1] 71 bytes: 25.74,47.46,938.90,5684.85,0.00,0.00,0.00,789.00,0.00,27.28,0.00,0.00,0  (sent)
[ 158.1s] [stat] STAT,381,0,1,11100,0,3120,86,2  (cap 3.62V = 86% usable, flags from wake 381, 0 tick(s) ago) (sent)
[ 160.0s] [read] rail recovery after the BME690 heater
[ 166.2s] [t] BME690   active=37ms recovery=6101ms
[ 168.4s] [bmv080] laser off after 2035ms (pm2.5=0.0, frame)
[ 169.9s] [t] BMV080   active=2114ms recovery=1500ms
[ 173.3s] [cm1106 raw] 16 05 01 02 FD 00 03 E2 | status=OK frozenValueRun=0
[ 174.9s] [t] CM1106   active=3513ms recovery=1500ms
[ 176.5s] [t] SEN0466  active=0ms recovery=1500ms
[ 179.3s] [t] Calypso  active=1500ms recovery=1500ms
[ 179.3s] [t] TOTAL burst=19269ms
[ 179.3s] [read] bme=OK(T25.7 H47.5 gas5685) bmv=OK(pm2.5=0.0) co2=OK(765) co=NotInit(0.00) wind=silent(rx=0)  (all sensors, 19270ms)
[ 179.3s] [store] reading 1/4 kept (tick 381)
[ 180.8s] [tx] sensor rails off for the transmit
[ 181.4s] TX [0..0/1] 71 bytes: 25.73,47.48,938.89,5684.85,0.00,0.00,0.00,765.00,0.00,27.28,0.00,0.00,0  (sent)
[ 183.6s] [stat] STAT,381,0,1,11100,0,3120,86,2  (cap 3.62V = 86% usable, flags from wake 381, 0 tick(s) ago) (sent)
[ 185.5s] [TEST BUILD] alarm state FORCED to ALARM - not from the sensors
[ 185.5s] [read] rail recovery after the BME690 heater
=== fin ===
