=== COM10 abierto, capturando 1800s (el open resetea la placa) ===
[   8.4s] [nbiot-mqtt] state IDLE -> PUBLISHING
[   8.4s] [nbiot-mqtt] -> AT+QMTPUB=0,0,0,0,"v1/gateway/telemetry"
[   8.4s] [nbiot-mqtt] payload (852 bytes): {"NodoC-1":[{"ts":1791285021493,"values":{"temp":26.27,"rh":52.79,"pres":941.37,"gas":16406.05,"pm1":0.00,"pm25":0.00,"pm10":0.00,"co2":585.00,"co":0.00,"coTemp":0.00,"windAngle":0.00,"windSpeed":0.00,"windValid":false,"rssi":-49,"snr":13,"chargePct":85,"capMv":3115,"alarmState":0}}],"NodoC-3":[{"ts":1791285041937,"values":{"temp":25.85,"rh":47.72,"pres":941.09,"gas":5684.85,"pm1":0.00,"pm25":0.00,"pm10":0.00,"co2":843.00,"co":0.00,"coTemp":0.00,"windAngle":0.00,"windSpeed":0.00,"windValid":false,"rssi":-34,"snr":12,"chargePct":86,"capMv":3120,"alarmState":0}}],"NodoC-2":[{"ts":1791285052807,"values":{"temp":25.93,"rh":46.93,"pres":941.19,"gas":8524.24,"pm1":0.00,"pm25":0.00,"pm10":0.00,"co2":1094.00,"co":0.00,"coTemp":0.00,"windAngle":0.00,"windSpeed":0.00,"windValid":false,"rssi":-51,"snr":13,"chargePct":84,"capMv":3098,"alarmState":0}}]}
[   8.4s] [nbiot-mqtt] <- OK
[   8.4s] [nbiot-mqtt] <- +QMTPUB: 0,0,0
[   8.4s] [nbiot-mqtt] state PUBLISHING -> IDLE
[   8.7s] [nbiot-mqtt] -> AT+CSQ
[   8.7s] [nbiot-mqtt] <- +CSQ: 30,0
[   8.7s] [nbiot-mqtt] <- OK
[  19.8s] +RCV addr=1 len=71 rssi=-53 snr=13 data="26.40,51.74,941.35,16406.05,0.00,0.00,0.00,585.00,0.00,0.00,0.00,0.00,0"
[  22.0s] +RCV addr=1 len=33 rssi=-53 snr=13 data="STAT,19415,8,0,11100,65,3115,85,0"
[  22.0s]   node health: charge 85% (3115 mV at the sense pin)
[  38.5s] [nbiot-mqtt] -> AT+CSQ
[  38.5s] [nbiot-mqtt] <- +CSQ: 29,0
[  38.5s] [nbiot-mqtt] <- OK
[  39.4s] +RCV addr=4 len=114 rssi=-34 snr=12 data="B,2,25.9,47.7,941.1,5685,0.0,0.0,0.0,843,0.0,0.0,0,0.0,0,3;25.9,47.7,941.1,5685,0.0,0.0,0.0,843,0.0,0.0,0,0.0,0,0;"
[  39.4s]   batch of 2 reading(s)
[  51.2s] +RCV addr=3 len=71 rssi=-50 snr=13 data="25.89,46.98,941.22,8524.24,0.00,0.00,0.00,1094.00,0.00,0.00,0.00,0.00,0"
[  53.3s] +RCV addr=3 len=33 rssi=-56 snr=13 data="STAT,19271,8,0,11100,11,3093,83,0"
[  53.3s]   node health: charge 83% (3093 mV at the sense pin)
[  68.5s] [nbiot-mqtt] -> AT+CSQ
[  68.5s] [nbiot-mqtt] <- +CSQ: 29,0
[  68.5s] [nbiot-mqtt] <- OK
[  80.0s] [nbiot-mqtt] state IDLE -> PUBLISHING
[  80.0s] [nbiot-mqtt] -> AT+QMTPUB=0,0,0,0,"v1/gateway/telemetry"
[  80.0s] [nbiot-mqtt] payload (1123 bytes): {"NodoC-1":[{"ts":1791285092988,"values":{"temp":26.40,"rh":51.74,"pres":941.35,"gas":16406.05,"pm1":0.00,"pm25":0.00,"pm10":0.00,"co2":585.00,"co":0.00,"coTemp":0.00,"windAngle":0.00,"windSpeed":0.00,"windValid":false,"rssi":-53,"snr":13,"chargePct":85,"capMv":3115,"alarmState":0}}],"NodoC-3":[{"ts":1791285082453,"values":{"temp":25.90,"rh":47.70,"pres":941.10,"gas":5685.00,"pm1":0.00,"pm25":0.00,"pm10":0.00,"co2":843.00,"co":0.00,"coTemp":0.00,"windAngle":0.00,"windSpeed":0.00,"windValid":false,"rssi":-34,"snr":12,"chargePct":86,"capMv":3120,"alarmState":0}},{"ts":1791285112453,"values":{"temp":25.90,"rh":47.70,"pres":941.10,"gas":5685.00,"pm1":0.00,"pm25":0.00,"pm10":0.00,"co2":843.00,"co":0.00,"coTemp":0.00,"windAngle":0.00,"windSpeed":0.00,"windValid":false,"rssi":-34,"snr":12,"chargePct":86,"capMv":3120,"alarmState":0}}],"NodoC-2":[{"ts":1791285124403,"values":{"temp":25.89,"rh":46.98,"pres":941.22,"gas":8524.24,"pm1":0.00,"pm25":0.00,"pm10":0.00,"co2":1094.00,"co":0.00,"coTemp":0.00,"windAngle":0.00,"windSpeed":0.00,"windValid":false,"rssi":-50,"snr":13,"chargePct":84,"capMv":3098,"alarmState":0}}]}
[  80.0s] [nbiot-mqtt] <- OK
[  80.0s] [nbiot-mqtt] <- +QMTPUB: 0,0,0
[  80.0s] [nbiot-mqtt] state PUBLISHING -> IDLE
[  80.0s] [nbiot-mqtt] -> AT+CSQ
[  80.0s] [nbiot-mqtt] <- +CSQ: 29,0
[  80.0s] [nbiot-mqtt] <- OK
[  91.4s] +RCV addr=1 len=116 rssi=-49 snr=12 data="B,2,26.5,50.3,941.4,16406,0.0,0.0,0.0,585,0.0,0.0,0,0.0,0,3;26.5,50.2,941.3,16406,0.0,0.0,0.0,585,0.0,0.0,0,0.0,0,0;"
[  91.4s]   batch of 2 reading(s)
[  93.6s] +RCV addr=1 len=33 rssi=-50 snr=13 data="STAT,19419,8,0,11100,69,3115,85,0"
[  93.6s]   node health: charge 85% (3115 mV at the sense pin)
[ 109.7s] +RCV addr=4 len=70 rssi=-35 snr=12 data="25.86,47.71,941.08,5684.85,0.00,0.00,0.00,843.00,0.00,0.00,0.00,0.00,0"
[ 110.0s] [nbiot-mqtt] -> AT+CSQ
[ 110.0s] [nbiot-mqtt] <- +CSQ: 31,0
[ 110.0s] [nbiot-mqtt] <- OK
[ 111.9s] +RCV addr=4 len=32 rssi=-35 snr=12 data="STAT,4854,8,0,10100,85,3120,86,0"
[ 111.9s]   node health: charge 86% (3120 mV at the sense pin)
[ 121.5s] [nbiot-mqtt] state IDLE -> PUBLISHING
[ 121.5s] [nbiot-mqtt] -> AT+QMTPUB=0,0,0,0,"v1/gateway/telemetry"
[ 121.5s] [nbiot-mqtt] payload (840 bytes): {"NodoC-1":[{"ts":1791285134560,"values":{"temp":26.50,"rh":50.30,"pres":941.40,"gas":16406.00,"pm1":0.00,"pm25":0.00,"pm10":0.00,"co2":585.00,"co":0.00,"coTemp":0.00,"windAngle":0.00,"windSpeed":0.00,"windValid":false,"rssi":-49,"snr":12,"chargePct":85,"capMv":3115,"alarmState":0}},{"ts":1791285164560,"values":{"temp":26.50,"rh":50.20,"pres":941.30,"gas":16406.00,"pm1":0.00,"pm25":0.00,"pm10":0.00,"co2":585.00,"co":0.00,"coTemp":0.00,"windAngle":0.00,"windSpeed":0.00,"windValid":false,"rssi":-49,"snr":12,"chargePct":85,"capMv":3115,"alarmState":0}}],"NodoC-3":[{"ts":1791285182897,"values":{"temp":25.86,"rh":47.71,"pres":941.08,"gas":5684.85,"pm1":0.00,"pm25":0.00,"pm10":0.00,"co2":843.00,"co":0.00,"coTemp":0.00,"windAngle":0.00,"windSpeed":0.00,"windValid":false,"rssi":-35,"snr":12,"chargePct":86,"capMv":3120,"alarmState":0}}]}
[ 121.5s] [nbiot-mqtt] <- OK
[ 121.5s] [nbiot-mqtt] <- +QMTPUB: 0,0,0
[ 121.5s] [nbiot-mqtt] state PUBLISHING -> IDLE
[ 121.5s] [nbiot-mqtt] -> AT+CSQ
[ 121.5s] [nbiot-mqtt] <- +CSQ: 30,0
[ 121.5s] [nbiot-mqtt] <- OK
[ 122.8s] +RCV addr=3 len=116 rssi=-51 snr=12 data="B,2,25.9,47.1,941.2,8524,0.0,0.0,0.0,1094,0.0,0.0,0,0.0,0,3;25.8,47.2,941.1,8524,0.0,0.0,0.0,1094,0.0,0.0,0,0.0,0,0;"
[ 122.8s]   batch of 2 reading(s)
[ 124.9s] +RCV addr=3 len=33 rssi=-49 snr=13 data="STAT,19275,8,0,11100,15,3092,83,0"
[ 124.9s]   node health: charge 83% (3092 mV at the sense pin)
[ 151.6s] [nbiot-mqtt] -> AT+CSQ
[ 151.6s] [nbiot-mqtt] <- +CSQ: 30,0
[ 151.6s] [nbiot-mqtt] <- OK
[ 152.9s] [nbiot-mqtt] state IDLE -> PUBLISHING
[ 152.9s] [nbiot-mqtt] -> AT+QMTPUB=0,0,0,0,"v1/gateway/telemetry"
[ 152.9s] [nbiot-mqtt] payload (557 bytes): {"NodoC-2":[{"ts":1791285166069,"values":{"temp":25.90,"rh":47.10,"pres":941.20,"gas":8524.00,"pm1":0.00,"pm25":0.00,"pm10":0.00,"co2":1094.00,"co":0.00,"coTemp":0.00,"windAngle":0.00,"windSpeed":0.00,"windValid":false,"rssi":-51,"snr":12,"chargePct":83,"capMv":3093,"alarmState":0}},{"ts":1791285196069,"values":{"temp":25.80,"rh":47.20,"pres":941.10,"gas":8524.00,"pm1":0.00,"pm25":0.00,"pm10":0.00,"co2":1094.00,"co":0.00,"coTemp":0.00,"windAngle":0.00,"windSpeed":0.00,"windValid":false,"rssi":-51,"snr":12,"chargePct":83,"capMv":3093,"alarmState":0}}]}
[ 152.9s] [nbiot-mqtt] <- OK
[ 153.2s] [nbiot-mqtt] <- +QMTPUB: 0,0,0
[ 153.2s] [nbiot-mqtt] state PUBLISHING -> IDLE
[ 153.2s] [nbiot-mqtt] -> AT+CSQ
[ 153.2s] [nbiot-mqtt] <- +CSQ: 31,0
[ 153.2s] [nbiot-mqtt] <- OK
[ 162.8s] +RCV addr=1 len=71 rssi=-50 snr=13 data="26.53,50.11,941.34,16406.05,0.00,0.00,0.00,585.00,0.00,0.00,0.00,0.00,0"
[ 165.0s] +RCV addr=1 len=33 rssi=-51 snr=12 data="STAT,19423,8,0,11100,73,3115,85,0"
[ 165.0s]   node health: charge 85% (3115 mV at the sense pin)
[ 180.2s] +RCV addr=4 len=70 rssi=-35 snr=12 data="25.86,47.76,941.03,5684.85,0.00,0.00,0.00,843.00,0.00,0.00,0.00,0.00,0"
[ 183.0s] +RCV addr=4 len=32 rssi=-35 snr=12 data="STAT,4858,8,0,10100,89,3120,86,0"
[ 183.0s]   node health: charge 86% (3120 mV at the sense pin)
[ 183.0s] [nbiot-mqtt] -> AT+CSQ
[ 183.0s] [nbiot-mqtt] <- +CSQ: 31,0
[ 183.0s] [nbiot-mqtt] <- OK
[ 194.5s] +RCV addr=3 len=71 rssi=-47 snr=12 data="25.82,47.14,941.16,8524.24,0.00,0.00,0.00,1094.00,0.00,0.00,0.00,0.00,0"
[ 196.7s] +RCV addr=3 len=33 rssi=-46 snr=12 data="STAT,19279,8,0,11100,19,3090,83,0"
[ 196.7s]   node health: charge 83% (3090 mV at the sense pin)
[ 213.2s] [nbiot-mqtt] -> AT+CSQ
[ 213.2s] [nbiot-mqtt] <- +CSQ: 30,0
[ 213.2s] [nbiot-mqtt] <- OK
[ 222.8s] [nbiot-mqtt] state IDLE -> PUBLISHING
[ 222.8s] [nbiot-mqtt] -> AT+QMTPUB=0,0,0,0,"v1/gateway/telemetry"
[ 222.8s] [nbiot-mqtt] payload (852 bytes): {"NodoC-1":[{"ts":1791285236062,"values":{"temp":26.53,"rh":50.11,"pres":941.34,"gas":16406.05,"pm1":0.00,"pm25":0.00,"pm10":0.00,"co2":585.00,"co":0.00,"coTemp":0.00,"windAngle":0.00,"windSpeed":0.00,"windValid":false,"rssi":-50,"snr":13,"chargePct":85,"capMv":3115,"alarmState":0}}],"NodoC-3":[{"ts":1791285253346,"values":{"temp":25.86,"rh":47.76,"pres":941.03,"gas":5684.85,"pm1":0.00,"pm25":0.00,"pm10":0.00,"co2":843.00,"co":0.00,"coTemp":0.00,"windAngle":0.00,"windSpeed":0.00,"windValid":false,"rssi":-35,"snr":12,"chargePct":86,"capMv":3120,"alarmState":0}}],"NodoC-2":[{"ts":1791285267677,"values":{"temp":25.82,"rh":47.14,"pres":941.16,"gas":8524.24,"pm1":0.00,"pm25":0.00,"pm10":0.00,"co2":1094.00,"co":0.00,"coTemp":0.00,"windAngle":0.00,"windSpeed":0.00,"windValid":false,"rssi":-47,"snr":12,"chargePct":83,"capMv":3092,"alarmState":0}}]}
[ 223.1s] [nbiot-mqtt] <- OK
[ 223.1s] [nbiot-mqtt] <- +QMTPUB: 0,0,0
[ 223.1s] [nbiot-mqtt] state PUBLISHING -> IDLE
[ 223.1s] [nbiot-mqtt] -> AT+CSQ
[ 223.1s] [nbiot-mqtt] <- +CSQ: 30,0
[ 223.1s] [nbiot-mqtt] <- OK
[ 234.3s] +RCV addr=1 len=71 rssi=-48 snr=12 data="26.51,49.97,941.30,16406.05,0.00,0.00,0.00,585.00,0.00,0.00,0.00,0.00,0"
[ 236.4s] +RCV addr=1 len=33 rssi=-48 snr=13 data="STAT,19427,8,0,11100,77,3115,85,0"
[ 236.4s]   node health: charge 85% (3115 mV at the sense pin)
[ 253.2s] [nbiot-mqtt] -> AT+CSQ
[ 253.2s] [nbiot-mqtt] <- +CSQ: 31,0
[ 253.2s] [nbiot-mqtt] <- OK
[ 266.0s] +RCV addr=3 len=71 rssi=-50 snr=12 data="25.79,47.21,941.10,8524.24,0.00,0.00,0.00,1094.00,0.00,0.00,0.00,0.00,0"
[ 268.1s] +RCV addr=3 len=33 rssi=-50 snr=13 data="STAT,19283,8,0,11100,23,3086,83,0"
[ 268.1s]   node health: charge 83% (3086 mV at the sense pin)
[ 270.0s] +RCV addr=4 len=31 rssi=-35 snr=13 data="STAT,4862,8,0,10100,3,3120,86,0"
[ 270.0s]   node health: charge 86% (3120 mV at the sense pin)
[ 283.0s] [nbiot-mqtt] -> AT+CSQ
[ 283.0s] [nbiot-mqtt] <- +CSQ: 31,0
[ 283.0s] [nbiot-mqtt] <- OK
[ 294.5s] [nbiot-mqtt] state IDLE -> PUBLISHING
[ 294.5s] [nbiot-mqtt] -> AT+QMTPUB=0,0,0,0,"v1/gateway/telemetry"
[ 294.5s] [nbiot-mqtt] payload (569 bytes): {"NodoC-1":[{"ts":1791285307563,"values":{"temp":26.51,"rh":49.97,"pres":941.30,"gas":16406.05,"pm1":0.00,"pm25":0.00,"pm10":0.00,"co2":585.00,"co":0.00,"coTemp":0.00,"windAngle":0.00,"windSpeed":0.00,"windValid":false,"rssi":-48,"snr":12,"chargePct":85,"capMv":3115,"alarmState":0}}],"NodoC-2":[{"ts":1791285339280,"values":{"temp":25.79,"rh":47.21,"pres":941.10,"gas":8524.24,"pm1":0.00,"pm25":0.00,"pm10":0.00,"co2":1094.00,"co":0.00,"coTemp":0.00,"windAngle":0.00,"windSpeed":0.00,"windValid":false,"rssi":-50,"snr":12,"chargePct":83,"capMv":3090,"alarmState":0}}]}
[ 294.5s] [nbiot-mqtt] <- OK
[ 294.5s] [nbiot-mqtt] <- +QMTPUB: 0,0,0
[ 294.5s] [nbiot-mqtt] state PUBLISHING -> IDLE
[ 294.5s] [nbiot-mqtt] -> AT+CSQ
[ 294.5s] [nbiot-mqtt] <- +CSQ: 31,0
[ 294.5s] [nbiot-mqtt] <- OK
[ 305.9s] +RCV addr=1 len=116 rssi=-47 snr=12 data="B,2,26.5,50.0,941.3,16406,0.0,0.0,0.0,585,0.0,0.0,0,0.0,0,3;26.5,49.9,941.3,16406,0.0,0.0,0.0,585,0.0,0.0,0,0.0,0,0;"
[ 305.9s]   batch of 2 reading(s)
[ 308.1s] +RCV addr=1 len=33 rssi=-47 snr=12 data="STAT,19431,8,0,11100,81,3115,85,0"
[ 308.1s]   node health: charge 85% (3115 mV at the sense pin)
[ 324.6s] [nbiot-mqtt] -> AT+CSQ
[ 324.6s] [nbiot-mqtt] <- +CSQ: 29,0
[ 324.6s] [nbiot-mqtt] <- OK
[ 335.9s] [nbiot-mqtt] state IDLE -> PUBLISHING
[ 335.9s] [nbiot-mqtt] -> AT+QMTPUB=0,0,0,0,"v1/gateway/telemetry"
[ 335.9s] [nbiot-mqtt] payload (557 bytes): {"NodoC-1":[{"ts":1791285349139,"values":{"temp":26.50,"rh":50.00,"pres":941.30,"gas":16406.00,"pm1":0.00,"pm25":0.00,"pm10":0.00,"co2":585.00,"co":0.00,"coTemp":0.00,"windAngle":0.00,"windSpeed":0.00,"windValid":false,"rssi":-47,"snr":12,"chargePct":85,"capMv":3115,"alarmState":0}},{"ts":1791285379140,"values":{"temp":26.50,"rh":49.90,"pres":941.30,"gas":16406.00,"pm1":0.00,"pm25":0.00,"pm10":0.00,"co2":585.00,"co":0.00,"coTemp":0.00,"windAngle":0.00,"windSpeed":0.00,"windValid":false,"rssi":-47,"snr":12,"chargePct":85,"capMv":3115,"alarmState":0}}]}
[ 336.2s] [nbiot-mqtt] <- OK
[ 336.2s] [nbiot-mqtt] <- +QMTPUB: 0,0,0
[ 336.2s] [nbiot-mqtt] state PUBLISHING -> IDLE
[ 336.2s] [nbiot-mqtt] -> AT+CSQ
[ 336.2s] [nbiot-mqtt] <- +CSQ: 29,0
[ 336.2s] [nbiot-mqtt] <- OK
[ 337.8s] +RCV addr=3 len=116 rssi=-49 snr=12 data="B,2,25.8,47.3,941.0,8524,0.0,0.0,0.0,1094,0.0,0.0,0,0.0,0,3;25.8,47.3,941.1,8524,0.0,0.0,0.0,1094,0.0,0.0,0,0.0,0,0;"
[ 337.8s]   batch of 2 reading(s)
[ 338.4s] +RCV addr=4 len=70 rssi=-35 snr=12 data="25.88,47.73,941.04,5684.85,0.00,0.00,0.00,884.00,0.00,0.00,0.00,0.00,0"
[ 339.9s] +RCV addr=3 len=33 rssi=-49 snr=13 data="STAT,19287,8,0,11100,27,3086,83,0"
[ 339.9s]   node health: charge 83% (3086 mV at the sense pin)
[ 340.6s] +RCV addr=4 len=31 rssi=-34 snr=12 data="STAT,4866,8,0,10100,7,3120,86,0"
[ 340.6s]   node health: charge 86% (3120 mV at the sense pin)
[ 366.1s] [nbiot-mqtt] -> AT+CSQ
[ 366.1s] [nbiot-mqtt] <- +CSQ: 31,0
[ 366.1s] [nbiot-mqtt] <- OK
[ 367.7s] [nbiot-mqtt] state IDLE -> PUBLISHING
[ 367.7s] [nbiot-mqtt] -> AT+QMTPUB=0,0,0,0,"v1/gateway/telemetry"
[ 367.7s] [nbiot-mqtt] payload (840 bytes): {"NodoC-2":[{"ts":1791285380960,"values":{"temp":25.80,"rh":47.30,"pres":941.00,"gas":8524.00,"pm1":0.00,"pm25":0.00,"pm10":0.00,"co2":1094.00,"co":0.00,"coTemp":0.00,"windAngle":0.00,"windSpeed":0.00,"windValid":false,"rssi":-49,"snr":12,"chargePct":83,"capMv":3086,"alarmState":0}},{"ts":1791285410960,"values":{"temp":25.80,"rh":47.30,"pres":941.10,"gas":8524.00,"pm1":0.00,"pm25":0.00,"pm10":0.00,"co2":1094.00,"co":0.00,"coTemp":0.00,"windAngle":0.00,"windSpeed":0.00,"windValid":false,"rssi":-49,"snr":12,"chargePct":83,"capMv":3086,"alarmState":0}}],"NodoC-3":[{"ts":1791285411606,"values":{"temp":25.88,"rh":47.73,"pres":941.04,"gas":5684.85,"pm1":0.00,"pm25":0.00,"pm10":0.00,"co2":884.00,"co":0.00,"coTemp":0.00,"windAngle":0.00,"windSpeed":0.00,"windValid":false,"rssi":-35,"snr":12,"chargePct":86,"capMv":3120,"alarmState":0}}]}
[ 368.0s] [nbiot-mqtt] <- OK
[ 368.0s] [nbiot-mqtt] <- +QMTPUB: 0,0,0
[ 368.0s] [nbiot-mqtt] state PUBLISHING -> IDLE
[ 368.0s] [nbiot-mqtt] -> AT+CSQ
[ 368.0s] [nbiot-mqtt] <- +CSQ: 31,0
[ 368.0s] [nbiot-mqtt] <- OK
[ 377.3s] +RCV addr=1 len=71 rssi=-48 snr=12 data="26.54,49.94,941.24,16406.05,0.00,0.00,0.00,585.00,0.00,0.00,0.00,0.00,0"
[ 379.5s] +RCV addr=1 len=33 rssi=-48 snr=12 data="STAT,19435,8,0,11100,85,3115,85,0"
[ 379.5s]   node health: charge 85% (3115 mV at the sense pin)
[ 397.9s] [nbiot-mqtt] -> AT+CSQ
[ 397.9s] [nbiot-mqtt] <- +CSQ: 31,0
[ 397.9s] [nbiot-mqtt] <- OK
[ 408.9s] +RCV addr=4 len=70 rssi=-35 snr=12 data="25.88,47.72,940.98,5684.85,0.00,0.00,0.00,884.00,0.00,0.00,0.00,0.00,0"
[ 409.5s] +RCV addr=3 len=71 rssi=-49 snr=13 data="25.76,47.43,941.05,8524.24,0.00,0.00,0.00,1094.00,0.00,0.00,0.00,0.00,0"
[ 411.0s] +RCV addr=4 len=32 rssi=-34 snr=12 data="STAT,4870,8,0,10100,11,3120,86,0"
[ 411.0s]   node health: charge 86% (3120 mV at the sense pin)
[ 411.3s] +RCV addr=3 len=33 rssi=-48 snr=13 data="STAT,19291,8,0,11100,31,3083,83,0"
[ 411.3s]   node health: charge 83% (3083 mV at the sense pin)
[ 427.9s] [nbiot-mqtt] -> AT+CSQ
[ 428.2s] [nbiot-mqtt] <- +CSQ: 31,0
[ 428.2s] [nbiot-mqtt] <- OK
[ 437.5s] [nbiot-mqtt] state IDLE -> PUBLISHING
[ 437.5s] [nbiot-mqtt] -> AT+QMTPUB=0,0,0,0,"v1/gateway/telemetry"
[ 437.5s] [nbiot-mqtt] payload (852 bytes): {"NodoC-1":[{"ts":1791285450644,"values":{"temp":26.54,"rh":49.94,"pres":941.24,"gas":16406.05,"pm1":0.00,"pm25":0.00,"pm10":0.00,"co2":585.00,"co":0.00,"coTemp":0.00,"windAngle":0.00,"windSpeed":0.00,"windValid":false,"rssi":-48,"snr":12,"chargePct":85,"capMv":3115,"alarmState":0}}],"NodoC-3":[{"ts":1791285482044,"values":{"temp":25.88,"rh":47.72,"pres":940.98,"gas":5684.85,"pm1":0.00,"pm25":0.00,"pm10":0.00,"co2":884.00,"co":0.00,"coTemp":0.00,"windAngle":0.00,"windSpeed":0.00,"windValid":false,"rssi":-35,"snr":12,"chargePct":86,"capMv":3120,"alarmState":0}}],"NodoC-2":[{"ts":1791285482560,"values":{"temp":25.76,"rh":47.43,"pres":941.05,"gas":8524.24,"pm1":0.00,"pm25":0.00,"pm10":0.00,"co2":1094.00,"co":0.00,"coTemp":0.00,"windAngle":0.00,"windSpeed":0.00,"windValid":false,"rssi":-49,"snr":13,"chargePct":83,"capMv":3086,"alarmState":0}}]}
[ 437.5s] [nbiot-mqtt] <- OK
[ 437.9s] [nbiot-mqtt] <- +QMTPUB: 0,0,0
[ 437.9s] [nbiot-mqtt] state PUBLISHING -> IDLE
[ 437.9s] [nbiot-mqtt] -> AT+CSQ
[ 437.9s] [nbiot-mqtt] <- +CSQ: 31,0
[ 437.9s] [nbiot-mqtt] <- OK
[ 449.1s] +RCV addr=1 len=71 rssi=-50 snr=12 data="26.59,49.97,941.26,16406.05,0.00,0.00,0.00,585.00,0.00,0.00,0.00,0.00,0"
[ 450.9s] +RCV addr=1 len=33 rssi=-52 snr=13 data="STAT,19439,8,0,11100,89,3115,85,0"
[ 450.9s]   node health: charge 85% (3115 mV at the sense pin)
[ 467.7s] [nbiot-mqtt] -> AT+CSQ
[ 467.7s] [nbiot-mqtt] <- +CSQ: 31,0
[ 467.7s] [nbiot-mqtt] <- OK
[ 479.2s] +RCV addr=4 len=114 rssi=-35 snr=12 data="B,2,25.9,47.7,941.0,5685,0.0,0.0,0.0,884,0.0,0.0,0,0.0,0,3;25.9,47.7,940.9,5685,0.0,0.0,0.0,884,0.0,0.0,0,0.0,0,0;"
[ 479.2s]   batch of 2 reading(s)
[ 481.1s] +RCV addr=3 len=71 rssi=-60 snr=12 data="25.79,47.28,941.01,8524.24,0.00,0.00,0.00,1094.00,0.00,0.00,0.00,0.00,0"
[ 483.0s] +RCV addr=3 len=33 rssi=-52 snr=13 data="STAT,19295,8,0,11100,35,3080,82,0"
[ 483.0s]   node health: charge 82% (3080 mV at the sense pin)
[ 497.6s] [nbiot-mqtt] -> AT+CSQ
[ 497.6s] [nbiot-mqtt] <- +CSQ: 31,0
[ 497.6s] [nbiot-mqtt] <- OK
[ 509.1s] [nbiot-mqtt] state IDLE -> PUBLISHING
[ 509.1s] [nbiot-mqtt] -> AT+QMTPUB=0,0,0,0,"v1/gateway/telemetry"
[ 509.1s] [nbiot-mqtt] payload (1123 bytes): {"NodoC-1":[{"ts":1791285522148,"values":{"temp":26.59,"rh":49.97,"pres":941.26,"gas":16406.05,"pm1":0.00,"pm25":0.00,"pm10":0.00,"co2":585.00,"co":0.00,"coTemp":0.00,"windAngle":0.00,"windSpeed":0.00,"windValid":false,"rssi":-50,"snr":12,"chargePct":85,"capMv":3115,"alarmState":0}}],"NodoC-3":[{"ts":1791285522567,"values":{"temp":25.90,"rh":47.70,"pres":941.00,"gas":5685.00,"pm1":0.00,"pm25":0.00,"pm10":0.00,"co2":884.00,"co":0.00,"coTemp":0.00,"windAngle":0.00,"windSpeed":0.00,"windValid":false,"rssi":-35,"snr":12,"chargePct":86,"capMv":3120,"alarmState":0}},{"ts":1791285552567,"values":{"temp":25.90,"rh":47.70,"pres":940.90,"gas":5685.00,"pm1":0.00,"pm25":0.00,"pm10":0.00,"co2":884.00,"co":0.00,"coTemp":0.00,"windAngle":0.00,"windSpeed":0.00,"windValid":false,"rssi":-35,"snr":12,"chargePct":86,"capMv":3120,"alarmState":0}}],"NodoC-2":[{"ts":1791285554178,"values":{"temp":25.79,"rh":47.28,"pres":941.01,"gas":8524.24,"pm1":0.00,"pm25":0.00,"pm10":0.00,"co2":1094.00,"co":0.00,"coTemp":0.00,"windAngle":0.00,"windSpeed":0.00,"windValid":false,"rssi":-60,"snr":12,"chargePct":83,"capMv":3083,"alarmState":0}}]}
[ 509.1s] [nbiot-mqtt] <- OK
[ 509.1s] [nbiot-mqtt] <- +QMTPUB: 0,0,0
[ 509.1s] [nbiot-mqtt] state PUBLISHING -> IDLE
[ 509.1s] [nbiot-mqtt] -> AT+CSQ
[ 509.1s] [nbiot-mqtt] <- +CSQ: 31,0
[ 509.1s] [nbiot-mqtt] <- OK
[ 539.3s] [nbiot-mqtt] -> AT+CSQ
[ 539.3s] [nbiot-mqtt] <- +CSQ: 29,0
[ 539.3s] [nbiot-mqtt] <- OK
[ 539.9s] +RCV addr=1 len=118 rssi=-49 snr=13 data="B,2,26.7,49.9,941.2,11791,0.0,0.0,0.0,1055,0.0,0.0,0,0.0,0,3;26.6,49.7,941.2,11791,0.0,0.0,0.0,1055,0.0,0.0,0,0.0,0,0;"
[ 539.9s]   batch of 2 reading(s)
[ 542.0s] +RCV addr=1 len=32 rssi=-49 snr=13 data="STAT,19443,8,0,11100,3,3115,85,0"
[ 542.0s]   node health: charge 85% (3115 mV at the sense pin)
[ 549.8s] +RCV addr=4 len=70 rssi=-38 snr=12 data="25.89,47.74,940.87,5684.85,0.00,0.00,0.00,884.00,0.00,0.00,0.00,0.00,0"
[ 552.0s] +RCV addr=4 len=32 rssi=-36 snr=12 data="STAT,4878,8,0,10100,19,3120,86,0"
[ 552.0s]   node health: charge 86% (3120 mV at the sense pin)
[ 552.6s] +RCV addr=3 len=116 rssi=-61 snr=12 data="B,2,25.8,47.3,941.0,8524,0.0,0.0,0.0,1094,0.0,0.0,0,0.0,0,3;25.8,47.3,941.0,8524,0.0,0.0,0.0,1094,0.0,0.0,0,0.0,0,0;"
[ 552.6s]   batch of 2 reading(s)
[ 554.7s] +RCV addr=3 len=33 rssi=-59 snr=13 data="STAT,19299,8,0,11100,39,3077,82,0"
[ 554.7s]   node health: charge 82% (3077 mV at the sense pin)
[ 569.4s] [nbiot-mqtt] -> AT+CSQ
[ 569.4s] [nbiot-mqtt] <- +CSQ: 29,0
[ 569.4s] [nbiot-mqtt] <- OK
[ 570.0s] [nbiot-mqtt] state IDLE -> PUBLISHING
[ 570.0s] [nbiot-mqtt] -> AT+QMTPUB=0,0,0,0,"v1/gateway/telemetry"
[ 570.0s] [nbiot-mqtt] payload (1126 bytes): {"NodoC-1":[{"ts":1791285583184,"values":{"temp":26.70,"rh":49.90,"pres":941.20,"gas":11791.00,"pm1":0.00,"pm25":0.00,"pm10":0.00,"co2":1055.00,"co":0.00,"coTemp":0.00,"windAngle":0.00,"windSpeed":0.00,"windValid":false,"rssi":-49,"snr":13,"chargePct":85,"capMv":3115,"alarmState":0}},{"ts":1791285613184,"values":{"temp":26.60,"rh":49.70,"pres":941.20,"gas":11791.00,"pm1":0.00,"pm25":0.00,"pm10":0.00,"co2":1055.00,"co":0.00,"coTemp":0.00,"windAngle":0.00,"windSpeed":0.00,"windValid":false,"rssi":-49,"snr":13,"chargePct":85,"capMv":3115,"alarmState":0}}],"NodoC-3":[{"ts":1791285623008,"values":{"temp":25.89,"rh":47.74,"pres":940.87,"gas":5684.85,"pm1":0.00,"pm25":0.00,"pm10":0.00,"co2":884.00,"co":0.00,"coTemp":0.00,"windAngle":0.00,"windSpeed":0.00,"windValid":false,"rssi":-38,"snr":12,"chargePct":86,"capMv":3120,"alarmState":0}}],"NodoC-2":[{"ts":1791285595829,"values":{"temp":25.80,"rh":47.30,"pres":941.00,"gas":8524.00,"pm1":0.00,"pm25":0.00,"pm10":0.00,"co2":1094.00,"co":0.00,"coTemp":0.00,"windAngle":0.00,"windSpeed":0.00,"windValid":false,"rssi":-61,"snr":12,"chargePct":82,"capMv":3080,"alarmState":0}}]}
[ 570.0s] [nbiot-mqtt] <- OK
[ 570.3s] [nbiot-mqtt] <- +QMTPUB: 0,0,0
[ 570.3s] [nbiot-mqtt] -> AT+QMTPUB=0,0,0,0,"v1/gateway/telemetry"
[ 570.3s] [nbiot-mqtt] payload (285 bytes): {"NodoC-2":[{"ts":1791285625829,"values":{"temp":25.80,"rh":47.30,"pres":941.00,"gas":8524.00,"pm1":0.00,"pm25":0.00,"pm10":0.00,"co2":1094.00,"co":0.00,"coTemp":0.00,"windAngle":0.00,"windSpeed":0.00,"windValid":false,"rssi":-61,"snr":12,"chargePct":82,"capMv":3080,"alarmState":0}}]}
[ 570.3s] [nbiot-mqtt] <- OK
[ 570.3s] [nbiot-mqtt] <- +QMTPUB: 0,0,0
[ 570.3s] [nbiot-mqtt] state PUBLISHING -> IDLE
[ 570.3s] [nbiot-mqtt] -> AT+CSQ
[ 570.3s] [nbiot-mqtt] <- +CSQ: 29,0
[ 570.3s] [nbiot-mqtt] <- OK
[ 600.5s] [nbiot-mqtt] -> AT+CSQ
[ 600.5s] [nbiot-mqtt] <- +CSQ: 29,0
[ 600.5s] [nbiot-mqtt] <- OK
[ 611.4s] +RCV addr=1 len=72 rssi=-53 snr=13 data="26.55,49.78,941.17,11790.71,0.00,0.00,0.00,1055.00,0.00,0.00,0.00,0.00,0"
[ 620.1s] +RCV addr=1 len=32 rssi=-49 snr=12 data="STAT,19447,8,0,11100,7,3115,85,0"
[ 620.1s]   node health: charge 85% (3115 mV at the sense pin)
[ 620.1s] +RCV addr=4 len=70 rssi=-36 snr=12 data="25.88,47.83,940.88,5684.85,0.00,0.00,0.00,884.00,0.00,0.00,0.00,0.00,0"
[ 624.2s] +RCV addr=4 len=32 rssi=-36 snr=12 data="STAT,4882,8,0,10100,23,3120,86,0"
[ 624.2s]   node health: charge 86% (3120 mV at the sense pin)
[ 624.2s] +RCV addr=3 len=71 rssi=-70 snr=12 data="25.79,47.35,941.00,8524.24,0.00,0.00,0.00,1094.00,0.00,0.00,0.00,0.00,0"
[ 630.4s] [nbiot-mqtt] -> AT+CSQ
[ 630.4s] [nbiot-mqtt] <- +CSQ: 31,0
[ 630.4s] [nbiot-mqtt] <- OK
[ 660.6s] [nbiot-mqtt] -> AT+CSQ
[ 660.6s] [nbiot-mqtt] <- +CSQ: 31,0
[ 660.6s] [nbiot-mqtt] <- OK
[ 671.5s] [nbiot-mqtt] state IDLE -> PUBLISHING
[ 671.5s] [nbiot-mqtt] -> AT+QMTPUB=0,0,0,0,"v1/gateway/telemetry"
[ 671.5s] [nbiot-mqtt] payload (853 bytes): {"NodoC-1":[{"ts":1791285684686,"values":{"temp":26.55,"rh":49.78,"pres":941.17,"gas":11790.71,"pm1":0.00,"pm25":0.00,"pm10":0.00,"co2":1055.00,"co":0.00,"coTemp":0.00,"windAngle":0.00,"windSpeed":0.00,"windValid":false,"rssi":-53,"snr":13,"chargePct":85,"capMv":3115,"alarmState":0}}],"NodoC-3":[{"ts":1791285693449,"values":{"temp":25.88,"rh":47.83,"pres":940.88,"gas":5684.85,"pm1":0.00,"pm25":0.00,"pm10":0.00,"co2":884.00,"co":0.00,"coTemp":0.00,"windAngle":0.00,"windSpeed":0.00,"windValid":false,"rssi":-36,"snr":12,"chargePct":86,"capMv":3120,"alarmState":0}}],"NodoC-2":[{"ts":1791285697436,"values":{"temp":25.79,"rh":47.35,"pres":941.00,"gas":8524.24,"pm1":0.00,"pm25":0.00,"pm10":0.00,"co2":1094.00,"co":0.00,"coTemp":0.00,"windAngle":0.00,"windSpeed":0.00,"windValid":false,"rssi":-70,"snr":12,"chargePct":82,"capMv":3077,"alarmState":0}}]}
[ 671.5s] [nbiot-mqtt] <- OK
[ 671.8s] [nbiot-mqtt] <- +QMTPUB: 0,0,0
[ 671.8s] [nbiot-mqtt] state PUBLISHING -> IDLE
[ 671.8s] [nbiot-mqtt] -> AT+CSQ
[ 671.8s] [nbiot-mqtt] <- +CSQ: 31,0
[ 671.8s] [nbiot-mqtt] <- OK
[ 682.9s] +RCV addr=1 len=72 rssi=-47 snr=13 data="26.52,49.99,941.15,11790.71,0.00,0.00,0.00,1055.00,0.00,0.00,0.00,0.00,0"
[ 685.1s] +RCV addr=1 len=33 rssi=-46 snr=13 data="STAT,19451,8,0,11100,11,3115,85,0"
[ 685.1s]   node health: charge 85% (3115 mV at the sense pin)
[ 690.7s] +RCV addr=4 len=114 rssi=-35 snr=12 data="B,2,25.9,47.9,940.9,5685,0.0,0.0,0.0,884,0.0,0.0,0,0.0,0,3;25.9,47.9,940.9,5685,0.0,0.0,0.0,884,0.0,0.0,0,0.0,0,0;"
[ 690.7s]   batch of 2 reading(s)
[ 692.9s] +RCV addr=4 len=32 rssi=-35 snr=12 data="STAT,4886,8,0,10100,27,3120,86,0"
[ 692.9s]   node health: charge 86% (3120 mV at the sense pin)
[ 696.0s] +RCV addr=3 len=71 rssi=-59 snr=13 data="25.78,47.35,940.97,8524.24,0.00,0.00,0.00,1094.00,0.00,0.00,0.00,0.00,0"
[ 698.1s] +RCV addr=3 len=33 rssi=-62 snr=12 data="STAT,19307,8,0,11100,47,3074,82,0"
[ 698.1s]   node health: charge 82% (3074 mV at the sense pin)
[ 701.9s] [nbiot-mqtt] -> AT+CSQ
[ 701.9s] [nbiot-mqtt] <- +CSQ: 30,0
[ 701.9s] [nbiot-mqtt] <- OK
[ 731.7s] [nbiot-mqtt] -> AT+CSQ
[ 731.7s] [nbiot-mqtt] <- +CSQ: 30,0
[ 731.7s] [nbiot-mqtt] <- OK
[ 742.9s] [nbiot-mqtt] state IDLE -> PUBLISHING
[ 742.9s] [nbiot-mqtt] -> AT+QMTPUB=0,0,0,0,"v1/gateway/telemetry"
[ 742.9s] [nbiot-mqtt] payload (1124 bytes): {"NodoC-1":[{"ts":1791285756188,"values":{"temp":26.52,"rh":49.99,"pres":941.15,"gas":11790.71,"pm1":0.00,"pm25":0.00,"pm10":0.00,"co2":1055.00,"co":0.00,"coTemp":0.00,"windAngle":0.00,"windSpeed":0.00,"windValid":false,"rssi":-47,"snr":13,"chargePct":85,"capMv":3115,"alarmState":0}}],"NodoC-3":[{"ts":1791285733957,"values":{"temp":25.90,"rh":47.90,"pres":940.90,"gas":5685.00,"pm1":0.00,"pm25":0.00,"pm10":0.00,"co2":884.00,"co":0.00,"coTemp":0.00,"windAngle":0.00,"windSpeed":0.00,"windValid":false,"rssi":-35,"snr":12,"chargePct":86,"capMv":3120,"alarmState":0}},{"ts":1791285763957,"values":{"temp":25.90,"rh":47.90,"pres":940.90,"gas":5685.00,"pm1":0.00,"pm25":0.00,"pm10":0.00,"co2":884.00,"co":0.00,"coTemp":0.00,"windAngle":0.00,"windSpeed":0.00,"windValid":false,"rssi":-35,"snr":12,"chargePct":86,"capMv":3120,"alarmState":0}}],"NodoC-2":[{"ts":1791285769044,"values":{"temp":25.78,"rh":47.35,"pres":940.97,"gas":8524.24,"pm1":0.00,"pm25":0.00,"pm10":0.00,"co2":1094.00,"co":0.00,"coTemp":0.00,"windAngle":0.00,"windSpeed":0.00,"windValid":false,"rssi":-59,"snr":13,"chargePct":82,"capMv":3077,"alarmState":0}}]}
[ 743.2s] [nbiot-mqtt] <- OK
[ 743.2s] [nbiot-mqtt] <- +QMTPUB: 0,0,0
[ 743.2s] [nbiot-mqtt] state PUBLISHING -> IDLE
[ 743.2s] [nbiot-mqtt] -> AT+CSQ
[ 743.2s] [nbiot-mqtt] <- +CSQ: 30,0
[ 743.2s] [nbiot-mqtt] <- OK
[ 754.7s] +RCV addr=1 len=118 rssi=-49 snr=13 data="B,2,26.5,50.0,941.1,11791,0.0,0.0,0.0,1055,0.0,0.0,0,0.0,0,3;26.5,50.1,941.2,11791,0.0,0.0,0.0,1055,0.0,0.0,0,0.0,0,0;"
[ 754.7s]   batch of 2 reading(s)
[ 756.6s] +RCV addr=1 len=33 rssi=-50 snr=12 data="STAT,19455,8,0,11100,15,3115,85,0"
[ 756.6s]   node health: charge 85% (3115 mV at the sense pin)
[ 761.2s] +RCV addr=4 len=70 rssi=-37 snr=13 data="25.90,47.97,940.85,5684.85,0.00,0.00,0.00,884.00,0.00,0.00,0.00,0.00,0"
[ 763.4s] +RCV addr=4 len=32 rssi=-35 snr=12 data="STAT,4890,8,0,10100,31,3120,86,0"
[ 763.4s]   node health: charge 86% (3120 mV at the sense pin)
[ 767.5s] +RCV addr=3 len=116 rssi=-60 snr=12 data="B,2,25.8,47.3,941.0,8524,0.0,0.0,0.0,1094,0.0,0.0,0,0.0,0,3;25.8,47.4,941.0,8524,0.0,0.0,0.0,1094,0.0,0.0,0,0.0,0,0;"
[ 767.5s]   batch of 2 reading(s)
[ 769.6s] +RCV addr=3 len=33 rssi=-58 snr=12 data="STAT,19311,8,0,11100,51,3071,81,0"
[ 769.6s]   node health: charge 81% (3071 mV at the sense pin)
[ 773.4s] [nbiot-mqtt] -> AT+CSQ
[ 773.4s] [nbiot-mqtt] <- +CSQ: 31,0
[ 773.4s] [nbiot-mqtt] <- OK
[ 784.6s] [nbiot-mqtt] state IDLE -> PUBLISHING
[ 784.6s] [nbiot-mqtt] -> AT+QMTPUB=0,0,0,0,"v1/gateway/telemetry"
[ 784.6s] [nbiot-mqtt] payload (1126 bytes): {"NodoC-1":[{"ts":1791285797771,"values":{"temp":26.50,"rh":50.00,"pres":941.10,"gas":11791.00,"pm1":0.00,"pm25":0.00,"pm10":0.00,"co2":1055.00,"co":0.00,"coTemp":0.00,"windAngle":0.00,"windSpeed":0.00,"windValid":false,"rssi":-49,"snr":13,"chargePct":85,"capMv":3115,"alarmState":0}},{"ts":1791285827771,"values":{"temp":26.50,"rh":50.10,"pres":941.20,"gas":11791.00,"pm1":0.00,"pm25":0.00,"pm10":0.00,"co2":1055.00,"co":0.00,"coTemp":0.00,"windAngle":0.00,"windSpeed":0.00,"windValid":false,"rssi":-49,"snr":13,"chargePct":85,"capMv":3115,"alarmState":0}}],"NodoC-3":[{"ts":1791285834404,"values":{"temp":25.90,"rh":47.97,"pres":940.85,"gas":5684.85,"pm1":0.00,"pm25":0.00,"pm10":0.00,"co2":884.00,"co":0.00,"coTemp":0.00,"windAngle":0.00,"windSpeed":0.00,"windValid":false,"rssi":-37,"snr":13,"chargePct":86,"capMv":3120,"alarmState":0}}],"NodoC-2":[{"ts":1791285810718,"values":{"temp":25.80,"rh":47.30,"pres":941.00,"gas":8524.00,"pm1":0.00,"pm25":0.00,"pm10":0.00,"co2":1094.00,"co":0.00,"coTemp":0.00,"windAngle":0.00,"windSpeed":0.00,"windValid":false,"rssi":-60,"snr":12,"chargePct":82,"capMv":3074,"alarmState":0}}]}
[ 784.6s] [nbiot-mqtt] <- OK
[ 784.9s] [nbiot-mqtt] <- +QMTPUB: 0,0,0
[ 784.9s] [nbiot-mqtt] -> AT+QMTPUB=0,0,0,0,"v1/gateway/telemetry"
[ 784.9s] [nbiot-mqtt] payload (285 bytes): {"NodoC-2":[{"ts":1791285840718,"values":{"temp":25.80,"rh":47.40,"pres":941.00,"gas":8524.00,"pm1":0.00,"pm25":0.00,"pm10":0.00,"co2":1094.00,"co":0.00,"coTemp":0.00,"windAngle":0.00,"windSpeed":0.00,"windValid":false,"rssi":-60,"snr":12,"chargePct":82,"capMv":3074,"alarmState":0}}]}
[ 784.9s] [nbiot-mqtt] <- OK
[ 784.9s] [nbiot-mqtt] <- +QMTPUB: 0,0,0
[ 784.9s] [nbiot-mqtt] state PUBLISHING -> IDLE
[ 784.9s] [nbiot-mqtt] -> AT+CSQ
[ 784.9s] [nbiot-mqtt] <- +CSQ: 31,0
[ 784.9s] [nbiot-mqtt] <- OK
[ 815.1s] [nbiot-mqtt] -> AT+CSQ
[ 815.1s] [nbiot-mqtt] <- +CSQ: 31,0
[ 815.1s] [nbiot-mqtt] <- OK
[ 826.0s] +RCV addr=1 len=72 rssi=-64 snr=12 data="26.44,50.21,941.17,11790.71,0.00,0.00,0.00,1055.00,0.00,0.00,0.00,0.00,0"
[ 828.2s] +RCV addr=1 len=33 rssi=-69 snr=12 data="STAT,19459,8,0,11100,19,3115,85,0"
[ 828.2s]   node health: charge 85% (3115 mV at the sense pin)
[ 831.6s] +RCV addr=4 len=70 rssi=-34 snr=13 data="25.93,47.95,940.88,5684.85,0.00,0.00,0.00,884.00,0.00,0.00,0.00,0.00,0"
[ 833.8s] +RCV addr=4 len=32 rssi=-35 snr=12 data="STAT,4894,8,0,10100,35,3120,86,0"
[ 833.8s]   node health: charge 86% (3120 mV at the sense pin)
[ 839.1s] +RCV addr=3 len=71 rssi=-59 snr=13 data="25.76,47.47,940.96,8524.24,0.00,0.00,0.00,1094.00,0.00,0.00,0.00,0.00,0"
[ 841.3s] +RCV addr=3 len=33 rssi=-57 snr=13 data="STAT,19315,8,0,11100,55,3069,81,0"
[ 841.3s]   node health: charge 81% (3069 mV at the sense pin)
[ 845.0s] [nbiot-mqtt] -> AT+CSQ
[ 845.0s] [nbiot-mqtt] <- +CSQ: 31,0
[ 845.0s] [nbiot-mqtt] <- OK
[ 875.1s] [nbiot-mqtt] -> AT+CSQ
[ 875.1s] [nbiot-mqtt] <- +CSQ: 31,0
[ 875.1s] [nbiot-mqtt] <- OK
[ 886.0s] [nbiot-mqtt] state IDLE -> PUBLISHING
[ 886.0s] [nbiot-mqtt] -> AT+QMTPUB=0,0,0,0,"v1/gateway/telemetry"
[ 886.0s] [nbiot-mqtt] payload (853 bytes): {"NodoC-1":[{"ts":1791285899269,"values":{"temp":26.44,"rh":50.21,"pres":941.17,"gas":11790.71,"pm1":0.00,"pm25":0.00,"pm10":0.00,"co2":1055.00,"co":0.00,"coTemp":0.00,"windAngle":0.00,"windSpeed":0.00,"windValid":false,"rssi":-64,"snr":12,"chargePct":85,"capMv":3115,"alarmState":0}}],"NodoC-3":[{"ts":1791285904851,"values":{"temp":25.93,"rh":47.95,"pres":940.88,"gas":5684.85,"pm1":0.00,"pm25":0.00,"pm10":0.00,"co2":884.00,"co":0.00,"coTemp":0.00,"windAngle":0.00,"windSpeed":0.00,"windValid":false,"rssi":-34,"snr":13,"chargePct":86,"capMv":3120,"alarmState":0}}],"NodoC-2":[{"ts":1791285912326,"values":{"temp":25.76,"rh":47.47,"pres":940.96,"gas":8524.24,"pm1":0.00,"pm25":0.00,"pm10":0.00,"co2":1094.00,"co":0.00,"coTemp":0.00,"windAngle":0.00,"windSpeed":0.00,"windValid":false,"rssi":-59,"snr":13,"chargePct":81,"capMv":3071,"alarmState":0}}]}
[ 886.3s] [nbiot-mqtt] <- OK
[ 886.3s] [nbiot-mqtt] <- +QMTPUB: 0,0,0
[ 886.3s] [nbiot-mqtt] state PUBLISHING -> IDLE
[ 886.3s] [nbiot-mqtt] -> AT+CSQ
[ 886.3s] [nbiot-mqtt] <- +CSQ: 31,0
[ 886.3s] [nbiot-mqtt] <- OK
[ 899.7s] +RCV addr=1 len=33 rssi=-50 snr=12 data="STAT,19463,8,0,11100,23,3115,85,0"
[ 899.7s]   node health: charge 85% (3115 mV at the sense pin)
[ 902.1s] +RCV addr=4 len=114 rssi=-35 snr=12 data="B,2,25.9,47.9,940.9,5685,0.0,0.0,0.0,884,0.0,0.0,0,0.0,0,3;25.9,47.9,940.8,5685,0.0,0.0,0.0,884,0.0,0.0,0,0.0,0,0;"
[ 902.1s]   batch of 2 reading(s)
[ 904.3s] +RCV addr=4 len=32 rssi=-34 snr=12 data="STAT,4898,8,0,10100,39,3120,86,0"
[ 904.3s]   node health: charge 86% (3120 mV at the sense pin)
[ 910.9s] +RCV addr=3 len=71 rssi=-57 snr=12 data="25.75,47.44,940.97,8524.24,0.00,0.00,0.00,1094.00,0.00,0.00,0.00,0.00,0"
[ 912.7s] +RCV addr=3 len=33 rssi=-58 snr=12 data="STAT,19319,8,0,11100,59,3066,81,0"
[ 912.7s]   node health: charge 81% (3066 mV at the sense pin)
[ 916.2s] [nbiot-mqtt] -> AT+CSQ
[ 916.5s] [nbiot-mqtt] <- +CSQ: 31,0
[ 916.5s] [nbiot-mqtt] <- OK
[ 932.3s] [nbiot-mqtt] state IDLE -> PUBLISHING
[ 932.3s] [nbiot-mqtt] -> AT+QMTPUB=0,0,0,0,"v1/gateway/telemetry"
[ 932.3s] [nbiot-mqtt] payload (839 bytes): {"NodoC-3":[{"ts":1791285945378,"values":{"temp":25.90,"rh":47.90,"pres":940.90,"gas":5685.00,"pm1":0.00,"pm25":0.00,"pm10":0.00,"co2":884.00,"co":0.00,"coTemp":0.00,"windAngle":0.00,"windSpeed":0.00,"windValid":false,"rssi":-35,"snr":12,"chargePct":86,"capMv":3120,"alarmState":0}},{"ts":1791285975378,"values":{"temp":25.90,"rh":47.90,"pres":940.80,"gas":5685.00,"pm1":0.00,"pm25":0.00,"pm10":0.00,"co2":884.00,"co":0.00,"coTemp":0.00,"windAngle":0.00,"windSpeed":0.00,"windValid":false,"rssi":-35,"snr":12,"chargePct":86,"capMv":3120,"alarmState":0}}],"NodoC-2":[{"ts":1791285983921,"values":{"temp":25.75,"rh":47.44,"pres":940.97,"gas":8524.24,"pm1":0.00,"pm25":0.00,"pm10":0.00,"co2":1094.00,"co":0.00,"coTemp":0.00,"windAngle":0.00,"windSpeed":0.00,"windValid":false,"rssi":-57,"snr":12,"chargePct":81,"capMv":3069,"alarmState":0}}]}
[ 932.3s] [nbiot-mqtt] <- OK
[ 932.3s] [nbiot-mqtt] <- +QMTPUB: 0,0,0
[ 932.3s] [nbiot-mqtt] state PUBLISHING -> IDLE
[ 932.3s] [nbiot-mqtt] -> AT+CSQ
[ 932.3s] [nbiot-mqtt] <- +CSQ: 31,0
[ 932.6s] [nbiot-mqtt] <- OK
[ 962.4s] [nbiot-mqtt] -> AT+CSQ
[ 962.4s] [nbiot-mqtt] <- +CSQ: 31,0
[ 962.4s] [nbiot-mqtt] <- OK
[ 969.3s] +RCV addr=1 len=118 rssi=-58 snr=12 data="B,2,26.4,50.1,941.1,11791,0.0,0.0,0.0,1055,0.0,0.0,0,0.0,0,3;26.4,50.2,941.1,11791,0.0,0.0,0.0,1055,0.0,0.0,0,0.0,0,0;"
[ 969.3s]   batch of 2 reading(s)
[ 971.1s] +RCV addr=1 len=33 rssi=-54 snr=12 data="STAT,19467,8,0,11100,27,3115,85,0"
[ 971.1s]   node health: charge 85% (3115 mV at the sense pin)
[ 972.7s] +RCV addr=4 len=70 rssi=-34 snr=13 data="25.95,47.91,940.83,5684.85,0.00,0.00,0.00,884.00,0.00,0.00,0.00,0.00,0"
[ 974.8s] +RCV addr=4 len=32 rssi=-34 snr=12 data="STAT,4902,8,0,10100,43,3120,86,0"
[ 974.8s]   node health: charge 86% (3120 mV at the sense pin)
[ 982.3s] +RCV addr=3 len=116 rssi=-58 snr=13 data="B,2,25.7,47.5,940.9,8524,0.0,0.0,0.0,1094,0.0,0.0,0,0.0,0,3;25.7,47.4,940.9,8524,0.0,0.0,0.0,1094,0.0,0.0,0,0.0,0,0;"
[ 982.3s]   batch of 2 reading(s)
[ 984.4s] +RCV addr=3 len=33 rssi=-57 snr=13 data="STAT,19323,8,0,11100,63,3065,81,0"
[ 984.4s]   node health: charge 81% (3065 mV at the sense pin)
[ 992.5s] [nbiot-mqtt] -> AT+CSQ
[ 992.5s] [nbiot-mqtt] <- +CSQ: 31,0
[ 992.5s] [nbiot-mqtt] <- OK
[ 999.0s] [nbiot-mqtt] state IDLE -> PUBLISHING
[ 999.0s] [nbiot-mqtt] -> AT+QMTPUB=0,0,0,0,"v1/gateway/telemetry"
[ 999.0s] [nbiot-mqtt] payload (1126 bytes): {"NodoC-1":[{"ts":1791286012342,"values":{"temp":26.40,"rh":50.10,"pres":941.10,"gas":11791.00,"pm1":0.00,"pm25":0.00,"pm10":0.00,"co2":1055.00,"co":0.00,"coTemp":0.00,"windAngle":0.00,"windSpeed":0.00,"windValid":false,"rssi":-58,"snr":12,"chargePct":85,"capMv":3115,"alarmState":0}},{"ts":1791286042342,"values":{"temp":26.40,"rh":50.20,"pres":941.10,"gas":11791.00,"pm1":0.00,"pm25":0.00,"pm10":0.00,"co2":1055.00,"co":0.00,"coTemp":0.00,"windAngle":0.00,"windSpeed":0.00,"windValid":false,"rssi":-58,"snr":12,"chargePct":85,"capMv":3115,"alarmState":0}}],"NodoC-3":[{"ts":1791286045829,"values":{"temp":25.95,"rh":47.91,"pres":940.83,"gas":5684.85,"pm1":0.00,"pm25":0.00,"pm10":0.00,"co2":884.00,"co":0.00,"coTemp":0.00,"windAngle":0.00,"windSpeed":0.00,"windValid":false,"rssi":-34,"snr":13,"chargePct":86,"capMv":3120,"alarmState":0}}],"NodoC-2":[{"ts":1791286025609,"values":{"temp":25.70,"rh":47.50,"pres":940.90,"gas":8524.00,"pm1":0.00,"pm25":0.00,"pm10":0.00,"co2":1094.00,"co":0.00,"coTemp":0.00,"windAngle":0.00,"windSpeed":0.00,"windValid":false,"rssi":-58,"snr":13,"chargePct":81,"capMv":3066,"alarmState":0}}]}
[ 999.4s] [nbiot-mqtt] <- OK
[ 999.4s] [nbiot-mqtt] <- +QMTPUB: 0,0,0
[ 999.4s] [nbiot-mqtt] -> AT+QMTPUB=0,0,0,0,"v1/gateway/telemetry"
[ 999.4s] [nbiot-mqtt] payload (285 bytes): {"NodoC-2":[{"ts":1791286055610,"values":{"temp":25.70,"rh":47.40,"pres":940.90,"gas":8524.00,"pm1":0.00,"pm25":0.00,"pm10":0.00,"co2":1094.00,"co":0.00,"coTemp":0.00,"windAngle":0.00,"windSpeed":0.00,"windValid":false,"rssi":-58,"snr":13,"chargePct":81,"capMv":3066,"alarmState":0}}]}
[ 999.4s] [nbiot-mqtt] <- OK
[ 999.7s] [nbiot-mqtt] <- +QMTPUB: 0,0,0
[ 999.7s] [nbiot-mqtt] state PUBLISHING -> IDLE
[ 999.7s] [nbiot-mqtt] -> AT+CSQ
[ 999.7s] [nbiot-mqtt] <- +CSQ: 31,0
[ 999.7s] [nbiot-mqtt] <- OK
[1029.5s] [nbiot-mqtt] -> AT+CSQ
[1029.5s] [nbiot-mqtt] <- +CSQ: 31,0
[1029.5s] [nbiot-mqtt] <- OK
[1040.7s] +RCV addr=1 len=72 rssi=-47 snr=13 data="26.44,50.43,941.04,11790.71,0.00,0.00,0.00,1055.00,0.00,0.00,0.00,0.00,0"
[1042.6s] +RCV addr=1 len=33 rssi=-54 snr=12 data="STAT,19471,8,0,11100,31,3115,85,0"
[1042.6s]   node health: charge 85% (3115 mV at the sense pin)
[1043.2s] +RCV addr=4 len=70 rssi=-33 snr=12 data="25.96,47.97,940.78,5684.85,0.00,0.00,0.00,884.00,0.00,0.00,0.00,0.00,0"
[1045.1s] +RCV addr=4 len=32 rssi=-35 snr=12 data="STAT,4906,8,0,10100,47,3120,86,0"
[1045.1s]   node health: charge 86% (3120 mV at the sense pin)
[1054.1s] +RCV addr=3 len=71 rssi=-67 snr=12 data="25.75,47.43,940.85,8524.24,0.00,0.00,0.00,1094.00,0.00,0.00,0.00,0.00,0"
[1059.7s] [nbiot-mqtt] -> AT+CSQ
[1059.7s] [nbiot-mqtt] <- +CSQ: 31,0
[1059.7s] [nbiot-mqtt] <- OK
[1089.6s] [nbiot-mqtt] -> AT+CSQ
[1089.6s] [nbiot-mqtt] <- +CSQ: 31,0
[1089.6s] [nbiot-mqtt] <- OK
[1100.7s] [nbiot-mqtt] state IDLE -> PUBLISHING
[1100.7s] [nbiot-mqtt] -> AT+QMTPUB=0,0,0,0,"v1/gateway/telemetry"
[1100.7s] [nbiot-mqtt] payload (853 bytes): {"NodoC-1":[{"ts":1791286113834,"values":{"temp":26.44,"rh":50.43,"pres":941.04,"gas":11790.71,"pm1":0.00,"pm25":0.00,"pm10":0.00,"co2":1055.00,"co":0.00,"coTemp":0.00,"windAngle":0.00,"windSpeed":0.00,"windValid":false,"rssi":-47,"snr":13,"chargePct":85,"capMv":3115,"alarmState":0}}],"NodoC-3":[{"ts":1791286116272,"values":{"temp":25.96,"rh":47.97,"pres":940.78,"gas":5684.85,"pm1":0.00,"pm25":0.00,"pm10":0.00,"co2":884.00,"co":0.00,"coTemp":0.00,"windAngle":0.00,"windSpeed":0.00,"windValid":false,"rssi":-33,"snr":12,"chargePct":86,"capMv":3120,"alarmState":0}}],"NodoC-2":[{"ts":1791286127215,"values":{"temp":25.75,"rh":47.43,"pres":940.85,"gas":8524.24,"pm1":0.00,"pm25":0.00,"pm10":0.00,"co2":1094.00,"co":0.00,"coTemp":0.00,"windAngle":0.00,"windSpeed":0.00,"windValid":false,"rssi":-67,"snr":12,"chargePct":81,"capMv":3065,"alarmState":0}}]}
[1100.7s] [nbiot-mqtt] <- OK
[1101.0s] [nbiot-mqtt] <- +QMTPUB: 0,0,0
[1101.0s] [nbiot-mqtt] state PUBLISHING -> IDLE
[1101.0s] [nbiot-mqtt] -> AT+CSQ
[1101.0s] [nbiot-mqtt] <- +CSQ: 31,0
[1101.0s] [nbiot-mqtt] <- OK
[1112.2s] +RCV addr=1 len=72 rssi=-71 snr=13 data="25.54,51.82,941.05,11790.71,0.00,0.00,0.00,1055.00,0.00,0.00,0.00,0.00,0"
[1113.5s] +RCV addr=4 len=114 rssi=-35 snr=12 data="B,2,26.0,48.0,940.8,5685,0.0,0.0,0.0,884,0.0,0.0,0,0.0,0,3;26.0,47.9,940.7,5685,0.0,0.0,0.0,884,0.0,0.0,0,0.0,0,0;"
[1113.5s]   batch of 2 reading(s)
[1114.4s] +RCV addr=1 len=33 rssi=-69 snr=1 data="STAT,19475,8,0,11100,35,3115,85,0"
[1114.4s]   node health: charge 85% (3115 mV at the sense pin)
[1125.6s] +RCV addr=4 len=32 rssi=-35 snr=12 data="STAT,4910,8,0,10100,51,3120,86,0"
[1125.6s]   node health: charge 86% (3120 mV at the sense pin)
[1125.6s] +RCV addr=3 len=71 rssi=-79 snr=12 data="24.42,51.00,940.85,8524.24,0.00,0.00,0.00,1094.00,0.00,0.00,0.00,0.00,0"
[1127.8s] +RCV addr=3 len=33 rssi=-80 snr=10 data="STAT,19331,8,0,11100,71,3066,81,0"
[1127.8s]   node health: charge 81% (3066 mV at the sense pin)
[1130.9s] [nbiot-mqtt] -> AT+CSQ
[1130.9s] [nbiot-mqtt] <- +CSQ: 29,0
[1130.9s] [nbiot-mqtt] <- OK
[1160.7s] [nbiot-mqtt] -> AT+CSQ
[1160.7s] [nbiot-mqtt] <- +CSQ: 31,0
[1160.7s] [nbiot-mqtt] <- OK
[1172.3s] [nbiot-mqtt] state IDLE -> PUBLISHING
[1172.3s] [nbiot-mqtt] -> AT+QMTPUB=0,0,0,0,"v1/gateway/telemetry"
[1172.3s] [nbiot-mqtt] payload (1124 bytes): {"NodoC-1":[{"ts":1791286185326,"values":{"temp":25.54,"rh":51.82,"pres":941.05,"gas":11790.71,"pm1":0.00,"pm25":0.00,"pm10":0.00,"co2":1055.00,"co":0.00,"coTemp":0.00,"windAngle":0.00,"windSpeed":0.00,"windValid":false,"rssi":-71,"snr":13,"chargePct":85,"capMv":3115,"alarmState":0}}],"NodoC-3":[{"ts":1791286156790,"values":{"temp":26.00,"rh":48.00,"pres":940.80,"gas":5685.00,"pm1":0.00,"pm25":0.00,"pm10":0.00,"co2":884.00,"co":0.00,"coTemp":0.00,"windAngle":0.00,"windSpeed":0.00,"windValid":false,"rssi":-35,"snr":12,"chargePct":86,"capMv":3120,"alarmState":0}},{"ts":1791286186790,"values":{"temp":26.00,"rh":47.90,"pres":940.70,"gas":5685.00,"pm1":0.00,"pm25":0.00,"pm10":0.00,"co2":884.00,"co":0.00,"coTemp":0.00,"windAngle":0.00,"windSpeed":0.00,"windValid":false,"rssi":-35,"snr":12,"chargePct":86,"capMv":3120,"alarmState":0}}],"NodoC-2":[{"ts":1791286198801,"values":{"temp":24.42,"rh":51.00,"pres":940.85,"gas":8524.24,"pm1":0.00,"pm25":0.00,"pm10":0.00,"co2":1094.00,"co":0.00,"coTemp":0.00,"windAngle":0.00,"windSpeed":0.00,"windValid":false,"rssi":-79,"snr":12,"chargePct":81,"capMv":3065,"alarmState":0}}]}
[1172.3s] [nbiot-mqtt] <- OK
[1172.3s] [nbiot-mqtt] <- +QMTPUB: 0,0,0
[1172.3s] [nbiot-mqtt] state PUBLISHING -> IDLE
[1172.3s] [nbiot-mqtt] -> AT+CSQ
[1172.3s] [nbiot-mqtt] <- +CSQ: 31,0
[1172.3s] [nbiot-mqtt] <- OK
[1183.8s] +RCV addr=1 len=118 rssi=-70 snr=12 data="B,2,24.9,53.2,941.1,11791,0.0,0.0,0.0,1055,0.0,0.0,0,0.0,0,3;24.6,54.0,941.1,11791,0.0,0.0,0.0,1055,0.0,0.0,0,0.0,0,0;"
[1183.8s]   batch of 2 reading(s)
[1184.1s] +RCV addr=4 len=70 rssi=-35 snr=12 data="25.98,47.86,940.78,5684.85,0.00,0.00,0.00,884.00,0.00,0.00,0.00,0.00,0"
[1185.9s] +RCV addr=1 len=33 rssi=-68 snr=3 data="STAT,19479,8,0,11100,39,3115,85,0"
[1185.9s]   node health: charge 85% (3115 mV at the sense pin)
[1197.4s] +RCV addr=4 len=32 rssi=-35 snr=12 data="STAT,4914,8,0,10100,55,3120,86,0"
[1197.4s]   node health: charge 86% (3120 mV at the sense pin)
[1197.4s] +RCV addr=3 len=116 rssi=-80 snr=11 data="B,2,24.1,51.3,940.9,8524,0.0,0.0,0.0,1094,0.0,0.0,0,0.0,0,3;24.0,51.4,940.9,8524,0.0,0.0,0.0,1094,0.0,0.0,0,0.0,0,0;"
[1197.4s]   batch of 2 reading(s)
[1202.4s] [nbiot-mqtt] -> AT+CSQ
[1202.4s] [nbiot-mqtt] <- +CSQ: 31,0
[1202.4s] [nbiot-mqtt] <- OK
[1213.6s] [nbiot-mqtt] state IDLE -> PUBLISHING
[1213.6s] [nbiot-mqtt] -> AT+QMTPUB=0,0,0,0,"v1/gateway/telemetry"
[1213.6s] [nbiot-mqtt] payload (1126 bytes): {"NodoC-1":[{"ts":1791286226902,"values":{"temp":24.90,"rh":53.20,"pres":941.10,"gas":11791.00,"pm1":0.00,"pm25":0.00,"pm10":0.00,"co2":1055.00,"co":0.00,"coTemp":0.00,"windAngle":0.00,"windSpeed":0.00,"windValid":false,"rssi":-70,"snr":12,"chargePct":85,"capMv":3115,"alarmState":0}},{"ts":1791286256902,"values":{"temp":24.60,"rh":54.00,"pres":941.10,"gas":11791.00,"pm1":0.00,"pm25":0.00,"pm10":0.00,"co2":1055.00,"co":0.00,"coTemp":0.00,"windAngle":0.00,"windSpeed":0.00,"windValid":false,"rssi":-70,"snr":12,"chargePct":85,"capMv":3115,"alarmState":0}}],"NodoC-3":[{"ts":1791286257235,"values":{"temp":25.98,"rh":47.86,"pres":940.78,"gas":5684.85,"pm1":0.00,"pm25":0.00,"pm10":0.00,"co2":884.00,"co":0.00,"coTemp":0.00,"windAngle":0.00,"windSpeed":0.00,"windValid":false,"rssi":-35,"snr":12,"chargePct":86,"capMv":3120,"alarmState":0}}],"NodoC-2":[{"ts":1791286240483,"values":{"temp":24.10,"rh":51.30,"pres":940.90,"gas":8524.00,"pm1":0.00,"pm25":0.00,"pm10":0.00,"co2":1094.00,"co":0.00,"coTemp":0.00,"windAngle":0.00,"windSpeed":0.00,"windValid":false,"rssi":-80,"snr":11,"chargePct":81,"capMv":3066,"alarmState":0}}]}
[1213.9s] [nbiot-mqtt] <- OK
[1213.9s] [nbiot-mqtt] <- +QMTPUB: 0,0,0
[1213.9s] [nbiot-mqtt] -> AT+QMTPUB=0,0,0,0,"v1/gateway/telemetry"
[1213.9s] [nbiot-mqtt] payload (285 bytes): {"NodoC-2":[{"ts":1791286270483,"values":{"temp":24.00,"rh":51.40,"pres":940.90,"gas":8524.00,"pm1":0.00,"pm25":0.00,"pm10":0.00,"co2":1094.00,"co":0.00,"coTemp":0.00,"windAngle":0.00,"windSpeed":0.00,"windValid":false,"rssi":-80,"snr":11,"chargePct":81,"capMv":3066,"alarmState":0}}]}
[1213.9s] [nbiot-mqtt] <- OK
[1214.2s] [nbiot-mqtt] <- +QMTPUB: 0,0,0
[1214.2s] [nbiot-mqtt] state PUBLISHING -> IDLE
[1214.2s] [nbiot-mqtt] -> AT+CSQ
[1214.2s] [nbiot-mqtt] <- +CSQ: 31,0
[1214.2s] [nbiot-mqtt] <- OK
[1244.1s] [nbiot-mqtt] -> AT+CSQ
[1244.1s] [nbiot-mqtt] <- +CSQ: 31,0
[1244.1s] [nbiot-mqtt] <- OK
[1254.6s] +RCV addr=4 len=70 rssi=-35 snr=13 data="25.98,47.81,940.79,5684.85,0.00,0.00,0.00,884.00,0.00,0.00,0.00,0.00,0"
[1255.3s] +RCV addr=1 len=72 rssi=-71 snr=12 data="24.37,54.78,941.10,11790.71,0.00,0.00,0.00,1055.00,0.00,0.00,0.00,0.00,0"
[1257.4s] +RCV addr=4 len=32 rssi=-35 snr=12 data="STAT,4918,8,0,10100,59,3120,86,0"
[1257.4s]   node health: charge 86% (3120 mV at the sense pin)
[1257.4s] +RCV addr=1 len=33 rssi=-71 snr=12 data="STAT,19483,8,0,11100,43,3115,85,0"
[1257.4s]   node health: charge 85% (3115 mV at the sense pin)
[1268.9s] +RCV addr=3 len=71 rssi=-84 snr=8 data="24.03,51.33,940.88,8524.24,0.00,0.00,0.00,1094.00,0.00,0.00,0.00,0.00,0"
[1274.2s] [nbiot-mqtt] -> AT+CSQ
[1274.2s] [nbiot-mqtt] <- +CSQ: 30,0
[1274.2s] [nbiot-mqtt] <- OK
[1304.1s] [nbiot-mqtt] -> AT+CSQ
[1304.1s] [nbiot-mqtt] <- +CSQ: 30,0
[1304.1s] [nbiot-mqtt] <- OK
[1314.4s] [nbiot-mqtt] state IDLE -> PUBLISHING
[1314.4s] [nbiot-mqtt] -> AT+QMTPUB=0,0,0,0,"v1/gateway/telemetry"
[1314.4s] [nbiot-mqtt] payload (852 bytes): {"NodoC-3":[{"ts":1791286327678,"values":{"temp":25.98,"rh":47.81,"pres":940.79,"gas":5684.85,"pm1":0.00,"pm25":0.00,"pm10":0.00,"co2":884.00,"co":0.00,"coTemp":0.00,"windAngle":0.00,"windSpeed":0.00,"windValid":false,"rssi":-35,"snr":13,"chargePct":86,"capMv":3120,"alarmState":0}}],"NodoC-1":[{"ts":1791286328393,"values":{"temp":24.37,"rh":54.78,"pres":941.10,"gas":11790.71,"pm1":0.00,"pm25":0.00,"pm10":0.00,"co2":1055.00,"co":0.00,"coTemp":0.00,"windAngle":0.00,"windSpeed":0.00,"windValid":false,"rssi":-71,"snr":12,"chargePct":85,"capMv":3115,"alarmState":0}}],"NodoC-2":[{"ts":1791286342100,"values":{"temp":24.03,"rh":51.33,"pres":940.88,"gas":8524.24,"pm1":0.00,"pm25":0.00,"pm10":0.00,"co2":1094.00,"co":0.00,"coTemp":0.00,"windAngle":0.00,"windSpeed":0.00,"windValid":false,"rssi":-84,"snr":8,"chargePct":81,"capMv":3066,"alarmState":0}}]}
[1314.7s] [nbiot-mqtt] <- OK
[1314.7s] [nbiot-mqtt] <- +QMTPUB: 0,0,0
[1314.7s] [nbiot-mqtt] state PUBLISHING -> IDLE
[1314.7s] [nbiot-mqtt] -> AT+CSQ
[1314.7s] [nbiot-mqtt] <- +CSQ: 30,0
[1314.7s] [nbiot-mqtt] <- OK
[1323.4s] [nbiot-mqtt] downlink on "v1/devices/me/rpc/request/0": {"method":"configurarModuloC","params":{"moduloC_id":"NodoC-3","action":"umbrales_de1variable","variable":"temp","umbral_pre_off":47,"umbral_pre_on":50,"umbral_alarm_off":55,"umbral_alarm_on":60}}
[1323.4s] [nbiot-mqtt] configurarModuloC 0 -> NodoC-3: "CFG,temp_pre_off=47,temp_pre_on=50,temp_alarm_off=55,temp_alarm_on=60" (enviado; esperando ventana)
[1323.4s] [nbiot-mqtt] state IDLE -> RPC_REPLY
[1323.4s] [nbiot-mqtt] -> AT+QMTPUB=0,0,0,0,"v1/devices/me/rpc/response/0"
[1323.4s] [nbiot-mqtt] payload (34 bytes): {"status":"enviado","requestId":0}
[1323.4s] [nbiot-mqtt] <- OK
[1323.4s] [nbiot-mqtt] <- +QMTPUB: 0,0,0
[1323.4s] [nbiot-mqtt] state RPC_REPLY -> IDLE
[1323.4s] [nbiot-mqtt] -> AT+CSQ
[1323.4s] [nbiot-mqtt] downlink on "v1/devices/me/rpc/request/1": {"method":"configurarModuloC","params":{"moduloC_id":"NodoC-3","action":"umbrales_de1variable","variable":"temp","umbral_pre_off":47,"umbral_pre_on":50,"umbral_alarm_off":55,"umbral_alarm_on":60}}
[1323.4s] [nbiot-mqtt] configurarModuloC 1 -> NodoC-3: "CFG,temp_pre_off=47,temp_pre_on=50,temp_alarm_off=55,temp_alarm_on=60" (enviado; esperando ventana)
[1323.4s] [nbiot-mqtt] <- +CSQ: 30,0
[1323.4s] [nbiot-mqtt] <- OK
[1323.4s] [nbiot-mqtt] state IDLE -> RPC_REPLY
[1323.4s] [nbiot-mqtt] -> AT+QMTPUB=0,0,0,0,"v1/devices/me/rpc/response/1"
[1323.4s] [nbiot-mqtt] payload (34 bytes): {"status":"enviado","requestId":1}
[1323.4s] [nbiot-mqtt] <- OK
[1323.7s] [nbiot-mqtt] <- +QMTPUB: 0,0,0
[1323.7s] [nbiot-mqtt] state RPC_REPLY -> IDLE
[1323.7s] [nbiot-mqtt] -> AT+CSQ
[1323.7s] [nbiot-mqtt] <- +CSQ: 30,0
[1323.7s] [nbiot-mqtt] <- OK
[1326.8s] +RCV addr=1 len=72 rssi=-70 snr=12 data="24.07,55.49,941.11,11790.71,0.00,0.00,0.00,1055.00,0.00,0.00,0.00,0.00,0"
[1327.1s] +RCV addr=4 len=32 rssi=-35 snr=12 data="STAT,4922,8,0,10100,63,3120,86,0"
[1327.1s]   -> downlink to NodoC-3: CFG,temp_pre_off=47,temp_pre_on=50,temp_alarm_off=55,temp_alarm_on=60 (sent)
[1327.1s] [nbiot-mqtt] sent to NodoC-3 over LoRa, awaiting ACK
[1327.1s]   node health: charge 86% (3120 mV at the sense pin)
[1328.7s] +RCV addr=1 len=33 rssi=-69 snr=12 data="STAT,19487,8,0,11100,47,3115,85,0"
[1328.7s]   node health: charge 85% (3115 mV at the sense pin)
[1340.4s] +RCV addr=3 len=71 rssi=-85 snr=6 data="24.17,51.08,940.90,8524.24,0.00,0.00,0.00,1094.00,0.00,0.00,0.00,0.00,0"
[1342.6s] +RCV addr=3 len=33 rssi=-86 snr=6 data="STAT,19343,8,0,11100,83,3072,82,0"
[1342.6s]   node health: charge 82% (3072 mV at the sense pin)
[1353.7s] [nbiot-mqtt] -> AT+CSQ
[1353.7s] [nbiot-mqtt] <- +CSQ: 31,0
[1353.7s] [nbiot-mqtt] <- OK
[1383.6s] [nbiot-mqtt] -> AT+CSQ
[1383.6s] [nbiot-mqtt] <- +CSQ: 31,0
[1383.6s] [nbiot-mqtt] <- OK
[1386.7s] [nbiot-mqtt] state IDLE -> PUBLISHING
[1386.7s] [nbiot-mqtt] -> AT+QMTPUB=0,0,0,0,"v1/gateway/telemetry"
[1386.7s] [nbiot-mqtt] payload (569 bytes): {"NodoC-1":[{"ts":1791286399902,"values":{"temp":24.07,"rh":55.49,"pres":941.11,"gas":11790.71,"pm1":0.00,"pm25":0.00,"pm10":0.00,"co2":1055.00,"co":0.00,"coTemp":0.00,"windAngle":0.00,"windSpeed":0.00,"windValid":false,"rssi":-70,"snr":12,"chargePct":85,"capMv":3115,"alarmState":0}}],"NodoC-2":[{"ts":1791286413702,"values":{"temp":24.17,"rh":51.08,"pres":940.90,"gas":8524.24,"pm1":0.00,"pm25":0.00,"pm10":0.00,"co2":1094.00,"co":0.00,"coTemp":0.00,"windAngle":0.00,"windSpeed":0.00,"windValid":false,"rssi":-85,"snr":6,"chargePct":81,"capMv":3066,"alarmState":0}}]}
[1386.7s] [nbiot-mqtt] <- OK
[1387.0s] [nbiot-mqtt] <- +QMTPUB: 0,0,0
[1387.0s] [nbiot-mqtt] state PUBLISHING -> IDLE
[1387.0s] [nbiot-mqtt] -> AT+CSQ
[1387.0s] [nbiot-mqtt] <- +CSQ: 31,0
[1387.0s] [nbiot-mqtt] <- OK
[1395.4s] +RCV addr=4 len=70 rssi=-34 snr=12 data="25.97,47.77,940.81,5684.85,0.00,0.00,0.00,884.00,0.00,0.00,0.00,0.00,0"
[1395.7s]   -> downlink to NodoC-3: CFG,temp_pre_off=47,temp_pre_on=50,temp_alarm_off=55,temp_alarm_on=60 (sent)
[1395.7s] [nbiot-mqtt] RESENT to NodoC-3 over LoRa (attempt 2 - no ACK to the previous one), awaiting ACK
[1395.7s] +RCV addr=4 len=32 rssi=-35 snr=12 data="STAT,4926,8,0,10100,67,3120,86,0"
[1395.7s]   node health: charge 86% (3120 mV at the sense pin)
[1398.2s] +RCV addr=1 len=118 rssi=-70 snr=12 data="B,2,23.9,56.3,941.1,11791,0.0,0.0,0.0,1055,0.0,0.0,0,0.0,0,3;23.8,56.9,941.1,11791,0.0,0.0,0.0,1055,0.0,0.0,0,0.0,0,0;"
[1398.2s]   batch of 2 reading(s)
[1400.4s] +RCV addr=1 len=33 rssi=-70 snr=12 data="STAT,19491,8,0,11100,51,3115,85,0"
[1400.4s]   node health: charge 85% (3115 mV at the sense pin)
[1412.2s] +RCV addr=3 len=116 rssi=-86 snr=6 data="B,2,24.4,50.5,940.9,8524,0.0,0.0,0.0,1094,0.0,0.0,0,0.0,0,3;24.5,50.2,940.9,8524,0.0,0.0,0.0,1094,0.0,0.0,0,0.0,0,0;"
[1412.2s]   batch of 2 reading(s)
[1414.3s] +RCV addr=3 len=33 rssi=-88 snr=4 data="STAT,19347,8,0,11100,87,3076,82,0"
[1414.3s]   node health: charge 82% (3076 mV at the sense pin)
[1416.8s] [nbiot-mqtt] -> AT+CSQ
[1416.8s] [nbiot-mqtt] <- +CSQ: 30,7
[1416.8s] [nbiot-mqtt] <- OK
[1446.8s] [nbiot-mqtt] -> AT+CSQ
[1446.8s] [nbiot-mqtt] <- +CSQ: 31,0
[1446.8s] [nbiot-mqtt] <- OK
[1455.5s] [nbiot-mqtt] state IDLE -> PUBLISHING
[1455.5s] [nbiot-mqtt] -> AT+QMTPUB=0,0,0,0,"v1/gateway/telemetry"
[1455.8s] [nbiot-mqtt] payload (1125 bytes): {"NodoC-3":[{"ts":1791286468783,"values":{"temp":25.97,"rh":47.77,"pres":940.81,"gas":5684.85,"pm1":0.00,"pm25":0.00,"pm10":0.00,"co2":884.00,"co":0.00,"coTemp":0.00,"windAngle":0.00,"windSpeed":0.00,"windValid":false,"rssi":-34,"snr":12,"chargePct":86,"capMv":3120,"alarmState":0}}],"NodoC-1":[{"ts":1791286441483,"values":{"temp":23.90,"rh":56.30,"pres":941.10,"gas":11791.00,"pm1":0.00,"pm25":0.00,"pm10":0.00,"co2":1055.00,"co":0.00,"coTemp":0.00,"windAngle":0.00,"windSpeed":0.00,"windValid":false,"rssi":-70,"snr":12,"chargePct":85,"capMv":3115,"alarmState":0}},{"ts":1791286471483,"values":{"temp":23.80,"rh":56.90,"pres":941.10,"gas":11791.00,"pm1":0.00,"pm25":0.00,"pm10":0.00,"co2":1055.00,"co":0.00,"coTemp":0.00,"windAngle":0.00,"windSpeed":0.00,"windValid":false,"rssi":-70,"snr":12,"chargePct":85,"capMv":3115,"alarmState":0}}],"NodoC-2":[{"ts":1791286455383,"values":{"temp":24.40,"rh":50.50,"pres":940.90,"gas":8524.00,"pm1":0.00,"pm25":0.00,"pm10":0.00,"co2":1094.00,"co":0.00,"coTemp":0.00,"windAngle":0.00,"windSpeed":0.00,"windValid":false,"rssi":-86,"snr":6,"chargePct":82,"capMv":3072,"alarmState":0}}]}
[1455.8s] [nbiot-mqtt] <- OK
[1455.8s] [nbiot-mqtt] <- +QMTPUB: 0,0,0
[1455.8s] [nbiot-mqtt] -> AT+QMTPUB=0,0,0,0,"v1/gateway/telemetry"
[1455.8s] [nbiot-mqtt] payload (284 bytes): {"NodoC-2":[{"ts":1791286485383,"values":{"temp":24.50,"rh":50.20,"pres":940.90,"gas":8524.00,"pm1":0.00,"pm25":0.00,"pm10":0.00,"co2":1094.00,"co":0.00,"coTemp":0.00,"windAngle":0.00,"windSpeed":0.00,"windValid":false,"rssi":-86,"snr":6,"chargePct":82,"capMv":3072,"alarmState":0}}]}
[1455.8s] [nbiot-mqtt] <- OK
[1456.1s] [nbiot-mqtt] <- +QMTPUB: 0,0,0
[1456.1s] [nbiot-mqtt] state PUBLISHING -> IDLE
[1456.1s] [nbiot-mqtt] -> AT+CSQ
[1456.1s] [nbiot-mqtt] <- +CSQ: 31,0
[1456.1s] [nbiot-mqtt] <- OK
[1464.2s] +RCV addr=4 len=70 rssi=-34 snr=12 data="25.95,47.82,940.79,5684.85,0.00,0.00,0.00,884.00,0.00,0.00,0.00,0.00,0"
[1464.5s]   -> downlink to NodoC-3: CFG,temp_pre_off=47,temp_pre_on=50,temp_alarm_off=55,temp_alarm_on=60 (sent)
[1464.5s] [nbiot-mqtt] RESENT to NodoC-3 over LoRa (attempt 3 - no ACK to the previous one), awaiting ACK
[1464.5s] +RCV addr=4 len=69 rssi=-35 snr=13 data="ACK,temp_pre_off=47,temp_pre_on=50,temp_alarm_off=55,temp_alarm_on=60"
[1464.5s] [nbiot-mqtt] commandLog 0 -> confirmado (gateway telemetry + node telemetry + node attributes)
[1464.5s] [nbiot-mqtt] NodoC-3 acked: temp_pre_off=47,temp_pre_on=50,temp_alarm_off=55,temp_alarm_on=60
[1464.5s] [nbiot-mqtt] state IDLE -> RPC_REPLY
[1464.5s] [nbiot-mqtt] -> AT+QMTPUB=0,0,0,0,"v1/devices/me/telemetry"
[1464.5s] [nbiot-mqtt] payload (155 bytes): {"commandLog":{"requestId":0,"status":"confirmado","detail":"temp_pre_off=47,temp_pre_on=50,temp_alarm_off=55,temp_alarm_on=60","timestamp":1791286537713}}
[1464.5s] [nbiot-mqtt] <- OK
[1464.8s] +RCV addr=4 len=32 rssi=-34 snr=12 data="STAT,4930,8,0,10100,71,3120,86,0"
[1464.8s]   -> downlink to NodoC-3: CFG,temp_pre_off=47,temp_pre_on=50,temp_alarm_off=55,temp_alarm_on=60 (sent)
[1464.8s] [nbiot-mqtt] sent to NodoC-3 over LoRa, awaiting ACK
[1464.8s]   node health: charge 86% (3120 mV at the sense pin)
[1464.8s] [nbiot-mqtt] <- +QMTPUB: 0,0,0
[1464.8s] [nbiot-mqtt] -> AT+QMTPUB=0,0,0,0,"v1/gateway/telemetry"
[1464.8s] [nbiot-mqtt] payload (273 bytes): {"NodoC-3":[{"ts":1791286537713,"values":{"commandLog":{"requestId":0,"status":"confirmado","detail":"temp_pre_off=47,temp_pre_on=50,temp_alarm_off=55,temp_alarm_on=60","timestamp":1791286537713},"temp_pre_off":47,"temp_pre_on":50,"temp_alarm_off":55,"temp_alarm_on":60}}]}
[1464.8s] [nbiot-mqtt] <- OK
[1465.1s] [nbiot-mqtt] <- +QMTPUB: 0,0,0
[1465.1s] [nbiot-mqtt] -> AT+QMTPUB=0,0,0,0,"v1/gateway/attributes"
[1465.1s] [nbiot-mqtt] payload (241 bytes): {"NodoC-3":{"commandLog":{"requestId":0,"status":"confirmado","detail":"temp_pre_off=47,temp_pre_on=50,temp_alarm_off=55,temp_alarm_on=60","timestamp":1791286537713},"temp_pre_off":47,"temp_pre_on":50,"temp_alarm_off":55,"temp_alarm_on":60}}
[1465.1s] [nbiot-mqtt] <- OK
[1465.1s] [nbiot-mqtt] <- +QMTPUB: 0,0,0
[1465.1s] [nbiot-mqtt] state RPC_REPLY -> IDLE
[1465.1s] [nbiot-mqtt] -> AT+CSQ
[1465.1s] [nbiot-mqtt] <- +CSQ: 31,0
[1465.1s] [nbiot-mqtt] <- OK
[1469.7s] +RCV addr=1 len=72 rssi=-69 snr=12 data="23.54,57.66,941.13,11790.71,0.00,0.00,0.00,1055.00,0.00,0.00,0.00,0.00,0"
[1471.9s] +RCV addr=1 len=33 rssi=-70 snr=12 data="STAT,19495,8,0,11100,55,3115,85,0"
[1471.9s]   node health: charge 85% (3115 mV at the sense pin)
[1495.1s] [nbiot-mqtt] -> AT+CSQ
[1495.1s] [nbiot-mqtt] <- +CSQ: 31,0
[1495.1s] [nbiot-mqtt] <- OK
[1503.2s] +RCV addr=3 len=70 rssi=-82 snr=11 data="24.67,49.81,940.89,8221.99,0.00,0.00,0.00,682.00,0.00,0.00,0.00,0.00,0"
[1505.3s] +RCV addr=3 len=32 rssi=-85 snr=7 data="STAT,19351,8,0,11100,1,3078,82,0"
[1505.3s]   node health: charge 82% (3078 mV at the sense pin)
[1524.3s] [nbiot-mqtt] state IDLE -> PUBLISHING
[1524.3s] [nbiot-mqtt] -> AT+QMTPUB=0,0,0,0,"v1/gateway/telemetry"
[1524.3s] [nbiot-mqtt] payload (852 bytes): {"NodoC-3":[{"ts":1791286537545,"values":{"temp":25.95,"rh":47.82,"pres":940.79,"gas":5684.85,"pm1":0.00,"pm25":0.00,"pm10":0.00,"co2":884.00,"co":0.00,"coTemp":0.00,"windAngle":0.00,"windSpeed":0.00,"windValid":false,"rssi":-34,"snr":12,"chargePct":86,"capMv":3120,"alarmState":0}}],"NodoC-1":[{"ts":1791286542978,"values":{"temp":23.54,"rh":57.66,"pres":941.13,"gas":11790.71,"pm1":0.00,"pm25":0.00,"pm10":0.00,"co2":1055.00,"co":0.00,"coTemp":0.00,"windAngle":0.00,"windSpeed":0.00,"windValid":false,"rssi":-69,"snr":12,"chargePct":85,"capMv":3115,"alarmState":0}}],"NodoC-2":[{"ts":1791286576437,"values":{"temp":24.67,"rh":49.81,"pres":940.89,"gas":8221.99,"pm1":0.00,"pm25":0.00,"pm10":0.00,"co2":682.00,"co":0.00,"coTemp":0.00,"windAngle":0.00,"windSpeed":0.00,"windValid":false,"rssi":-82,"snr":11,"chargePct":82,"capMv":3076,"alarmState":0}}]}
[1524.3s] [nbiot-mqtt] <- OK
[1524.6s] [nbiot-mqtt] <- +QMTPUB: 0,0,0
[1524.6s] [nbiot-mqtt] state PUBLISHING -> IDLE
[1524.6s] [nbiot-mqtt] -> AT+CSQ
[1524.6s] [nbiot-mqtt] <- +CSQ: 27,0
[1524.6s] [nbiot-mqtt] <- OK
[1533.0s] +RCV addr=4 len=114 rssi=-35 snr=12 data="B,2,25.9,47.9,940.8,5685,0.0,0.0,0.0,884,0.0,0.0,0,0.0,0,3;25.9,47.9,940.8,5685,0.0,0.0,0.0,884,0.0,0.0,0,0.0,0,0;"
[1533.3s]   -> downlink to NodoC-3: CFG,temp_pre_off=47,temp_pre_on=50,temp_alarm_off=55,temp_alarm_on=60 (sent)
[1533.3s] [nbiot-mqtt] RESENT to NodoC-3 over LoRa (attempt 2 - no ACK to the previous one), awaiting ACK
[1533.3s]   batch of 2 reading(s)
[1533.3s] +RCV addr=4 len=69 rssi=-35 snr=12 data="ACK,temp_pre_off=47,temp_pre_on=50,temp_alarm_off=55,temp_alarm_on=60"
[1533.3s] [nbiot-mqtt] commandLog 1 -> confirmado (gateway telemetry + node telemetry + node attributes)
[1533.3s] [nbiot-mqtt] NodoC-3 acked: temp_pre_off=47,temp_pre_on=50,temp_alarm_off=55,temp_alarm_on=60
[1533.3s] [nbiot-mqtt] state IDLE -> RPC_REPLY
[1533.3s] [nbiot-mqtt] -> AT+QMTPUB=0,0,0,0,"v1/devices/me/telemetry"
[1533.3s] [nbiot-mqtt] payload (155 bytes): {"commandLog":{"requestId":1,"status":"confirmado","detail":"temp_pre_off=47,temp_pre_on=50,temp_alarm_off=55,temp_alarm_on=60","timestamp":1791286606566}}
[1533.3s] [nbiot-mqtt] <- OK
[1533.6s] +RCV addr=4 len=32 rssi=-35 snr=12 data="STAT,4934,8,0,10100,75,3120,86,0"
[1533.6s]   node health: charge 86% (3120 mV at the sense pin)
[1533.6s] [nbiot-mqtt] <- +QMTPUB: 0,0,0
[1533.6s] [nbiot-mqtt] -> AT+QMTPUB=0,0,0,0,"v1/gateway/telemetry"
[1533.6s] [nbiot-mqtt] payload (273 bytes): {"NodoC-3":[{"ts":1791286606566,"values":{"commandLog":{"requestId":1,"status":"confirmado","detail":"temp_pre_off=47,temp_pre_on=50,temp_alarm_off=55,temp_alarm_on=60","timestamp":1791286606566},"temp_pre_off":47,"temp_pre_on":50,"temp_alarm_off":55,"temp_alarm_on":60}}]}
[1533.6s] [nbiot-mqtt] <- OK
[1533.6s] [nbiot-mqtt] <- +QMTPUB: 0,0,0
[1533.6s] [nbiot-mqtt] -> AT+QMTPUB=0,0,0,0,"v1/gateway/attributes"
[1533.6s] [nbiot-mqtt] payload (241 bytes): {"NodoC-3":{"commandLog":{"requestId":1,"status":"confirmado","detail":"temp_pre_off=47,temp_pre_on=50,temp_alarm_off=55,temp_alarm_on=60","timestamp":1791286606566},"temp_pre_off":47,"temp_pre_on":50,"temp_alarm_off":55,"temp_alarm_on":60}}
[1533.9s] [nbiot-mqtt] <- OK
[1533.9s] [nbiot-mqtt] <- +QMTPUB: 0,0,0
[1533.9s] [nbiot-mqtt] state RPC_REPLY -> IDLE
[1533.9s] [nbiot-mqtt] -> AT+CSQ
[1533.9s] [nbiot-mqtt] <- +CSQ: 31,0
[1533.9s] [nbiot-mqtt] <- OK
