=== COM10 abierto, capturando 1700s (el open resetea la placa) ===
[   0.3s] [nbiot-mqtt] <- +QMTOPEN: 0,0
[   0.3s] [nbiot-mqtt] -> AT+QMTCONN=0,"CON-1","QRPJgyk5COJPCavycmpp"
[   0.3s] [nbiot-mqtt] <- OK
[   1.3s] [nbiot-mqtt] <- +QMTCONN: 0,0,0
[   1.3s] [nbiot-mqtt] -> AT+QMTSUB=0,1,"v1/devices/me/rpc/request/+",1
[   1.6s] [nbiot-mqtt] <- OK
[   1.9s] [nbiot-mqtt] <- +QMTSUB: 0,1,0,1
[   1.9s] [nbiot-mqtt] -> AT+QMTSUB=0,2,"v1/gateway/rpc",1
[   1.9s] [nbiot-mqtt] <- OK
[   2.5s] [nbiot-mqtt] <- +QMTSUB: 0,2,0,1
[   2.5s] [nbiot-mqtt] downlink live - announcing the nodes next
[   2.5s] [nbiot-mqtt] announcing NodoC-1 to the gateway
[   2.5s] [nbiot-mqtt] -> AT+QMTPUB=0,0,0,0,"v1/gateway/connect"
[   2.5s] [nbiot-mqtt] payload (20 bytes): {"device":"NodoC-1"}
[   2.5s] [nbiot-mqtt] <- OK
[   2.8s] [nbiot-mqtt] <- +QMTPUB: 0,0,0
[   2.8s] [nbiot-mqtt] announcing NodoC-2 to the gateway
[   2.8s] [nbiot-mqtt] -> AT+QMTPUB=0,0,0,0,"v1/gateway/connect"
[   2.8s] [nbiot-mqtt] payload (20 bytes): {"device":"NodoC-2"}
[   2.8s] [nbiot-mqtt] <- OK
[   2.8s] [nbiot-mqtt] <- +QMTPUB: 0,0,0
[   2.8s] [nbiot-mqtt] announcing NodoC-3 to the gateway
[   2.8s] [nbiot-mqtt] -> AT+QMTPUB=0,0,0,0,"v1/gateway/connect"
[   2.8s] [nbiot-mqtt] payload (20 bytes): {"device":"NodoC-3"}
[   2.8s] [nbiot-mqtt] <- OK
[   3.1s] [nbiot-mqtt] <- +QMTPUB: 0,0,0
[   3.1s] [nbiot-mqtt] 3 node(s) announced - downlink live
[   3.1s] [nbiot-mqtt] state MQTT_CONNECT -> IDLE
[   5.3s] +RCV addr=1 len=116 rssi=-73 snr=10 data="B,2,21.3,58.7,939.6,35905,0.0,0.0,0.0,605,0.0,0.0,0,0.0,0,3;21.4,58.6,939.6,35905,0.0,0.0,0.0,605,0.0,0.0,0,0.0,0,0;"
[   5.3s]   batch of 2 reading(s)
[   7.5s] +RCV addr=1 len=33 rssi=-73 snr=13 data="STAT,24075,8,0,11100,45,3115,85,0"
[   7.5s]   node health: charge 85% (3115 mV at the sense pin)
[   9.0s] +RCV addr=3 len=71 rssi=-76 snr=11 data="24.50,44.50,939.42,19894.31,0.00,0.00,0.00,733.00,0.00,0.00,0.00,0.00,0"
[  11.2s] +RCV addr=3 len=34 rssi=-77 snr=10 data="STAT,23923,8,0,11100,73,4740,100,0"
[  11.2s]   node health: charge 100% (4740 mV at the sense pin)
[  15.0s] [nbiot-mqtt] -> AT+CSQ
[  15.3s] [nbiot-mqtt] <- +CSQ: 31,0
[  15.3s] [nbiot-mqtt] <- OK
[  35.3s] [nbiot-mqtt] state IDLE -> PUBLISHING
[  35.3s] [nbiot-mqtt] -> AT+QMTPUB=0,0,0,0,"v1/gateway/telemetry"
[  35.3s] [nbiot-mqtt] payload (835 bytes): {"NodoC-1":[{"ts":1791369404730,"values":{"temp":21.30,"rh":58.70,"pres":939.60,"gas":35905.00,"pm1":0.00,"pm25":0.00,"pm10":0.00,"co2":605.00,"co":0.00,"coTemp":0.00,"windAngle":0.00,"windSpeed":0.00,"windValid":false,"rssi":-73,"snr":10,"chargePct":-1,"capMv":-1,"alarmState":0}},{"ts":1791369434730,"values":{"temp":21.40,"rh":58.60,"pres":939.60,"gas":35905.00,"pm1":0.00,"pm25":0.00,"pm10":0.00,"co2":605.00,"co":0.00,"coTemp":0.00,"windAngle":0.00,"windSpeed":0.00,"windValid":false,"rssi":-73,"snr":10,"chargePct":-1,"capMv":-1,"alarmState":0}}],"NodoC-2":[{"ts":1791369438507,"values":{"temp":24.50,"rh":44.50,"pres":939.42,"gas":19894.31,"pm1":0.00,"pm25":0.00,"pm10":0.00,"co2":733.00,"co":0.00,"coTemp":0.00,"windAngle":0.00,"windSpeed":0.00,"windValid":false,"rssi":-76,"snr":11,"chargePct":-1,"capMv":-1,"alarmState":0}}]}
[  35.6s] [nbiot-mqtt] <- OK
[  35.6s] [nbiot-mqtt] <- +QMTPUB: 0,0,0
[  35.6s] [nbiot-mqtt] state PUBLISHING -> IDLE
[  35.6s] [nbiot-mqtt] -> AT+CSQ
[  35.6s] [nbiot-mqtt] <- +CSQ: 31,0
[  35.6s] [nbiot-mqtt] <- OK
[  49.6s] +RCV addr=4 len=112 rssi=-39 snr=12 data="B,2,24.7,48.9,939.3,0,0.0,0.0,0.0,925,-1.0,-1.0,0,0.0,0,3;24.7,48.9,939.3,0,0.0,0.0,0.0,925,-1.0,-1.0,0,0.0,0,0;"
[  49.6s]   batch of 2 reading(s)
[  51.8s] +RCV addr=4 len=30 rssi=-39 snr=13 data="STAT,27,8,0,00100,27,3120,86,0"
[  51.8s]   node health: charge 86% (3120 mV at the sense pin)
[  65.5s] [nbiot-mqtt] -> AT+CSQ
[  65.5s] [nbiot-mqtt] <- +CSQ: 31,0
[  65.5s] [nbiot-mqtt] <- OK
[  77.0s] +RCV addr=1 len=71 rssi=-71 snr=12 data="21.38,58.58,939.66,35904.63,0.00,0.00,0.00,605.00,0.00,0.00,0.00,0.00,0"
[  78.9s] +RCV addr=1 len=33 rssi=-70 snr=12 data="STAT,24079,8,0,11100,49,3115,85,0"
[  78.9s]   node health: charge 85% (3115 mV at the sense pin)
[  79.8s] [nbiot-mqtt] state IDLE -> PUBLISHING
[  79.8s] [nbiot-mqtt] -> AT+QMTPUB=0,0,0,0,"v1/gateway/telemetry"
[  79.8s] [nbiot-mqtt] payload (835 bytes): {"NodoC-3":[{"ts":1791369449052,"values":{"temp":24.70,"rh":48.90,"pres":939.30,"gas":0.00,"pm1":0.00,"pm25":0.00,"pm10":0.00,"co2":925.00,"co":-1.00,"coTemp":-1.00,"windAngle":0.00,"windSpeed":0.00,"windValid":false,"rssi":-39,"snr":12,"chargePct":-1,"capMv":-1,"alarmState":-1}},{"ts":1791369479052,"values":{"temp":24.70,"rh":48.90,"pres":939.30,"gas":0.00,"pm1":0.00,"pm25":0.00,"pm10":0.00,"co2":925.00,"co":-1.00,"coTemp":-1.00,"windAngle":0.00,"windSpeed":0.00,"windValid":false,"rssi":-39,"snr":12,"chargePct":-1,"capMv":-1,"alarmState":-1}}],"NodoC-1":[{"ts":1791369506239,"values":{"temp":21.38,"rh":58.58,"pres":939.66,"gas":35904.63,"pm1":0.00,"pm25":0.00,"pm10":0.00,"co2":605.00,"co":0.00,"coTemp":0.00,"windAngle":0.00,"windSpeed":0.00,"windValid":false,"rssi":-71,"snr":12,"chargePct":85,"capMv":3115,"alarmState":0}}]}
[  79.8s] [nbiot-mqtt] <- OK
[  79.8s] [nbiot-mqtt] <- +QMTPUB: 0,0,0
[  79.8s] [nbiot-mqtt] state PUBLISHING -> IDLE
[  79.8s] [nbiot-mqtt] -> AT+CSQ
[  80.1s] [nbiot-mqtt] <- +CSQ: 31,0
[  80.1s] [nbiot-mqtt] <- OK
[  80.7s] +RCV addr=3 len=71 rssi=-69 snr=13 data="24.50,44.54,939.42,19894.31,0.00,0.00,0.00,733.00,0.00,0.00,0.00,0.00,0"
[  82.9s] +RCV addr=3 len=34 rssi=-70 snr=11 data="STAT,23927,8,0,11100,77,4971,100,0"
[  82.9s]   node health: charge 100% (4971 mV at the sense pin)
[ 110.0s] [nbiot-mqtt] -> AT+CSQ
[ 110.0s] [nbiot-mqtt] <- +CSQ: 31,0
[ 110.0s] [nbiot-mqtt] <- OK
[ 121.3s] +RCV addr=4 len=69 rssi=-38 snr=13 data="24.77,49.21,939.30,0.00,0.00,0.00,0.00,925.00,-1.00,-1.00,0.00,0.00,0"
[ 123.5s] +RCV addr=4 len=30 rssi=-40 snr=13 data="STAT,31,8,0,00100,31,3120,86,0"
[ 123.5s]   node health: charge 86% (3120 mV at the sense pin)
[ 140.0s] [nbiot-mqtt] -> AT+CSQ
[ 140.0s] [nbiot-mqtt] <- +CSQ: 31,0
[ 140.0s] [nbiot-mqtt] <- OK
[ 140.9s] [nbiot-mqtt] state IDLE -> PUBLISHING
[ 140.9s] [nbiot-mqtt] -> AT+QMTPUB=0,0,0,0,"v1/gateway/telemetry"
[ 140.9s] [nbiot-mqtt] payload (568 bytes): {"NodoC-2":[{"ts":1791369510112,"values":{"temp":24.50,"rh":44.54,"pres":939.42,"gas":19894.31,"pm1":0.00,"pm25":0.00,"pm10":0.00,"co2":733.00,"co":0.00,"coTemp":0.00,"windAngle":0.00,"windSpeed":0.00,"windValid":false,"rssi":-69,"snr":13,"chargePct":100,"capMv":4740,"alarmState":0}}],"NodoC-3":[{"ts":1791369550577,"values":{"temp":24.77,"rh":49.21,"pres":939.30,"gas":0.00,"pm1":0.00,"pm25":0.00,"pm10":0.00,"co2":925.00,"co":-1.00,"coTemp":-1.00,"windAngle":0.00,"windSpeed":0.00,"windValid":false,"rssi":-38,"snr":13,"chargePct":86,"capMv":3120,"alarmState":0}}]}
[ 140.9s] [nbiot-mqtt] <- OK
[ 140.9s] [nbiot-mqtt] <- +QMTPUB: 0,0,0
[ 140.9s] [nbiot-mqtt] state PUBLISHING -> IDLE
[ 140.9s] [nbiot-mqtt] -> AT+CSQ
[ 140.9s] [nbiot-mqtt] <- +CSQ: 31,0
[ 140.9s] [nbiot-mqtt] <- OK
[ 148.4s] +RCV addr=1 len=71 rssi=-70 snr=12 data="21.39,58.53,939.68,35904.63,0.00,0.00,0.00,605.00,0.00,0.00,0.00,0.00,0"
[ 150.6s] +RCV addr=1 len=33 rssi=-70 snr=12 data="STAT,24083,8,0,11100,53,3115,85,0"
[ 150.6s]   node health: charge 85% (3115 mV at the sense pin)
[ 152.4s] +RCV addr=3 len=116 rssi=-71 snr=12 data="B,2,24.5,44.5,939.4,19894,0.0,0.0,0.0,733,0.0,0.0,0,0.0,0,3;24.6,44.2,939.4,19894,0.0,0.0,0.0,733,0.0,0.0,0,0.0,0,0;"
[ 152.4s]   batch of 2 reading(s)
[ 154.6s] +RCV addr=3 len=34 rssi=-70 snr=12 data="STAT,23931,8,0,11100,81,4509,100,0"
[ 154.6s]   node health: charge 100% (4509 mV at the sense pin)
[ 170.9s] [nbiot-mqtt] -> AT+CSQ
[ 170.9s] [nbiot-mqtt] <- +CSQ: 31,0
[ 170.9s] [nbiot-mqtt] <- OK
[ 192.7s] +RCV addr=4 len=69 rssi=-39 snr=12 data="24.79,48.88,939.32,0.00,0.00,0.00,0.00,925.00,-1.00,-1.00,0.00,0.00,0"
[ 194.9s] +RCV addr=4 len=30 rssi=-39 snr=12 data="STAT,35,8,0,00100,35,3120,86,0"
[ 194.9s]   node health: charge 86% (3120 mV at the sense pin)
[ 201.1s] [nbiot-mqtt] -> AT+CSQ
[ 201.1s] [nbiot-mqtt] <- +CSQ: 31,0
[ 201.1s] [nbiot-mqtt] <- OK
[ 208.3s] [nbiot-mqtt] state IDLE -> PUBLISHING
[ 208.3s] [nbiot-mqtt] -> AT+QMTPUB=0,0,0,0,"v1/gateway/telemetry"
[ 208.3s] [nbiot-mqtt] payload (1125 bytes): {"NodoC-1":[{"ts":1791369577745,"values":{"temp":21.39,"rh":58.53,"pres":939.68,"gas":35904.63,"pm1":0.00,"pm25":0.00,"pm10":0.00,"co2":605.00,"co":0.00,"coTemp":0.00,"windAngle":0.00,"windSpeed":0.00,"windValid":false,"rssi":-70,"snr":12,"chargePct":85,"capMv":3115,"alarmState":0}}],"NodoC-2":[{"ts":1791369551797,"values":{"temp":24.50,"rh":44.50,"pres":939.40,"gas":19894.00,"pm1":0.00,"pm25":0.00,"pm10":0.00,"co2":733.00,"co":0.00,"coTemp":0.00,"windAngle":0.00,"windSpeed":0.00,"windValid":false,"rssi":-71,"snr":12,"chargePct":100,"capMv":4971,"alarmState":0}},{"ts":1791369581797,"values":{"temp":24.60,"rh":44.20,"pres":939.40,"gas":19894.00,"pm1":0.00,"pm25":0.00,"pm10":0.00,"co2":733.00,"co":0.00,"coTemp":0.00,"windAngle":0.00,"windSpeed":0.00,"windValid":false,"rssi":-71,"snr":12,"chargePct":100,"capMv":4971,"alarmState":0}}],"NodoC-3":[{"ts":1791369622095,"values":{"temp":24.79,"rh":48.88,"pres":939.32,"gas":0.00,"pm1":0.00,"pm25":0.00,"pm10":0.00,"co2":925.00,"co":-1.00,"coTemp":-1.00,"windAngle":0.00,"windSpeed":0.00,"windValid":false,"rssi":-39,"snr":12,"chargePct":86,"capMv":3120,"alarmState":0}}]}
[ 208.6s] [nbiot-mqtt] <- OK
[ 208.6s] [nbiot-mqtt] <- +QMTPUB: 0,0,0
[ 208.6s] [nbiot-mqtt] state PUBLISHING -> IDLE
[ 208.6s] [nbiot-mqtt] -> AT+CSQ
[ 208.6s] [nbiot-mqtt] <- +CSQ: 31,0
[ 208.6s] [nbiot-mqtt] <- OK
[ 219.8s] +RCV addr=1 len=116 rssi=-69 snr=12 data="B,2,21.4,58.5,939.7,35905,0.0,0.0,0.0,605,0.0,0.0,0,0.0,0,3;21.4,58.5,939.7,35905,0.0,0.0,0.0,605,0.0,0.0,0,0.0,0,0;"
[ 219.8s]   batch of 2 reading(s)
[ 222.0s] +RCV addr=1 len=33 rssi=-69 snr=12 data="STAT,24087,8,0,11100,57,3115,85,0"
[ 222.0s]   node health: charge 85% (3115 mV at the sense pin)
[ 224.2s] +RCV addr=3 len=71 rssi=-68 snr=12 data="24.59,44.23,939.39,19894.31,0.00,0.00,0.00,733.00,0.00,0.00,0.00,0.00,0"
[ 238.6s] [nbiot-mqtt] -> AT+CSQ
[ 238.6s] [nbiot-mqtt] <- +CSQ: 31,0
[ 238.6s] [nbiot-mqtt] <- OK
[ 250.1s] [nbiot-mqtt] state IDLE -> PUBLISHING
[ 250.1s] [nbiot-mqtt] -> AT+QMTPUB=0,0,0,0,"v1/gateway/telemetry"
[ 250.1s] [nbiot-mqtt] payload (842 bytes): {"NodoC-1":[{"ts":1791369619321,"values":{"temp":21.40,"rh":58.50,"pres":939.70,"gas":35905.00,"pm1":0.00,"pm25":0.00,"pm10":0.00,"co2":605.00,"co":0.00,"coTemp":0.00,"windAngle":0.00,"windSpeed":0.00,"windValid":false,"rssi":-69,"snr":12,"chargePct":85,"capMv":3115,"alarmState":0}},{"ts":1791369649321,"values":{"temp":21.40,"rh":58.50,"pres":939.70,"gas":35905.00,"pm1":0.00,"pm25":0.00,"pm10":0.00,"co2":605.00,"co":0.00,"coTemp":0.00,"windAngle":0.00,"windSpeed":0.00,"windValid":false,"rssi":-69,"snr":12,"chargePct":85,"capMv":3115,"alarmState":0}}],"NodoC-2":[{"ts":1791369653401,"values":{"temp":24.59,"rh":44.23,"pres":939.39,"gas":19894.31,"pm1":0.00,"pm25":0.00,"pm10":0.00,"co2":733.00,"co":0.00,"coTemp":0.00,"windAngle":0.00,"windSpeed":0.00,"windValid":false,"rssi":-68,"snr":12,"chargePct":100,"capMv":4509,"alarmState":0}}]}
[ 250.1s] [nbiot-mqtt] <- OK
[ 250.1s] [nbiot-mqtt] <- +QMTPUB: 0,0,0
[ 250.1s] [nbiot-mqtt] state PUBLISHING -> IDLE
[ 250.1s] [nbiot-mqtt] -> AT+CSQ
[ 250.1s] [nbiot-mqtt] <- +CSQ: 31,0
[ 250.1s] [nbiot-mqtt] <- OK
[ 264.4s] +RCV addr=4 len=112 rssi=-39 snr=12 data="B,2,24.8,48.8,939.3,0,0.0,0.0,0.0,925,-1.0,-1.0,0,0.0,0,3;24.8,48.8,939.3,0,0.0,0.0,0.0,925,-1.0,-1.0,0,0.0,0,0;"
[ 264.4s]   batch of 2 reading(s)
[ 266.3s] +RCV addr=4 len=30 rssi=-40 snr=13 data="STAT,39,8,0,00100,39,3120,86,0"
[ 266.3s]   node health: charge 86% (3120 mV at the sense pin)
[ 280.3s] [nbiot-mqtt] -> AT+CSQ
[ 280.3s] [nbiot-mqtt] <- +CSQ: 31,0
[ 280.3s] [nbiot-mqtt] <- OK
[ 291.5s] +RCV addr=1 len=71 rssi=-69 snr=12 data="21.41,58.44,939.67,35904.63,0.00,0.00,0.00,605.00,0.00,0.00,0.00,0.00,0"
[ 293.7s] +RCV addr=1 len=33 rssi=-70 snr=12 data="STAT,24091,8,0,11100,61,3115,85,0"
[ 293.7s]   node health: charge 85% (3115 mV at the sense pin)
[ 294.4s] [nbiot-mqtt] state IDLE -> PUBLISHING
[ 294.4s] [nbiot-mqtt] -> AT+QMTPUB=0,0,0,0,"v1/gateway/telemetry"
[ 294.4s] [nbiot-mqtt] payload (837 bytes): {"NodoC-3":[{"ts":1791369663720,"values":{"temp":24.80,"rh":48.80,"pres":939.30,"gas":0.00,"pm1":0.00,"pm25":0.00,"pm10":0.00,"co2":925.00,"co":-1.00,"coTemp":-1.00,"windAngle":0.00,"windSpeed":0.00,"windValid":false,"rssi":-39,"snr":12,"chargePct":86,"capMv":3120,"alarmState":0}},{"ts":1791369693720,"values":{"temp":24.80,"rh":48.80,"pres":939.30,"gas":0.00,"pm1":0.00,"pm25":0.00,"pm10":0.00,"co2":925.00,"co":-1.00,"coTemp":-1.00,"windAngle":0.00,"windSpeed":0.00,"windValid":false,"rssi":-39,"snr":12,"chargePct":86,"capMv":3120,"alarmState":0}}],"NodoC-1":[{"ts":1791369720815,"values":{"temp":21.41,"rh":58.44,"pres":939.67,"gas":35904.63,"pm1":0.00,"pm25":0.00,"pm10":0.00,"co2":605.00,"co":0.00,"coTemp":0.00,"windAngle":0.00,"windSpeed":0.00,"windValid":false,"rssi":-69,"snr":12,"chargePct":85,"capMv":3115,"alarmState":0}}]}
[ 294.4s] [nbiot-mqtt] <- OK
[ 294.7s] [nbiot-mqtt] <- +QMTPUB: 0,0,0
[ 294.7s] [nbiot-mqtt] state PUBLISHING -> IDLE
[ 294.7s] [nbiot-mqtt] -> AT+CSQ
[ 294.7s] [nbiot-mqtt] <- +CSQ: 31,0
[ 294.7s] [nbiot-mqtt] <- OK
[ 295.6s] +RCV addr=3 len=71 rssi=-71 snr=12 data="24.55,44.29,939.42,19894.31,0.00,0.00,0.00,733.00,0.00,0.00,0.00,0.00,0"
[ 297.8s] +RCV addr=3 len=34 rssi=-71 snr=12 data="STAT,23939,8,0,11100,89,4972,100,0"
[ 297.8s]   node health: charge 100% (4972 mV at the sense pin)
[ 324.6s] [nbiot-mqtt] -> AT+CSQ
[ 324.6s] [nbiot-mqtt] <- +CSQ: 31,0
[ 324.6s] [nbiot-mqtt] <- OK
[ 335.8s] +RCV addr=4 len=69 rssi=-29 snr=12 data="24.86,48.72,939.30,0.00,0.00,0.00,0.00,925.00,-1.00,-1.00,0.00,0.00,0"
[ 338.0s] +RCV addr=4 len=30 rssi=-29 snr=13 data="STAT,43,8,0,00100,43,3120,86,0"
[ 338.0s]   node health: charge 86% (3120 mV at the sense pin)
[ 354.5s] [nbiot-mqtt] -> AT+CSQ
[ 354.5s] [nbiot-mqtt] <- +CSQ: 31,0
[ 354.5s] [nbiot-mqtt] <- OK
[ 355.8s] [nbiot-mqtt] state IDLE -> PUBLISHING
[ 355.8s] [nbiot-mqtt] -> AT+QMTPUB=0,0,0,0,"v1/gateway/telemetry"
[ 355.8s] [nbiot-mqtt] payload (568 bytes): {"NodoC-2":[{"ts":1791369725001,"values":{"temp":24.55,"rh":44.29,"pres":939.42,"gas":19894.31,"pm1":0.00,"pm25":0.00,"pm10":0.00,"co2":733.00,"co":0.00,"coTemp":0.00,"windAngle":0.00,"windSpeed":0.00,"windValid":false,"rssi":-71,"snr":12,"chargePct":100,"capMv":4509,"alarmState":0}}],"NodoC-3":[{"ts":1791369765232,"values":{"temp":24.86,"rh":48.72,"pres":939.30,"gas":0.00,"pm1":0.00,"pm25":0.00,"pm10":0.00,"co2":925.00,"co":-1.00,"coTemp":-1.00,"windAngle":0.00,"windSpeed":0.00,"windValid":false,"rssi":-29,"snr":12,"chargePct":86,"capMv":3120,"alarmState":0}}]}
[ 355.8s] [nbiot-mqtt] <- OK
[ 355.8s] [nbiot-mqtt] <- +QMTPUB: 0,0,0
[ 355.8s] [nbiot-mqtt] state PUBLISHING -> IDLE
[ 355.8s] [nbiot-mqtt] -> AT+CSQ
[ 355.8s] [nbiot-mqtt] <- +CSQ: 31,0
[ 355.8s] [nbiot-mqtt] <- OK
[ 363.0s] +RCV addr=1 len=71 rssi=-70 snr=1 data="21.39,58.45,939.70,35904.63,0.00,0.00,0.00,605.00,0.00,0.00,0.00,0.00,0"
[ 385.8s] +RCV addr=1 len=33 rssi=-70 snr=0 data="STAT,24095,8,0,11100,65,3115,85,0"
[ 385.8s]   node health: charge 85% (3115 mV at the sense pin)
[ 385.8s] [nbiot-mqtt] -> AT+CSQ
[ 385.8s] [nbiot-mqtt] <- +CSQ: 31,0
[ 385.8s] [nbiot-mqtt] <- OK
[ 386.7s] +RCV addr=3 len=116 rssi=-70 snr=0 data="B,2,24.7,44.0,939.4,19674,0.0,0.0,0.0,708,0.0,0.0,0,0.0,0,3;24.6,44.1,939.4,19674,0.0,0.0,0.0,708,0.0,0.0,0,0.0,0,0;"
[ 386.7s]   batch of 2 reading(s)
[ 388.9s] +RCV addr=3 len=33 rssi=-70 snr=0 data="STAT,23943,8,0,11100,3,4740,100,0"
[ 388.9s]   node health: charge 100% (4740 mV at the sense pin)
[ 407.3s] +RCV addr=4 len=69 rssi=-40 snr=13 data="24.93,48.51,939.33,0.00,0.00,0.00,0.00,925.00,-1.00,-1.00,0.00,0.00,0"
[ 409.5s] +RCV addr=4 len=30 rssi=-31 snr=13 data="STAT,47,8,0,00100,47,3120,86,0"
[ 409.5s]   node health: charge 86% (3120 mV at the sense pin)
[ 416.0s] [nbiot-mqtt] -> AT+CSQ
[ 416.0s] [nbiot-mqtt] <- +CSQ: 31,0
[ 416.0s] [nbiot-mqtt] <- OK
[ 422.8s] [nbiot-mqtt] state IDLE -> PUBLISHING
[ 422.8s] [nbiot-mqtt] -> AT+QMTPUB=0,0,0,0,"v1/gateway/telemetry"
[ 422.8s] [nbiot-mqtt] payload (1122 bytes): {"NodoC-1":[{"ts":1791369792315,"values":{"temp":21.39,"rh":58.45,"pres":939.70,"gas":35904.63,"pm1":0.00,"pm25":0.00,"pm10":0.00,"co2":605.00,"co":0.00,"coTemp":0.00,"windAngle":0.00,"windSpeed":0.00,"windValid":false,"rssi":-70,"snr":1,"chargePct":85,"capMv":3115,"alarmState":0}}],"NodoC-2":[{"ts":1791369786104,"values":{"temp":24.70,"rh":44.00,"pres":939.40,"gas":19674.00,"pm1":0.00,"pm25":0.00,"pm10":0.00,"co2":708.00,"co":0.00,"coTemp":0.00,"windAngle":0.00,"windSpeed":0.00,"windValid":false,"rssi":-70,"snr":0,"chargePct":100,"capMv":4972,"alarmState":0}},{"ts":1791369816104,"values":{"temp":24.60,"rh":44.10,"pres":939.40,"gas":19674.00,"pm1":0.00,"pm25":0.00,"pm10":0.00,"co2":708.00,"co":0.00,"coTemp":0.00,"windAngle":0.00,"windSpeed":0.00,"windValid":false,"rssi":-70,"snr":0,"chargePct":100,"capMv":4972,"alarmState":0}}],"NodoC-3":[{"ts":1791369836750,"values":{"temp":24.93,"rh":48.51,"pres":939.33,"gas":0.00,"pm1":0.00,"pm25":0.00,"pm10":0.00,"co2":925.00,"co":-1.00,"coTemp":-1.00,"windAngle":0.00,"windSpeed":0.00,"windValid":false,"rssi":-40,"snr":13,"chargePct":86,"capMv":3120,"alarmState":0}}]}
[ 423.2s] [nbiot-mqtt] <- OK
[ 423.2s] [nbiot-mqtt] <- +QMTPUB: 0,0,0
[ 423.2s] [nbiot-mqtt] state PUBLISHING -> IDLE
[ 423.2s] [nbiot-mqtt] -> AT+CSQ
[ 423.2s] [nbiot-mqtt] <- +CSQ: 31,0
[ 423.2s] [nbiot-mqtt] <- OK
[ 434.7s] +RCV addr=1 len=116 rssi=-72 snr=11 data="B,2,21.4,58.4,939.7,35905,0.0,0.0,0.0,605,0.0,0.0,0,0.0,0,3;21.4,58.4,939.7,35905,0.0,0.0,0.0,605,0.0,0.0,0,0.0,0,0;"
[ 434.7s]   batch of 2 reading(s)
[ 436.6s] +RCV addr=1 len=33 rssi=-70 snr=12 data="STAT,24099,8,0,11100,69,3115,85,0"
[ 436.6s]   node health: charge 85% (3115 mV at the sense pin)
[ 453.1s] [nbiot-mqtt] -> AT+CSQ
[ 453.1s] [nbiot-mqtt] <- +CSQ: 31,0
[ 453.1s] [nbiot-mqtt] <- OK
[ 454.3s] +RCV addr=4 len=117 rssi=-26 snr=14 data="B,2,25.1,49.5,939.4,0,0.0,0.0,0.0,925,-1.0,-1.0,0,0.0,0,0;25.1,49.5,939.4,10589,0.0,0.0,0.0,1086,-1.0,-1.0,0,0.0,0,0;"
[ 454.3s]   batch of 2 reading(s)
[ 456.2s] +RCV addr=4 len=29 rssi=-24 snr=12 data="STAT,48,8,0,11100,0,3120,86,1"
[ 456.2s]   *** NodoC-3 EN PRE-ALARMA - publicando YA ***
[ 456.2s]   node health: charge 86% (3120 mV at the sense pin)
[ 456.2s] [nbiot-mqtt] state IDLE -> PUBLISHING
[ 456.2s] [nbiot-mqtt] -> AT+QMTPUB=0,0,0,0,"v1/gateway/telemetry"
[ 456.2s] [nbiot-mqtt] payload (1114 bytes): {"NodoC-1":[{"ts":1791369833899,"values":{"temp":21.40,"rh":58.40,"pres":939.70,"gas":35905.00,"pm1":0.00,"pm25":0.00,"pm10":0.00,"co2":605.00,"co":0.00,"coTemp":0.00,"windAngle":0.00,"windSpeed":0.00,"windValid":false,"rssi":-72,"snr":11,"chargePct":85,"capMv":3115,"alarmState":0}},{"ts":1791369863899,"values":{"temp":21.40,"rh":58.40,"pres":939.70,"gas":35905.00,"pm1":0.00,"pm25":0.00,"pm10":0.00,"co2":605.00,"co":0.00,"coTemp":0.00,"windAngle":0.00,"windSpeed":0.00,"windValid":false,"rssi":-72,"snr":11,"chargePct":85,"capMv":3115,"alarmState":0}}],"NodoC-3":[{"ts":1791369883551,"values":{"temp":25.10,"rh":49.50,"pres":939.40,"gas":0.00,"pm1":0.00,"pm25":0.00,"pm10":0.00,"co2":925.00,"co":-1.00,"coTemp":-1.00,"windAngle":0.00,"windSpeed":0.00,"windValid":false,"rssi":-26,"snr":14,"chargePct":86,"capMv":3120,"alarmState":1}},{"ts":1791369883551,"values":{"temp":25.10,"rh":49.50,"pres":939.40,"gas":10589.00,"pm1":0.00,"pm25":0.00,"pm10":0.00,"co2":1086.00,"co":-1.00,"coTemp":-1.00,"windAngle":0.00,"windSpeed":0.00,"windValid":false,"rssi":-26,"snr":14,"chargePct":86,"capMv":3120,"alarmState":1}}]}
[ 456.5s] [nbiot-mqtt] <- OK
[ 456.5s] [nbiot-mqtt] <- +QMTPUB: 0,0,0
[ 456.5s] [nbiot-mqtt] state PUBLISHING -> IDLE
[ 456.5s] [nbiot-mqtt] -> AT+CSQ
[ 456.5s] [nbiot-mqtt] <- +CSQ: 31,0
[ 456.5s] [nbiot-mqtt] <- OK
[ 458.4s] +RCV addr=3 len=71 rssi=-70 snr=12 data="24.73,43.87,939.50,19674.15,0.00,0.00,0.00,708.00,0.00,0.00,0.00,0.00,0"
[ 460.6s] +RCV addr=3 len=33 rssi=-71 snr=12 data="STAT,23947,8,0,11100,7,4971,100,0"
[ 460.6s]   node health: charge 100% (4971 mV at the sense pin)
[ 482.7s] +RCV addr=4 len=29 rssi=-27 snr=12 data="STAT,48,8,0,11000,0,3120,86,1"
[ 482.7s]   *** NodoC-3 EN PRE-ALARMA - publicando YA ***
[ 482.7s]   node health: charge 86% (3120 mV at the sense pin)
[ 482.7s] [nbiot-mqtt] state IDLE -> PUBLISHING
[ 482.7s] [nbiot-mqtt] -> AT+QMTPUB=0,0,0,0,"v1/gateway/telemetry"
[ 482.7s] [nbiot-mqtt] payload (286 bytes): {"NodoC-2":[{"ts":1791369887708,"values":{"temp":24.73,"rh":43.87,"pres":939.50,"gas":19674.15,"pm1":0.00,"pm25":0.00,"pm10":0.00,"co2":708.00,"co":0.00,"coTemp":0.00,"windAngle":0.00,"windSpeed":0.00,"windValid":false,"rssi":-70,"snr":12,"chargePct":100,"capMv":4740,"alarmState":0}}]}
[ 482.7s] [nbiot-mqtt] <- OK
[ 483.0s] [nbiot-mqtt] <- +QMTPUB: 0,0,0
[ 483.0s] [nbiot-mqtt] state PUBLISHING -> IDLE
[ 483.0s] [nbiot-mqtt] -> AT+CSQ
[ 483.0s] [nbiot-mqtt] <- +CSQ: 31,0
[ 483.0s] [nbiot-mqtt] <- OK
[ 506.1s] +RCV addr=1 len=71 rssi=-70 snr=12 data="21.40,58.36,939.71,35904.63,0.00,0.00,0.00,605.00,0.00,0.00,0.00,0.00,0"
[ 507.1s] +RCV addr=4 len=73 rssi=-27 snr=12 data="25.30,50.76,939.35,5684.85,0.00,0.00,0.00,1086.00,-1.00,-1.00,0.00,0.00,0"
[ 508.3s] +RCV addr=1 len=33 rssi=-70 snr=12 data="STAT,24103,8,0,11100,73,3115,85,0"
[ 508.3s]   node health: charge 85% (3115 mV at the sense pin)
[ 509.3s] +RCV addr=4 len=29 rssi=-27 snr=12 data="STAT,48,8,0,11000,0,3120,86,1"
[ 509.3s]   *** NodoC-3 EN PRE-ALARMA - publicando YA ***
[ 509.3s]   node health: charge 86% (3120 mV at the sense pin)
[ 509.3s] [nbiot-mqtt] state IDLE -> PUBLISHING
[ 509.3s] [nbiot-mqtt] -> AT+QMTPUB=0,0,0,0,"v1/gateway/telemetry"
[ 509.3s] [nbiot-mqtt] payload (571 bytes): {"NodoC-1":[{"ts":1791369935404,"values":{"temp":21.40,"rh":58.36,"pres":939.71,"gas":35904.63,"pm1":0.00,"pm25":0.00,"pm10":0.00,"co2":605.00,"co":0.00,"coTemp":0.00,"windAngle":0.00,"windSpeed":0.00,"windValid":false,"rssi":-70,"snr":12,"chargePct":85,"capMv":3115,"alarmState":0}}],"NodoC-3":[{"ts":1791369936447,"values":{"temp":25.30,"rh":50.76,"pres":939.35,"gas":5684.85,"pm1":0.00,"pm25":0.00,"pm10":0.00,"co2":1086.00,"co":-1.00,"coTemp":-1.00,"windAngle":0.00,"windSpeed":0.00,"windValid":false,"rssi":-27,"snr":12,"chargePct":86,"capMv":3120,"alarmState":1}}]}
[ 509.3s] [nbiot-mqtt] <- OK
[ 509.6s] [nbiot-mqtt] <- +QMTPUB: 0,0,0
[ 509.6s] [nbiot-mqtt] state PUBLISHING -> IDLE
[ 509.6s] [nbiot-mqtt] -> AT+CSQ
[ 509.6s] [nbiot-mqtt] <- +CSQ: 31,0
[ 509.6s] [nbiot-mqtt] <- OK
[ 529.9s] +RCV addr=3 len=71 rssi=-74 snr=12 data="24.78,43.71,939.45,19674.15,0.00,0.00,0.00,708.00,0.00,0.00,0.00,0.00,0"
[ 532.0s] +RCV addr=3 len=34 rssi=-74 snr=12 data="STAT,23951,8,0,11100,11,4741,100,0"
[ 532.0s]   node health: charge 100% (4741 mV at the sense pin)
[ 533.6s] +RCV addr=4 len=73 rssi=-27 snr=12 data="25.30,50.76,939.35,5684.85,0.00,0.00,0.00,1086.00,-1.00,-1.00,0.00,0.00,0"
[ 535.5s] +RCV addr=4 len=29 rssi=-27 snr=12 data="STAT,48,8,0,01000,0,3120,86,1"
[ 535.5s]   *** NodoC-3 EN PRE-ALARMA - publicando YA ***
[ 535.5s]   node health: charge 86% (3120 mV at the sense pin)
[ 535.5s] [nbiot-mqtt] state IDLE -> PUBLISHING
[ 535.5s] [nbiot-mqtt] -> AT+QMTPUB=0,0,0,0,"v1/gateway/telemetry"
[ 535.8s] [nbiot-mqtt] payload (572 bytes): {"NodoC-2":[{"ts":1791369959317,"values":{"temp":24.78,"rh":43.71,"pres":939.45,"gas":19674.15,"pm1":0.00,"pm25":0.00,"pm10":0.00,"co2":708.00,"co":0.00,"coTemp":0.00,"windAngle":0.00,"windSpeed":0.00,"windValid":false,"rssi":-74,"snr":12,"chargePct":100,"capMv":4971,"alarmState":0}}],"NodoC-3":[{"ts":1791369963021,"values":{"temp":25.30,"rh":50.76,"pres":939.35,"gas":5684.85,"pm1":0.00,"pm25":0.00,"pm10":0.00,"co2":1086.00,"co":-1.00,"coTemp":-1.00,"windAngle":0.00,"windSpeed":0.00,"windValid":false,"rssi":-27,"snr":12,"chargePct":86,"capMv":3120,"alarmState":1}}]}
[ 535.8s] [nbiot-mqtt] <- OK
[ 535.8s] [nbiot-mqtt] <- +QMTPUB: 0,0,0
[ 535.8s] [nbiot-mqtt] state PUBLISHING -> IDLE
[ 535.8s] [nbiot-mqtt] -> AT+CSQ
[ 535.8s] [nbiot-mqtt] <- +CSQ: 31,0
[ 535.8s] [nbiot-mqtt] <- OK
[ 562.2s] +RCV addr=4 len=29 rssi=-27 snr=12 data="STAT,48,8,0,11000,0,3120,86,1"
[ 562.2s]   *** NodoC-3 EN PRE-ALARMA - publicando YA ***
[ 562.2s]   node health: charge 86% (3120 mV at the sense pin)
[ 566.0s] [nbiot-mqtt] -> AT+CSQ
[ 566.0s] [nbiot-mqtt] <- +CSQ: 31,0
[ 566.0s] [nbiot-mqtt] <- OK
[ 577.5s] +RCV addr=1 len=71 rssi=-69 snr=12 data="21.44,58.30,939.75,35904.63,0.00,0.00,0.00,605.00,0.00,0.00,0.00,0.00,0"
[ 577.5s] [nbiot-mqtt] state IDLE -> PUBLISHING
[ 577.5s] [nbiot-mqtt] -> AT+QMTPUB=0,0,0,0,"v1/gateway/telemetry"
[ 577.5s] [nbiot-mqtt] payload (285 bytes): {"NodoC-1":[{"ts":1791370006894,"values":{"temp":21.44,"rh":58.30,"pres":939.75,"gas":35904.63,"pm1":0.00,"pm25":0.00,"pm10":0.00,"co2":605.00,"co":0.00,"coTemp":0.00,"windAngle":0.00,"windSpeed":0.00,"windValid":false,"rssi":-69,"snr":12,"chargePct":85,"capMv":3115,"alarmState":0}}]}
[ 577.5s] [nbiot-mqtt] <- OK
[ 577.8s] [nbiot-mqtt] <- +QMTPUB: 0,0,0
[ 577.8s] [nbiot-mqtt] state PUBLISHING -> IDLE
[ 577.8s] [nbiot-mqtt] -> AT+CSQ
[ 577.8s] [nbiot-mqtt] <- +CSQ: 31,0
[ 577.8s] [nbiot-mqtt] <- OK
[ 579.7s] +RCV addr=1 len=33 rssi=-70 snr=12 data="STAT,24107,8,0,11100,77,3115,85,0"
[ 579.7s]   node health: charge 85% (3115 mV at the sense pin)
[ 586.5s] +RCV addr=4 len=73 rssi=-23 snr=13 data="25.31,50.18,939.36,5684.85,0.00,0.00,0.00,1086.00,-1.00,-1.00,0.00,0.00,0"
[ 588.7s] +RCV addr=4 len=29 rssi=-23 snr=12 data="STAT,48,8,0,11000,0,3120,86,1"
[ 588.7s]   *** NodoC-3 EN PRE-ALARMA - publicando YA ***
[ 588.7s]   node health: charge 86% (3120 mV at the sense pin)
[ 588.7s] [nbiot-mqtt] state IDLE -> PUBLISHING
[ 588.7s] [nbiot-mqtt] -> AT+QMTPUB=0,0,0,0,"v1/gateway/telemetry"
[ 588.7s] [nbiot-mqtt] payload (287 bytes): {"NodoC-3":[{"ts":1791370015791,"values":{"temp":25.31,"rh":50.18,"pres":939.36,"gas":5684.85,"pm1":0.00,"pm25":0.00,"pm10":0.00,"co2":1086.00,"co":-1.00,"coTemp":-1.00,"windAngle":0.00,"windSpeed":0.00,"windValid":false,"rssi":-23,"snr":13,"chargePct":86,"capMv":3120,"alarmState":1}}]}
[ 588.7s] [nbiot-mqtt] <- OK
[ 588.7s] [nbiot-mqtt] <- +QMTPUB: 0,0,0
[ 588.7s] [nbiot-mqtt] state PUBLISHING -> IDLE
[ 588.7s] [nbiot-mqtt] -> AT+CSQ
[ 588.7s] [nbiot-mqtt] <- +CSQ: 31,0
[ 588.7s] [nbiot-mqtt] <- OK
[ 601.5s] +RCV addr=3 len=116 rssi=-70 snr=12 data="B,2,24.9,43.5,939.4,19674,0.0,0.0,0.0,708,0.0,0.0,0,0.0,0,3;24.9,43.4,939.4,19674,0.0,0.0,0.0,708,0.0,0.0,0,0.0,0,0;"
[ 601.5s]   batch of 2 reading(s)
[ 603.7s] +RCV addr=3 len=34 rssi=-70 snr=12 data="STAT,23955,8,0,11100,15,4741,100,0"
[ 603.7s]   node health: charge 100% (4741 mV at the sense pin)
[ 613.0s] +RCV addr=4 len=73 rssi=-23 snr=13 data="25.33,48.82,939.36,5684.85,0.00,0.00,0.00,1086.00,-1.00,-1.00,0.00,0.00,0"
[ 613.0s] +RCV addr=4 len=73 rssi=-86 snr=-11 data="25.33,48.82,939.36,5684.85,0.00,0.00,0.00,1086.00,-1.00,-1.00,0.00,0.00,0"
[ 614.9s] +RCV addr=4 len=29 rssi=-23 snr=12 data="STAT,48,8,0,11000,0,3120,86,1"
[ 614.9s]   *** NodoC-3 EN PRE-ALARMA - publicando YA ***
[ 614.9s]   node health: charge 86% (3120 mV at the sense pin)
[ 614.9s] [nbiot-mqtt] state IDLE -> PUBLISHING
[ 614.9s] [nbiot-mqtt] -> AT+QMTPUB=0,0,0,0,"v1/gateway/telemetry"
[ 614.9s] [nbiot-mqtt] payload (1120 bytes): {"NodoC-2":[{"ts":1791370000988,"values":{"temp":24.90,"rh":43.50,"pres":939.40,"gas":19674.00,"pm1":0.00,"pm25":0.00,"pm10":0.00,"co2":708.00,"co":0.00,"coTemp":0.00,"windAngle":0.00,"windSpeed":0.00,"windValid":false,"rssi":-70,"snr":12,"chargePct":100,"capMv":4741,"alarmState":0}},{"ts":1791370030988,"values":{"temp":24.90,"rh":43.40,"pres":939.40,"gas":19674.00,"pm1":0.00,"pm25":0.00,"pm10":0.00,"co2":708.00,"co":0.00,"coTemp":0.00,"windAngle":0.00,"windSpeed":0.00,"windValid":false,"rssi":-70,"snr":12,"chargePct":100,"capMv":4741,"alarmState":0}}],"NodoC-3":[{"ts":1791370042219,"values":{"temp":25.33,"rh":48.82,"pres":939.36,"gas":5684.85,"pm1":0.00,"pm25":0.00,"pm10":0.00,"co2":1086.00,"co":-1.00,"coTemp":-1.00,"windAngle":0.00,"windSpeed":0.00,"windValid":false,"rssi":-23,"snr":13,"chargePct":86,"capMv":3120,"alarmState":1}},{"ts":1791370042244,"values":{"temp":25.33,"rh":48.82,"pres":939.36,"gas":5684.85,"pm1":0.00,"pm25":0.00,"pm10":0.00,"co2":1086.00,"co":-1.00,"coTemp":-1.00,"windAngle":0.00,"windSpeed":0.00,"windValid":false,"rssi":-86,"snr":-11,"chargePct":86,"capMv":3120,"alarmState":1}}]}
[ 615.2s] [nbiot-mqtt] <- OK
[ 615.2s] [nbiot-mqtt] <- +QMTPUB: 0,0,0
[ 615.2s] [nbiot-mqtt] state PUBLISHING -> IDLE
[ 615.2s] [nbiot-mqtt] -> AT+CSQ
[ 615.2s] [nbiot-mqtt] <- +CSQ: 31,0
[ 615.2s] [nbiot-mqtt] <- OK
[ 639.2s] +RCV addr=4 len=73 rssi=-23 snr=12 data="25.35,49.36,939.36,5684.85,0.00,0.00,0.00,1086.00,-1.00,-1.00,0.00,0.00,0"
[ 641.4s] +RCV addr=4 len=29 rssi=-23 snr=13 data="STAT,48,8,0,11000,0,3120,86,1"
[ 641.4s]   *** NodoC-3 EN PRE-ALARMA - publicando YA ***
[ 641.4s]   node health: charge 86% (3120 mV at the sense pin)
[ 641.4s] [nbiot-mqtt] state IDLE -> PUBLISHING
[ 641.4s] [nbiot-mqtt] -> AT+QMTPUB=0,0,0,0,"v1/gateway/telemetry"
[ 641.4s] [nbiot-mqtt] payload (287 bytes): {"NodoC-3":[{"ts":1791370068650,"values":{"temp":25.35,"rh":49.36,"pres":939.36,"gas":5684.85,"pm1":0.00,"pm25":0.00,"pm10":0.00,"co2":1086.00,"co":-1.00,"coTemp":-1.00,"windAngle":0.00,"windSpeed":0.00,"windValid":false,"rssi":-23,"snr":12,"chargePct":86,"capMv":3120,"alarmState":1}}]}
[ 641.4s] [nbiot-mqtt] <- OK
[ 641.7s] [nbiot-mqtt] <- +QMTPUB: 0,0,0
[ 641.7s] [nbiot-mqtt] state PUBLISHING -> IDLE
[ 641.7s] [nbiot-mqtt] -> AT+CSQ
[ 641.7s] [nbiot-mqtt] <- +CSQ: 31,0
[ 641.7s] [nbiot-mqtt] <- OK
[ 651.3s] +RCV addr=1 len=33 rssi=-70 snr=13 data="STAT,24111,8,0,11100,81,3115,85,0"
[ 651.3s]   node health: charge 85% (3115 mV at the sense pin)
[ 667.9s] +RCV addr=4 len=73 rssi=-23 snr=12 data="25.34,47.95,939.35,5684.85,0.00,0.00,0.00,1086.00,-1.00,-1.00,0.00,0.00,0"
[ 667.9s] +RCV addr=4 len=29 rssi=-23 snr=13 data="STAT,48,8,0,11000,0,3120,86,1"
[ 667.9s]   *** NodoC-3 EN PRE-ALARMA - publicando YA ***
[ 667.9s]   node health: charge 86% (3120 mV at the sense pin)
[ 667.9s] [nbiot-mqtt] state IDLE -> PUBLISHING
[ 667.9s] [nbiot-mqtt] -> AT+QMTPUB=0,0,0,0,"v1/gateway/telemetry"
[ 667.9s] [nbiot-mqtt] payload (287 bytes): {"NodoC-3":[{"ts":1791370095080,"values":{"temp":25.34,"rh":47.95,"pres":939.35,"gas":5684.85,"pm1":0.00,"pm25":0.00,"pm10":0.00,"co2":1086.00,"co":-1.00,"coTemp":-1.00,"windAngle":0.00,"windSpeed":0.00,"windValid":false,"rssi":-23,"snr":12,"chargePct":86,"capMv":3120,"alarmState":1}}]}
[ 667.9s] [nbiot-mqtt] <- OK
[ 667.9s] [nbiot-mqtt] <- +QMTPUB: 0,0,0
[ 667.9s] [nbiot-mqtt] state PUBLISHING -> IDLE
[ 668.2s] [nbiot-mqtt] -> AT+CSQ
[ 668.2s] [nbiot-mqtt] <- +CSQ: 31,0
[ 668.2s] [nbiot-mqtt] <- OK
[ 673.2s] +RCV addr=3 len=71 rssi=-71 snr=13 data="24.81,43.66,939.44,19674.15,0.00,0.00,0.00,708.00,0.00,0.00,0.00,0.00,0"
[ 675.3s] +RCV addr=3 len=34 rssi=-70 snr=12 data="STAT,23959,8,0,11100,19,4971,100,0"
[ 675.3s]   node health: charge 100% (4971 mV at the sense pin)
[ 692.2s] +RCV addr=4 len=73 rssi=-23 snr=12 data="25.34,47.68,939.34,5684.85,0.00,0.00,0.00,1086.00,-1.00,-1.00,0.00,0.00,0"
[ 694.4s] +RCV addr=4 len=29 rssi=-23 snr=12 data="STAT,48,8,0,11000,0,3120,86,1"
[ 694.4s]   *** NodoC-3 EN PRE-ALARMA - publicando YA ***
[ 694.4s]   node health: charge 86% (3120 mV at the sense pin)
[ 694.4s] [nbiot-mqtt] state IDLE -> PUBLISHING
[ 694.4s] [nbiot-mqtt] -> AT+QMTPUB=0,0,0,0,"v1/gateway/telemetry"
[ 694.4s] [nbiot-mqtt] payload (572 bytes): {"NodoC-2":[{"ts":1791370102600,"values":{"temp":24.81,"rh":43.66,"pres":939.44,"gas":19674.15,"pm1":0.00,"pm25":0.00,"pm10":0.00,"co2":708.00,"co":0.00,"coTemp":0.00,"windAngle":0.00,"windSpeed":0.00,"windValid":false,"rssi":-71,"snr":13,"chargePct":100,"capMv":4741,"alarmState":0}}],"NodoC-3":[{"ts":1791370121510,"values":{"temp":25.34,"rh":47.68,"pres":939.34,"gas":5684.85,"pm1":0.00,"pm25":0.00,"pm10":0.00,"co2":1086.00,"co":-1.00,"coTemp":-1.00,"windAngle":0.00,"windSpeed":0.00,"windValid":false,"rssi":-23,"snr":12,"chargePct":86,"capMv":3120,"alarmState":1}}]}
[ 694.4s] [nbiot-mqtt] <- OK
[ 694.4s] [nbiot-mqtt] <- +QMTPUB: 0,0,0
[ 694.4s] [nbiot-mqtt] state PUBLISHING -> IDLE
[ 694.4s] [nbiot-mqtt] -> AT+CSQ
[ 694.4s] [nbiot-mqtt] <- +CSQ: 31,0
[ 694.4s] [nbiot-mqtt] <- OK
[ 722.4s] +RCV addr=1 len=33 rssi=-69 snr=12 data="STAT,24115,8,0,11100,85,3115,85,0"
[ 722.4s]   node health: charge 85% (3115 mV at the sense pin)
[ 724.3s] [nbiot-mqtt] -> AT+CSQ
[ 724.6s] [nbiot-mqtt] <- +CSQ: 31,0
[ 724.6s] [nbiot-mqtt] <- OK
[ 744.9s] +RCV addr=3 len=71 rssi=-71 snr=13 data="24.86,43.57,939.43,19674.15,0.00,0.00,0.00,708.00,0.00,0.00,0.00,0.00,0"
[ 744.9s] +RCV addr=4 len=73 rssi=-22 snr=13 data="25.32,46.93,939.33,5684.85,0.00,0.00,0.00,1086.00,-1.00,-1.00,0.00,0.00,0"
[ 747.1s] +RCV addr=3 len=34 rssi=-72 snr=12 data="STAT,23963,8,0,11100,23,4970,100,0"
[ 747.1s]   node health: charge 100% (4970 mV at the sense pin)
[ 747.1s] +RCV addr=4 len=29 rssi=-22 snr=13 data="STAT,48,8,0,11000,0,3120,86,1"
[ 747.1s]   *** NodoC-3 EN PRE-ALARMA - publicando YA ***
[ 747.1s]   node health: charge 86% (3120 mV at the sense pin)
[ 747.1s] [nbiot-mqtt] state IDLE -> PUBLISHING
[ 747.1s] [nbiot-mqtt] -> AT+QMTPUB=0,0,0,0,"v1/gateway/telemetry"
[ 747.1s] [nbiot-mqtt] payload (572 bytes): {"NodoC-2":[{"ts":1791370174204,"values":{"temp":24.86,"rh":43.57,"pres":939.43,"gas":19674.15,"pm1":0.00,"pm25":0.00,"pm10":0.00,"co2":708.00,"co":0.00,"coTemp":0.00,"windAngle":0.00,"windSpeed":0.00,"windValid":false,"rssi":-71,"snr":13,"chargePct":100,"capMv":4971,"alarmState":0}}],"NodoC-3":[{"ts":1791370174369,"values":{"temp":25.32,"rh":46.93,"pres":939.33,"gas":5684.85,"pm1":0.00,"pm25":0.00,"pm10":0.00,"co2":1086.00,"co":-1.00,"coTemp":-1.00,"windAngle":0.00,"windSpeed":0.00,"windValid":false,"rssi":-22,"snr":13,"chargePct":86,"capMv":3120,"alarmState":1}}]}
[ 747.1s] [nbiot-mqtt] <- OK
[ 747.4s] [nbiot-mqtt] <- +QMTPUB: 0,0,0
[ 747.4s] [nbiot-mqtt] state PUBLISHING -> IDLE
[ 747.4s] [nbiot-mqtt] -> AT+CSQ
[ 747.4s] [nbiot-mqtt] <- +CSQ: 31,0
[ 747.4s] [nbiot-mqtt] <- OK
[ 773.6s] +RCV addr=4 len=73 rssi=-23 snr=13 data="25.31,47.22,939.33,5684.85,0.00,0.00,0.00,1086.00,-1.00,-1.00,0.00,0.00,0"
[ 773.6s] +RCV addr=4 len=29 rssi=-23 snr=13 data="STAT,48,8,0,11000,0,3120,86,1"
[ 773.6s]   *** NodoC-3 EN PRE-ALARMA - publicando YA ***
[ 773.6s]   node health: charge 86% (3120 mV at the sense pin)
[ 773.6s] [nbiot-mqtt] state IDLE -> PUBLISHING
[ 773.6s] [nbiot-mqtt] -> AT+QMTPUB=0,0,0,0,"v1/gateway/telemetry"
[ 773.6s] [nbiot-mqtt] payload (287 bytes): {"NodoC-3":[{"ts":1791370200800,"values":{"temp":25.31,"rh":47.22,"pres":939.33,"gas":5684.85,"pm1":0.00,"pm25":0.00,"pm10":0.00,"co2":1086.00,"co":-1.00,"coTemp":-1.00,"windAngle":0.00,"windSpeed":0.00,"windValid":false,"rssi":-23,"snr":13,"chargePct":86,"capMv":3120,"alarmState":1}}]}
[ 773.6s] [nbiot-mqtt] <- OK
[ 773.9s] [nbiot-mqtt] <- +QMTPUB: 0,0,0
[ 773.9s] [nbiot-mqtt] state PUBLISHING -> IDLE
[ 773.9s] [nbiot-mqtt] -> AT+CSQ
[ 773.9s] [nbiot-mqtt] <- +CSQ: 31,0
[ 773.9s] [nbiot-mqtt] <- OK
[ 792.0s] +RCV addr=1 len=71 rssi=-71 snr=13 data="21.46,58.31,939.71,35904.63,0.00,0.00,0.00,605.00,0.00,0.00,0.00,0.00,0"
[ 794.1s] +RCV addr=1 len=33 rssi=-70 snr=12 data="STAT,24119,8,0,11100,89,3115,85,0"
[ 794.1s]   node health: charge 85% (3115 mV at the sense pin)
[ 797.9s] +RCV addr=4 len=73 rssi=-23 snr=13 data="25.31,47.12,939.33,5684.85,0.00,0.00,0.00,1086.00,-1.00,-1.00,0.00,0.00,0"
[ 800.0s] +RCV addr=4 len=29 rssi=-23 snr=12 data="STAT,48,8,0,11000,0,3120,86,1"
[ 800.0s]   *** NodoC-3 EN PRE-ALARMA - publicando YA ***
[ 800.0s]   node health: charge 86% (3120 mV at the sense pin)
[ 800.0s] [nbiot-mqtt] state IDLE -> PUBLISHING
[ 800.0s] [nbiot-mqtt] -> AT+QMTPUB=0,0,0,0,"v1/gateway/telemetry"
[ 800.0s] [nbiot-mqtt] payload (571 bytes): {"NodoC-1":[{"ts":1791370221321,"values":{"temp":21.46,"rh":58.31,"pres":939.71,"gas":35904.63,"pm1":0.00,"pm25":0.00,"pm10":0.00,"co2":605.00,"co":0.00,"coTemp":0.00,"windAngle":0.00,"windSpeed":0.00,"windValid":false,"rssi":-71,"snr":13,"chargePct":85,"capMv":3115,"alarmState":0}}],"NodoC-3":[{"ts":1791370227231,"values":{"temp":25.31,"rh":47.12,"pres":939.33,"gas":5684.85,"pm1":0.00,"pm25":0.00,"pm10":0.00,"co2":1086.00,"co":-1.00,"coTemp":-1.00,"windAngle":0.00,"windSpeed":0.00,"windValid":false,"rssi":-23,"snr":13,"chargePct":86,"capMv":3120,"alarmState":1}}]}
[ 800.0s] [nbiot-mqtt] <- OK
[ 800.0s] [nbiot-mqtt] <- +QMTPUB: 0,0,0
[ 800.0s] [nbiot-mqtt] state PUBLISHING -> IDLE
[ 800.0s] [nbiot-mqtt] -> AT+CSQ
[ 800.4s] [nbiot-mqtt] <- +CSQ: 31,0
[ 800.4s] [nbiot-mqtt] <- OK
[ 816.6s] +RCV addr=3 len=116 rssi=-71 snr=12 data="B,2,24.8,43.7,939.4,19674,0.0,0.0,0.0,708,0.0,0.0,0,0.0,0,3;24.8,43.8,939.4,19674,0.0,0.0,0.0,708,0.0,0.0,0,0.0,0,0;"
[ 816.6s]   batch of 2 reading(s)
[ 818.8s] +RCV addr=3 len=34 rssi=-71 snr=12 data="STAT,23967,8,0,11100,27,4970,100,0"
[ 818.8s]   node health: charge 100% (4970 mV at the sense pin)
[ 830.3s] [nbiot-mqtt] -> AT+CSQ
[ 830.3s] [nbiot-mqtt] <- +CSQ: 31,0
[ 830.3s] [nbiot-mqtt] <- OK
[ 846.5s] [nbiot-mqtt] state IDLE -> PUBLISHING
[ 846.5s] [nbiot-mqtt] -> AT+QMTPUB=0,0,0,0,"v1/gateway/telemetry"
[ 846.5s] [nbiot-mqtt] payload (559 bytes): {"NodoC-2":[{"ts":1791370215871,"values":{"temp":24.80,"rh":43.70,"pres":939.40,"gas":19674.00,"pm1":0.00,"pm25":0.00,"pm10":0.00,"co2":708.00,"co":0.00,"coTemp":0.00,"windAngle":0.00,"windSpeed":0.00,"windValid":false,"rssi":-71,"snr":12,"chargePct":100,"capMv":4970,"alarmState":0}},{"ts":1791370245871,"values":{"temp":24.80,"rh":43.80,"pres":939.40,"gas":19674.00,"pm1":0.00,"pm25":0.00,"pm10":0.00,"co2":708.00,"co":0.00,"coTemp":0.00,"windAngle":0.00,"windSpeed":0.00,"windValid":false,"rssi":-71,"snr":12,"chargePct":100,"capMv":4970,"alarmState":0}}]}
[ 846.5s] [nbiot-mqtt] <- OK
[ 846.8s] [nbiot-mqtt] <- +QMTPUB: 0,0,0
[ 846.8s] [nbiot-mqtt] state PUBLISHING -> IDLE
[ 846.8s] [nbiot-mqtt] -> AT+CSQ
[ 846.8s] [nbiot-mqtt] <- +CSQ: 31,0
[ 846.8s] [nbiot-mqtt] <- OK
[ 855.5s] +RCV addr=4 len=74 rssi=-22 snr=13 data="25.28,47.07,939.30,16108.73,4.00,9.00,13.00,914.00,-1.00,-1.00,0.00,0.00,0"
[ 857.7s] +RCV addr=4 len=29 rssi=-22 snr=12 data="STAT,48,0,1,11100,0,3120,86,1"
[ 857.7s]   *** NodoC-3 EN PRE-ALARMA - publicando YA ***
[ 857.7s]   node health: charge 86% (3120 mV at the sense pin)
[ 857.7s] [nbiot-mqtt] state IDLE -> PUBLISHING
[ 857.7s] [nbiot-mqtt] -> AT+QMTPUB=0,0,0,0,"v1/gateway/telemetry"
[ 857.7s] [nbiot-mqtt] payload (288 bytes): {"NodoC-3":[{"ts":1791370284814,"values":{"temp":25.28,"rh":47.07,"pres":939.30,"gas":16108.73,"pm1":4.00,"pm25":9.00,"pm10":13.00,"co2":914.00,"co":-1.00,"coTemp":-1.00,"windAngle":0.00,"windSpeed":0.00,"windValid":false,"rssi":-22,"snr":13,"chargePct":86,"capMv":3120,"alarmState":1}}]}
[ 857.7s] [nbiot-mqtt] <- OK
[ 857.7s] [nbiot-mqtt] <- +QMTPUB: 0,0,0
[ 857.7s] [nbiot-mqtt] state PUBLISHING -> IDLE
[ 857.7s] [nbiot-mqtt] -> AT+CSQ
[ 857.7s] [nbiot-mqtt] <- +CSQ: 31,0
[ 857.7s] [nbiot-mqtt] <- OK
[ 883.0s] +RCV addr=4 len=72 rssi=-23 snr=13 data="25.50,47.11,939.26,5684.85,0.00,0.00,0.00,914.00,-1.00,-1.00,0.00,0.00,0"
[ 883.0s] +RCV addr=1 len=116 rssi=-70 snr=12 data="B,2,21.5,58.3,939.7,38496,0.0,0.0,0.0,583,0.0,0.0,0,0.0,0,3;21.5,58.3,939.7,38496,0.0,0.0,0.0,583,0.0,0.0,0,0.0,0,0;"
[ 883.0s]   batch of 2 reading(s)
[ 883.9s] +RCV addr=4 len=29 rssi=-23 snr=13 data="STAT,48,0,1,11000,0,3120,86,1"
[ 883.9s]   *** NodoC-3 EN PRE-ALARMA - publicando YA ***
[ 883.9s]   node health: charge 86% (3120 mV at the sense pin)
[ 883.9s] [nbiot-mqtt] state IDLE -> PUBLISHING
[ 883.9s] [nbiot-mqtt] -> AT+QMTPUB=0,0,0,0,"v1/gateway/telemetry"
[ 883.9s] [nbiot-mqtt] payload (842 bytes): {"NodoC-3":[{"ts":1791370311239,"values":{"temp":25.50,"rh":47.11,"pres":939.26,"gas":5684.85,"pm1":0.00,"pm25":0.00,"pm10":0.00,"co2":914.00,"co":-1.00,"coTemp":-1.00,"windAngle":0.00,"windSpeed":0.00,"windValid":false,"rssi":-23,"snr":13,"chargePct":86,"capMv":3120,"alarmState":1}}],"NodoC-1":[{"ts":1791370282308,"values":{"temp":21.50,"rh":58.30,"pres":939.70,"gas":38496.00,"pm1":0.00,"pm25":0.00,"pm10":0.00,"co2":583.00,"co":0.00,"coTemp":0.00,"windAngle":0.00,"windSpeed":0.00,"windValid":false,"rssi":-70,"snr":12,"chargePct":85,"capMv":3115,"alarmState":0}},{"ts":1791370312308,"values":{"temp":21.50,"rh":58.30,"pres":939.70,"gas":38496.00,"pm1":0.00,"pm25":0.00,"pm10":0.00,"co2":583.00,"co":0.00,"coTemp":0.00,"windAngle":0.00,"windSpeed":0.00,"windValid":false,"rssi":-70,"snr":12,"chargePct":85,"capMv":3115,"alarmState":0}}]}
[ 884.2s] [nbiot-mqtt] <- OK
[ 884.2s] [nbiot-mqtt] <- +QMTPUB: 0,0,0
[ 884.2s] [nbiot-mqtt] state PUBLISHING -> IDLE
[ 884.2s] [nbiot-mqtt] -> AT+CSQ
[ 884.2s] [nbiot-mqtt] <- +CSQ: 31,0
[ 884.2s] [nbiot-mqtt] <- OK
[ 885.2s] +RCV addr=1 len=32 rssi=-70 snr=13 data="STAT,24123,8,0,11100,3,3115,85,0"
[ 885.2s]   node health: charge 85% (3115 mV at the sense pin)
[ 888.3s] +RCV addr=3 len=71 rssi=-72 snr=12 data="24.81,43.64,939.34,19674.15,0.00,0.00,0.00,708.00,0.00,0.00,0.00,0.00,0"
[ 890.2s] +RCV addr=3 len=34 rssi=-71 snr=11 data="STAT,23971,8,0,11100,31,4971,100,0"
[ 890.2s]   node health: charge 100% (4971 mV at the sense pin)
[ 908.2s] +RCV addr=4 len=72 rssi=-23 snr=12 data="25.44,47.10,939.27,5780.35,0.00,0.00,0.00,914.00,-1.00,-1.00,0.00,0.00,0"
[ 910.4s] +RCV addr=4 len=29 rssi=-23 snr=13 data="STAT,48,0,1,11000,0,3120,86,1"
[ 910.4s]   *** NodoC-3 EN PRE-ALARMA - publicando YA ***
[ 910.4s]   node health: charge 86% (3120 mV at the sense pin)
[ 910.4s] [nbiot-mqtt] state IDLE -> PUBLISHING
[ 910.4s] [nbiot-mqtt] -> AT+QMTPUB=0,0,0,0,"v1/gateway/telemetry"
[ 910.4s] [nbiot-mqtt] payload (571 bytes): {"NodoC-2":[{"ts":1791370317469,"values":{"temp":24.81,"rh":43.64,"pres":939.34,"gas":19674.15,"pm1":0.00,"pm25":0.00,"pm10":0.00,"co2":708.00,"co":0.00,"coTemp":0.00,"windAngle":0.00,"windSpeed":0.00,"windValid":false,"rssi":-72,"snr":12,"chargePct":100,"capMv":4970,"alarmState":0}}],"NodoC-3":[{"ts":1791370337678,"values":{"temp":25.44,"rh":47.10,"pres":939.27,"gas":5780.35,"pm1":0.00,"pm25":0.00,"pm10":0.00,"co2":914.00,"co":-1.00,"coTemp":-1.00,"windAngle":0.00,"windSpeed":0.00,"windValid":false,"rssi":-23,"snr":12,"chargePct":86,"capMv":3120,"alarmState":1}}]}
[ 910.4s] [nbiot-mqtt] <- OK
[ 910.7s] [nbiot-mqtt] <- +QMTPUB: 0,0,0
[ 910.7s] [nbiot-mqtt] state PUBLISHING -> IDLE
[ 910.7s] [nbiot-mqtt] -> AT+CSQ
[ 910.7s] [nbiot-mqtt] <- +CSQ: 31,0
[ 910.7s] [nbiot-mqtt] <- OK
[ 934.7s] +RCV addr=4 len=72 rssi=-28 snr=13 data="25.40,47.12,939.28,6211.18,0.00,0.00,0.00,914.00,-1.00,-1.00,0.00,0.00,0"
[ 936.9s] +RCV addr=4 len=29 rssi=-28 snr=13 data="STAT,48,0,1,11000,0,3120,86,1"
[ 936.9s]   *** NodoC-3 EN PRE-ALARMA - publicando YA ***
[ 936.9s]   node health: charge 86% (3120 mV at the sense pin)
[ 936.9s] [nbiot-mqtt] state IDLE -> PUBLISHING
[ 936.9s] [nbiot-mqtt] -> AT+QMTPUB=0,0,0,0,"v1/gateway/telemetry"
[ 936.9s] [nbiot-mqtt] payload (286 bytes): {"NodoC-3":[{"ts":1791370364100,"values":{"temp":25.40,"rh":47.12,"pres":939.28,"gas":6211.18,"pm1":0.00,"pm25":0.00,"pm10":0.00,"co2":914.00,"co":-1.00,"coTemp":-1.00,"windAngle":0.00,"windSpeed":0.00,"windValid":false,"rssi":-28,"snr":13,"chargePct":86,"capMv":3120,"alarmState":1}}]}
[ 936.9s] [nbiot-mqtt] <- OK
[ 936.9s] [nbiot-mqtt] <- +QMTPUB: 0,0,0
[ 936.9s] [nbiot-mqtt] state PUBLISHING -> IDLE
[ 936.9s] [nbiot-mqtt] -> AT+CSQ
[ 936.9s] [nbiot-mqtt] <- +CSQ: 31,0
[ 936.9s] [nbiot-mqtt] <- OK
[ 954.4s] +RCV addr=1 len=71 rssi=-69 snr=12 data="21.49,58.24,939.69,38496.24,0.00,0.00,0.00,583.00,0.00,0.00,0.00,0.00,0"
[ 956.6s] +RCV addr=1 len=32 rssi=-70 snr=11 data="STAT,24127,8,0,11100,7,3115,85,0"
[ 956.6s]   node health: charge 85% (3115 mV at the sense pin)
[ 959.7s] +RCV addr=3 len=71 rssi=-74 snr=12 data="24.92,43.54,939.40,19674.15,0.00,0.00,0.00,708.00,0.00,0.00,0.00,0.00,0"
[ 961.8s] +RCV addr=3 len=34 rssi=-74 snr=12 data="STAT,23975,8,0,11100,35,4972,100,0"
[ 961.8s]   node health: charge 100% (4972 mV at the sense pin)
[ 963.4s] +RCV addr=4 len=29 rssi=-29 snr=13 data="STAT,48,0,1,11000,0,3120,86,1"
[ 963.4s]   *** NodoC-3 EN PRE-ALARMA - publicando YA ***
[ 963.4s]   node health: charge 86% (3120 mV at the sense pin)
[ 963.4s] [nbiot-mqtt] state IDLE -> PUBLISHING
[ 963.4s] [nbiot-mqtt] -> AT+QMTPUB=0,0,0,0,"v1/gateway/telemetry"
[ 963.4s] [nbiot-mqtt] payload (570 bytes): {"NodoC-1":[{"ts":1791370383812,"values":{"temp":21.49,"rh":58.24,"pres":939.69,"gas":38496.24,"pm1":0.00,"pm25":0.00,"pm10":0.00,"co2":583.00,"co":0.00,"coTemp":0.00,"windAngle":0.00,"windSpeed":0.00,"windValid":false,"rssi":-69,"snr":12,"chargePct":85,"capMv":3115,"alarmState":0}}],"NodoC-2":[{"ts":1791370389072,"values":{"temp":24.92,"rh":43.54,"pres":939.40,"gas":19674.15,"pm1":0.00,"pm25":0.00,"pm10":0.00,"co2":708.00,"co":0.00,"coTemp":0.00,"windAngle":0.00,"windSpeed":0.00,"windValid":false,"rssi":-74,"snr":12,"chargePct":100,"capMv":4971,"alarmState":0}}]}
[ 963.4s] [nbiot-mqtt] <- OK
[ 963.4s] [nbiot-mqtt] <- +QMTPUB: 0,0,0
[ 963.4s] [nbiot-mqtt] state PUBLISHING -> IDLE
[ 963.4s] [nbiot-mqtt] -> AT+CSQ
[ 963.4s] [nbiot-mqtt] <- +CSQ: 31,0
[ 963.4s] [nbiot-mqtt] <- OK
[ 987.7s] +RCV addr=4 len=72 rssi=-28 snr=13 data="25.36,49.43,939.28,6632.12,0.00,0.00,0.00,914.00,-1.00,-1.00,0.00,0.00,0"
[ 989.9s] +RCV addr=4 len=29 rssi=-28 snr=13 data="STAT,48,0,1,11000,0,3120,86,1"
[ 989.9s]   *** NodoC-3 EN PRE-ALARMA - publicando YA ***
[ 989.9s]   node health: charge 86% (3120 mV at the sense pin)
[ 989.9s] [nbiot-mqtt] state IDLE -> PUBLISHING
[ 989.9s] [nbiot-mqtt] -> AT+QMTPUB=0,0,0,0,"v1/gateway/telemetry"
[ 989.9s] [nbiot-mqtt] payload (286 bytes): {"NodoC-3":[{"ts":1791370416967,"values":{"temp":25.36,"rh":49.43,"pres":939.28,"gas":6632.12,"pm1":0.00,"pm25":0.00,"pm10":0.00,"co2":914.00,"co":-1.00,"coTemp":-1.00,"windAngle":0.00,"windSpeed":0.00,"windValid":false,"rssi":-28,"snr":13,"chargePct":86,"capMv":3120,"alarmState":1}}]}
[ 989.9s] [nbiot-mqtt] <- OK
[ 989.9s] [nbiot-mqtt] <- +QMTPUB: 0,0,0
[ 989.9s] [nbiot-mqtt] state PUBLISHING -> IDLE
[ 989.9s] [nbiot-mqtt] -> AT+CSQ
[ 989.9s] [nbiot-mqtt] <- +CSQ: 31,0
[ 989.9s] [nbiot-mqtt] <- OK
[1014.2s] +RCV addr=4 len=72 rssi=-28 snr=12 data="25.35,48.08,939.28,6871.38,0.00,0.00,0.00,914.00,-1.00,-1.00,0.00,0.00,0"
[1016.1s] +RCV addr=4 len=29 rssi=-28 snr=13 data="STAT,48,0,1,11000,0,3120,86,1"
[1016.1s]   *** NodoC-3 EN PRE-ALARMA - publicando YA ***
[1016.1s]   node health: charge 86% (3120 mV at the sense pin)
[1016.1s] [nbiot-mqtt] state IDLE -> PUBLISHING
[1016.1s] [nbiot-mqtt] -> AT+QMTPUB=0,0,0,0,"v1/gateway/telemetry"
[1016.4s] [nbiot-mqtt] payload (286 bytes): {"NodoC-3":[{"ts":1791370443444,"values":{"temp":25.35,"rh":48.08,"pres":939.28,"gas":6871.38,"pm1":0.00,"pm25":0.00,"pm10":0.00,"co2":914.00,"co":-1.00,"coTemp":-1.00,"windAngle":0.00,"windSpeed":0.00,"windValid":false,"rssi":-28,"snr":12,"chargePct":86,"capMv":3120,"alarmState":1}}]}
[1016.4s] [nbiot-mqtt] <- OK
[1016.4s] [nbiot-mqtt] <- +QMTPUB: 0,0,0
[1016.4s] [nbiot-mqtt] state PUBLISHING -> IDLE
[1016.4s] [nbiot-mqtt] -> AT+CSQ
[1016.4s] [nbiot-mqtt] <- +CSQ: 31,0
[1016.4s] [nbiot-mqtt] <- OK
[1026.0s] +RCV addr=1 len=71 rssi=-70 snr=12 data="21.49,58.26,939.69,38496.24,0.00,0.00,0.00,583.00,0.00,0.00,0.00,0.00,0"
[1028.2s] +RCV addr=1 len=33 rssi=-71 snr=12 data="STAT,24131,8,0,11100,11,3115,85,0"
[1028.2s]   node health: charge 85% (3115 mV at the sense pin)
[1031.3s] +RCV addr=3 len=116 rssi=-74 snr=11 data="B,2,24.9,43.5,939.4,19674,0.0,0.0,0.0,708,0.0,0.0,0,0.0,0,3;24.9,43.6,939.4,19674,0.0,0.0,0.0,708,0.0,0.0,0,0.0,0,0;"
[1031.3s]   batch of 2 reading(s)
[1033.5s] +RCV addr=3 len=34 rssi=-75 snr=11 data="STAT,23979,8,0,11100,39,4739,100,0"
[1033.5s]   node health: charge 100% (4739 mV at the sense pin)
[1040.7s] +RCV addr=4 len=72 rssi=-27 snr=12 data="25.35,47.68,939.29,7119.02,0.00,0.00,0.00,914.00,-1.00,-1.00,0.00,0.00,0"
[1042.5s] +RCV addr=4 len=29 rssi=-27 snr=13 data="STAT,48,0,1,11000,0,3120,86,1"
[1042.5s]   *** NodoC-3 EN PRE-ALARMA - publicando YA ***
[1042.5s]   node health: charge 86% (3120 mV at the sense pin)
[1042.5s] [nbiot-mqtt] state IDLE -> PUBLISHING
[1042.5s] [nbiot-mqtt] -> AT+QMTPUB=0,0,0,0,"v1/gateway/telemetry"
[1042.5s] [nbiot-mqtt] payload (1128 bytes): {"NodoC-1":[{"ts":1791370455316,"values":{"temp":21.49,"rh":58.26,"pres":939.69,"gas":38496.24,"pm1":0.00,"pm25":0.00,"pm10":0.00,"co2":583.00,"co":0.00,"coTemp":0.00,"windAngle":0.00,"windSpeed":0.00,"windValid":false,"rssi":-70,"snr":12,"chargePct":85,"capMv":3115,"alarmState":0}}],"NodoC-2":[{"ts":1791370430741,"values":{"temp":24.90,"rh":43.50,"pres":939.40,"gas":19674.00,"pm1":0.00,"pm25":0.00,"pm10":0.00,"co2":708.00,"co":0.00,"coTemp":0.00,"windAngle":0.00,"windSpeed":0.00,"windValid":false,"rssi":-74,"snr":11,"chargePct":100,"capMv":4972,"alarmState":0}},{"ts":1791370460741,"values":{"temp":24.90,"rh":43.60,"pres":939.40,"gas":19674.00,"pm1":0.00,"pm25":0.00,"pm10":0.00,"co2":708.00,"co":0.00,"coTemp":0.00,"windAngle":0.00,"windSpeed":0.00,"windValid":false,"rssi":-74,"snr":11,"chargePct":100,"capMv":4972,"alarmState":0}}],"NodoC-3":[{"ts":1791370469866,"values":{"temp":25.35,"rh":47.68,"pres":939.29,"gas":7119.02,"pm1":0.00,"pm25":0.00,"pm10":0.00,"co2":914.00,"co":-1.00,"coTemp":-1.00,"windAngle":0.00,"windSpeed":0.00,"windValid":false,"rssi":-27,"snr":12,"chargePct":86,"capMv":3120,"alarmState":1}}]}
[1042.9s] [nbiot-mqtt] <- OK
[1042.9s] [nbiot-mqtt] <- +QMTPUB: 0,0,0
[1042.9s] [nbiot-mqtt] state PUBLISHING -> IDLE
[1042.9s] [nbiot-mqtt] -> AT+CSQ
[1042.9s] [nbiot-mqtt] <- +CSQ: 31,0
[1042.9s] [nbiot-mqtt] <- OK
[1066.9s] +RCV addr=4 len=72 rssi=-28 snr=13 data="25.36,47.40,939.27,7364.79,0.00,0.00,0.00,914.00,-1.00,-1.00,0.00,0.00,0"
[1069.1s] +RCV addr=4 len=29 rssi=-28 snr=13 data="STAT,48,0,1,11000,0,3120,86,1"
[1069.1s]   *** NodoC-3 EN PRE-ALARMA - publicando YA ***
[1069.1s]   node health: charge 86% (3120 mV at the sense pin)
[1069.1s] [nbiot-mqtt] state IDLE -> PUBLISHING
[1069.1s] [nbiot-mqtt] -> AT+QMTPUB=0,0,0,0,"v1/gateway/telemetry"
[1069.1s] [nbiot-mqtt] payload (286 bytes): {"NodoC-3":[{"ts":1791370496305,"values":{"temp":25.36,"rh":47.40,"pres":939.27,"gas":7364.79,"pm1":0.00,"pm25":0.00,"pm10":0.00,"co2":914.00,"co":-1.00,"coTemp":-1.00,"windAngle":0.00,"windSpeed":0.00,"windValid":false,"rssi":-28,"snr":13,"chargePct":86,"capMv":3120,"alarmState":1}}]}
[1069.1s] [nbiot-mqtt] <- OK
[1069.4s] [nbiot-mqtt] <- +QMTPUB: 0,0,0
[1069.4s] [nbiot-mqtt] state PUBLISHING -> IDLE
[1069.4s] [nbiot-mqtt] -> AT+CSQ
[1069.4s] [nbiot-mqtt] <- +CSQ: 31,0
[1069.4s] [nbiot-mqtt] <- OK
[1093.3s] +RCV addr=4 len=72 rssi=-28 snr=13 data="25.37,48.59,939.26,7552.51,0.00,0.00,0.00,914.00,-1.00,-1.00,0.00,0.00,0"
[1095.5s] +RCV addr=4 len=29 rssi=-28 snr=13 data="STAT,48,0,1,11000,0,3120,86,2"
[1095.5s]   *** NodoC-3 EN ALARMA - publicando YA ***
[1095.5s]   node health: charge 86% (3120 mV at the sense pin)
[1095.5s] [nbiot-mqtt] state IDLE -> PUBLISHING
[1095.5s] [nbiot-mqtt] -> AT+QMTPUB=0,0,0,0,"v1/gateway/telemetry"
[1095.5s] [nbiot-mqtt] payload (286 bytes): {"NodoC-3":[{"ts":1791370522751,"values":{"temp":25.37,"rh":48.59,"pres":939.26,"gas":7552.51,"pm1":0.00,"pm25":0.00,"pm10":0.00,"co2":914.00,"co":-1.00,"coTemp":-1.00,"windAngle":0.00,"windSpeed":0.00,"windValid":false,"rssi":-28,"snr":13,"chargePct":86,"capMv":3120,"alarmState":1}}]}
[1095.5s] [nbiot-mqtt] <- OK
[1095.5s] [nbiot-mqtt] <- +QMTPUB: 0,0,0
[1095.5s] [nbiot-mqtt] state PUBLISHING -> IDLE
[1095.8s] [nbiot-mqtt] -> AT+CSQ
[1095.8s] [nbiot-mqtt] <- +CSQ: 31,0
[1095.8s] [nbiot-mqtt] <- OK
[1097.4s] +RCV addr=1 len=116 rssi=-70 snr=12 data="B,2,21.5,58.2,939.7,38496,0.0,0.0,0.0,583,0.0,0.0,0,0.0,0,3;21.5,58.3,939.7,38496,0.0,0.0,0.0,583,0.0,0.0,0,0.0,0,0;"
[1097.4s]   batch of 2 reading(s)
[1099.6s] +RCV addr=1 len=33 rssi=-71 snr=12 data="STAT,24135,8,0,11100,15,3115,85,0"
[1099.6s]   node health: charge 85% (3115 mV at the sense pin)
[1103.0s] +RCV addr=3 len=71 rssi=-74 snr=11 data="24.89,43.64,939.38,19674.15,0.00,0.00,0.00,708.00,0.00,0.00,0.00,0.00,0"
[1105.2s] +RCV addr=3 len=34 rssi=-75 snr=11 data="STAT,23983,8,0,11100,43,4971,100,0"
[1105.2s]   node health: charge 100% (4971 mV at the sense pin)
[1122.0s] +RCV addr=4 len=29 rssi=-28 snr=12 data="STAT,48,0,1,11000,0,3120,86,2"
[1122.0s]   *** NodoC-3 EN ALARMA - publicando YA ***
[1122.0s]   node health: charge 86% (3120 mV at the sense pin)
[1122.0s] [nbiot-mqtt] state IDLE -> PUBLISHING
[1122.0s] [nbiot-mqtt] -> AT+QMTPUB=0,0,0,0,"v1/gateway/telemetry"
[1122.0s] [nbiot-mqtt] payload (842 bytes): {"NodoC-1":[{"ts":1791370496898,"values":{"temp":21.50,"rh":58.20,"pres":939.70,"gas":38496.00,"pm1":0.00,"pm25":0.00,"pm10":0.00,"co2":583.00,"co":0.00,"coTemp":0.00,"windAngle":0.00,"windSpeed":0.00,"windValid":false,"rssi":-70,"snr":12,"chargePct":85,"capMv":3115,"alarmState":0}},{"ts":1791370526898,"values":{"temp":21.50,"rh":58.30,"pres":939.70,"gas":38496.00,"pm1":0.00,"pm25":0.00,"pm10":0.00,"co2":583.00,"co":0.00,"coTemp":0.00,"windAngle":0.00,"windSpeed":0.00,"windValid":false,"rssi":-70,"snr":12,"chargePct":85,"capMv":3115,"alarmState":0}}],"NodoC-2":[{"ts":1791370532350,"values":{"temp":24.89,"rh":43.64,"pres":939.38,"gas":19674.15,"pm1":0.00,"pm25":0.00,"pm10":0.00,"co2":708.00,"co":0.00,"coTemp":0.00,"windAngle":0.00,"windSpeed":0.00,"windValid":false,"rssi":-74,"snr":11,"chargePct":100,"capMv":4739,"alarmState":0}}]}
[1122.0s] [nbiot-mqtt] <- OK
[1122.3s] [nbiot-mqtt] <- +QMTPUB: 0,0,0
[1122.3s] [nbiot-mqtt] state PUBLISHING -> IDLE
[1122.3s] [nbiot-mqtt] -> AT+CSQ
[1122.3s] [nbiot-mqtt] <- +CSQ: 31,0
[1122.3s] [nbiot-mqtt] <- OK
[1146.4s] +RCV addr=4 len=72 rssi=-28 snr=13 data="25.41,47.85,939.26,7870.14,0.00,0.00,0.00,914.00,-1.00,-1.00,0.00,0.00,0"
[1152.3s] [nbiot-mqtt] -> AT+CSQ
[1152.3s] [nbiot-mqtt] <- +CSQ: 31,0
[1152.3s] [nbiot-mqtt] <- OK
[1169.1s] +RCV addr=1 len=71 rssi=-70 snr=12 data="21.50,58.32,939.68,38496.24,0.00,0.00,0.00,583.00,0.00,0.00,0.00,0.00,0"
[1171.0s] +RCV addr=1 len=33 rssi=-70 snr=13 data="STAT,24139,8,0,11100,19,3115,85,0"
[1171.0s]   node health: charge 85% (3115 mV at the sense pin)
[1172.9s] +RCV addr=4 len=72 rssi=-24 snr=12 data="25.43,49.67,939.26,8000.00,0.00,0.00,0.00,914.00,-1.00,-1.00,0.00,0.00,0"
[1174.7s] +RCV addr=3 len=71 rssi=-71 snr=12 data="25.00,43.35,939.38,19674.15,0.00,0.00,0.00,708.00,0.00,0.00,0.00,0.00,0"
[1174.7s] +RCV addr=4 len=29 rssi=-24 snr=13 data="STAT,48,0,1,11000,0,3120,86,2"
[1174.7s]   *** NodoC-3 EN ALARMA - publicando YA ***
[1174.7s]   node health: charge 86% (3120 mV at the sense pin)
[1174.7s] [nbiot-mqtt] state IDLE -> PUBLISHING
[1174.7s] [nbiot-mqtt] -> AT+QMTPUB=0,0,0,0,"v1/gateway/telemetry"
[1174.7s] [nbiot-mqtt] payload (1128 bytes): {"NodoC-3":[{"ts":1791370575643,"values":{"temp":25.41,"rh":47.85,"pres":939.26,"gas":7870.14,"pm1":0.00,"pm25":0.00,"pm10":0.00,"co2":914.00,"co":-1.00,"coTemp":-1.00,"windAngle":0.00,"windSpeed":0.00,"windValid":false,"rssi":-28,"snr":13,"chargePct":86,"capMv":3120,"alarmState":2}},{"ts":1791370602091,"values":{"temp":25.43,"rh":49.67,"pres":939.26,"gas":8000.00,"pm1":0.00,"pm25":0.00,"pm10":0.00,"co2":914.00,"co":-1.00,"coTemp":-1.00,"windAngle":0.00,"windSpeed":0.00,"windValid":false,"rssi":-24,"snr":12,"chargePct":86,"capMv":3120,"alarmState":2}}],"NodoC-1":[{"ts":1791370598395,"values":{"temp":21.50,"rh":58.32,"pres":939.68,"gas":38496.24,"pm1":0.00,"pm25":0.00,"pm10":0.00,"co2":583.00,"co":0.00,"coTemp":0.00,"windAngle":0.00,"windSpeed":0.00,"windValid":false,"rssi":-70,"snr":12,"chargePct":85,"capMv":3115,"alarmState":0}}],"NodoC-2":[{"ts":1791370603943,"values":{"temp":25.00,"rh":43.35,"pres":939.38,"gas":19674.15,"pm1":0.00,"pm25":0.00,"pm10":0.00,"co2":708.00,"co":0.00,"coTemp":0.00,"windAngle":0.00,"windSpeed":0.00,"windValid":false,"rssi":-71,"snr":12,"chargePct":100,"capMv":4971,"alarmState":0}}]}
[1175.1s] [nbiot-mqtt] <- OK
[1175.1s] [nbiot-mqtt] <- +QMTPUB: 0,0,0
[1175.1s] [nbiot-mqtt] state PUBLISHING -> IDLE
[1175.1s] [nbiot-mqtt] -> AT+CSQ
[1175.1s] [nbiot-mqtt] <- +CSQ: 31,0
[1175.1s] [nbiot-mqtt] <- OK
[1176.6s] +RCV addr=3 len=34 rssi=-72 snr=12 data="STAT,23987,8,0,11100,47,4970,100,0"
[1176.6s]   node health: charge 100% (4970 mV at the sense pin)
[1201.3s] +RCV addr=4 len=72 rssi=-25 snr=13 data="25.46,50.37,939.26,8006.00,0.00,0.00,0.00,914.00,-1.00,-1.00,0.00,0.00,0"
[1201.3s] +RCV addr=4 len=29 rssi=-26 snr=12 data="STAT,48,0,1,11000,0,3120,86,2"
[1201.3s]   *** NodoC-3 EN ALARMA - publicando YA ***
[1201.3s]   node health: charge 86% (3120 mV at the sense pin)
[1201.3s] [nbiot-mqtt] state IDLE -> PUBLISHING
[1201.3s] [nbiot-mqtt] -> AT+QMTPUB=0,0,0,0,"v1/gateway/telemetry"
[1201.3s] [nbiot-mqtt] payload (286 bytes): {"NodoC-3":[{"ts":1791370628587,"values":{"temp":25.46,"rh":50.37,"pres":939.26,"gas":8006.00,"pm1":0.00,"pm25":0.00,"pm10":0.00,"co2":914.00,"co":-1.00,"coTemp":-1.00,"windAngle":0.00,"windSpeed":0.00,"windValid":false,"rssi":-25,"snr":13,"chargePct":86,"capMv":3120,"alarmState":2}}]}
[1201.3s] [nbiot-mqtt] <- OK
[1201.6s] [nbiot-mqtt] <- +QMTPUB: 0,0,0
[1201.6s] [nbiot-mqtt] state PUBLISHING -> IDLE
[1201.6s] [nbiot-mqtt] -> AT+CSQ
[1201.6s] [nbiot-mqtt] <- +CSQ: 31,0
[1201.6s] [nbiot-mqtt] <- OK
[1225.6s] +RCV addr=4 len=72 rssi=-25 snr=13 data="25.49,50.48,939.27,8012.02,0.00,0.00,0.00,914.00,-1.00,-1.00,0.00,0.00,0"
[1227.8s] +RCV addr=4 len=29 rssi=-25 snr=13 data="STAT,48,0,1,11000,0,3120,86,1"
[1227.8s]   *** NodoC-3 EN PRE-ALARMA - publicando YA ***
[1227.8s]   node health: charge 86% (3120 mV at the sense pin)
[1227.8s] [nbiot-mqtt] state IDLE -> PUBLISHING
[1227.8s] [nbiot-mqtt] -> AT+QMTPUB=0,0,0,0,"v1/gateway/telemetry"
[1227.8s] [nbiot-mqtt] payload (286 bytes): {"NodoC-3":[{"ts":1791370655102,"values":{"temp":25.49,"rh":50.48,"pres":939.27,"gas":8012.02,"pm1":0.00,"pm25":0.00,"pm10":0.00,"co2":914.00,"co":-1.00,"coTemp":-1.00,"windAngle":0.00,"windSpeed":0.00,"windValid":false,"rssi":-25,"snr":13,"chargePct":86,"capMv":3120,"alarmState":2}}]}
[1227.8s] [nbiot-mqtt] <- OK
[1228.1s] [nbiot-mqtt] <- +QMTPUB: 0,0,0
[1228.1s] [nbiot-mqtt] state PUBLISHING -> IDLE
[1228.1s] [nbiot-mqtt] -> AT+CSQ
[1228.1s] [nbiot-mqtt] <- +CSQ: 31,0
[1228.1s] [nbiot-mqtt] <- OK
[1240.6s] +RCV addr=1 len=71 rssi=-70 snr=13 data="21.49,58.41,939.68,38496.24,0.00,0.00,0.00,583.00,0.00,0.00,0.00,0.00,0"
[1242.8s] +RCV addr=1 len=33 rssi=-71 snr=12 data="STAT,24143,8,0,11100,23,3115,85,0"
[1242.8s]   node health: charge 85% (3115 mV at the sense pin)
[1246.2s] +RCV addr=3 len=116 rssi=-70 snr=12 data="B,2,24.9,43.5,939.4,19674,0.0,0.0,0.0,708,0.0,0.0,0,0.0,0,3;24.9,43.7,939.4,19674,0.0,0.0,0.0,708,0.0,0.0,0,0.0,0,0;"
[1246.2s]   batch of 2 reading(s)
[1248.4s] +RCV addr=3 len=34 rssi=-71 snr=12 data="STAT,23991,8,0,11100,51,4740,100,0"
[1248.4s]   node health: charge 100% (4740 mV at the sense pin)
[1252.1s] +RCV addr=4 len=72 rssi=-24 snr=12 data="25.51,47.81,939.27,8203.02,0.00,0.00,0.00,914.00,-1.00,-1.00,0.00,0.00,0"
[1254.3s] +RCV addr=4 len=29 rssi=-24 snr=13 data="STAT,48,0,1,11000,0,3120,86,1"
[1254.3s]   *** NodoC-3 EN PRE-ALARMA - publicando YA ***
[1254.3s]   node health: charge 86% (3120 mV at the sense pin)
[1254.3s] [nbiot-mqtt] state IDLE -> PUBLISHING
[1254.3s] [nbiot-mqtt] -> AT+QMTPUB=0,0,0,0,"v1/gateway/telemetry"
[1254.3s] [nbiot-mqtt] payload (1128 bytes): {"NodoC-1":[{"ts":1791370669894,"values":{"temp":21.49,"rh":58.41,"pres":939.68,"gas":38496.24,"pm1":0.00,"pm25":0.00,"pm10":0.00,"co2":583.00,"co":0.00,"coTemp":0.00,"windAngle":0.00,"windSpeed":0.00,"windValid":false,"rssi":-70,"snr":13,"chargePct":85,"capMv":3115,"alarmState":0}}],"NodoC-2":[{"ts":1791370645619,"values":{"temp":24.90,"rh":43.50,"pres":939.40,"gas":19674.00,"pm1":0.00,"pm25":0.00,"pm10":0.00,"co2":708.00,"co":0.00,"coTemp":0.00,"windAngle":0.00,"windSpeed":0.00,"windValid":false,"rssi":-70,"snr":12,"chargePct":100,"capMv":4970,"alarmState":0}},{"ts":1791370675619,"values":{"temp":24.90,"rh":43.70,"pres":939.40,"gas":19674.00,"pm1":0.00,"pm25":0.00,"pm10":0.00,"co2":708.00,"co":0.00,"coTemp":0.00,"windAngle":0.00,"windSpeed":0.00,"windValid":false,"rssi":-70,"snr":12,"chargePct":100,"capMv":4970,"alarmState":0}}],"NodoC-3":[{"ts":1791370681592,"values":{"temp":25.51,"rh":47.81,"pres":939.27,"gas":8203.02,"pm1":0.00,"pm25":0.00,"pm10":0.00,"co2":914.00,"co":-1.00,"coTemp":-1.00,"windAngle":0.00,"windSpeed":0.00,"windValid":false,"rssi":-24,"snr":12,"chargePct":86,"capMv":3120,"alarmState":1}}]}
[1254.6s] [nbiot-mqtt] <- OK
[1254.6s] [nbiot-mqtt] <- +QMTPUB: 0,0,0
[1254.6s] [nbiot-mqtt] state PUBLISHING -> IDLE
[1254.6s] [nbiot-mqtt] -> AT+CSQ
[1254.6s] [nbiot-mqtt] <- +CSQ: 31,0
[1254.6s] [nbiot-mqtt] <- OK
[1278.6s] +RCV addr=4 len=72 rssi=-24 snr=13 data="25.53,47.96,939.27,8357.27,0.00,0.00,0.00,914.00,-1.00,-1.00,0.00,0.00,0"
[1280.8s] +RCV addr=4 len=29 rssi=-24 snr=13 data="STAT,48,0,1,11000,0,3120,86,1"
[1280.8s]   *** NodoC-3 EN PRE-ALARMA - publicando YA ***
[1280.8s]   node health: charge 86% (3120 mV at the sense pin)
[1280.8s] [nbiot-mqtt] state IDLE -> PUBLISHING
[1280.8s] [nbiot-mqtt] -> AT+QMTPUB=0,0,0,0,"v1/gateway/telemetry"
[1280.8s] [nbiot-mqtt] payload (286 bytes): {"NodoC-3":[{"ts":1791370708022,"values":{"temp":25.53,"rh":47.96,"pres":939.27,"gas":8357.27,"pm1":0.00,"pm25":0.00,"pm10":0.00,"co2":914.00,"co":-1.00,"coTemp":-1.00,"windAngle":0.00,"windSpeed":0.00,"windValid":false,"rssi":-24,"snr":13,"chargePct":86,"capMv":3120,"alarmState":1}}]}
[1280.8s] [nbiot-mqtt] <- OK
[1281.1s] [nbiot-mqtt] <- +QMTPUB: 0,0,0
[1281.1s] [nbiot-mqtt] state PUBLISHING -> IDLE
[1281.1s] [nbiot-mqtt] -> AT+CSQ
[1281.1s] [nbiot-mqtt] <- +CSQ: 31,0
[1281.1s] [nbiot-mqtt] <- OK
[1305.0s] +RCV addr=4 len=72 rssi=-24 snr=12 data="25.54,47.13,939.27,8606.78,0.00,0.00,0.00,914.00,-1.00,-1.00,0.00,0.00,0"
[1307.1s] +RCV addr=4 len=29 rssi=-24 snr=13 data="STAT,48,0,1,11000,0,3120,86,1"
[1307.1s]   *** NodoC-3 EN PRE-ALARMA - publicando YA ***
[1307.1s]   node health: charge 86% (3120 mV at the sense pin)
[1307.1s] [nbiot-mqtt] state IDLE -> PUBLISHING
[1307.1s] [nbiot-mqtt] -> AT+QMTPUB=0,0,0,0,"v1/gateway/telemetry"
[1307.1s] [nbiot-mqtt] payload (286 bytes): {"NodoC-3":[{"ts":1791370734450,"values":{"temp":25.54,"rh":47.13,"pres":939.27,"gas":8606.78,"pm1":0.00,"pm25":0.00,"pm10":0.00,"co2":914.00,"co":-1.00,"coTemp":-1.00,"windAngle":0.00,"windSpeed":0.00,"windValid":false,"rssi":-24,"snr":12,"chargePct":86,"capMv":3120,"alarmState":1}}]}
[1307.1s] [nbiot-mqtt] <- OK
[1307.5s] [nbiot-mqtt] <- +QMTPUB: 0,0,0
[1307.5s] [nbiot-mqtt] state PUBLISHING -> IDLE
[1307.5s] [nbiot-mqtt] -> AT+CSQ
[1307.5s] [nbiot-mqtt] <- +CSQ: 31,0
[1307.5s] [nbiot-mqtt] <- OK
[1312.1s] +RCV addr=1 len=116 rssi=-72 snr=12 data="B,2,21.5,58.4,939.7,38496,0.0,0.0,0.0,583,0.0,0.0,0,0.0,0,3;21.5,58.4,939.7,38496,0.0,0.0,0.0,583,0.0,0.0,0,0.0,0,0;"
[1312.1s]   batch of 2 reading(s)
[1314.3s] +RCV addr=1 len=33 rssi=-71 snr=12 data="STAT,24147,8,0,11100,27,3115,85,0"
[1314.3s]   node health: charge 85% (3115 mV at the sense pin)
[1318.0s] +RCV addr=3 len=71 rssi=-70 snr=12 data="24.86,43.78,939.37,19674.15,0.00,0.00,0.00,708.00,0.00,0.00,0.00,0.00,0"
[1320.1s] +RCV addr=3 len=34 rssi=-71 snr=12 data="STAT,23995,8,0,11100,55,4971,100,0"
[1320.1s]   node health: charge 100% (4971 mV at the sense pin)
[1331.5s] +RCV addr=4 len=72 rssi=-24 snr=13 data="25.54,46.88,939.26,8834.90,0.00,0.00,0.00,914.00,-1.00,-1.00,0.00,0.00,0"
[1333.7s] +RCV addr=4 len=29 rssi=-24 snr=12 data="STAT,48,0,1,11000,0,3120,86,1"
[1333.7s]   *** NodoC-3 EN PRE-ALARMA - publicando YA ***
[1333.7s]   node health: charge 86% (3120 mV at the sense pin)
[1333.7s] [nbiot-mqtt] state IDLE -> PUBLISHING
[1333.7s] [nbiot-mqtt] -> AT+QMTPUB=0,0,0,0,"v1/gateway/telemetry"
[1333.7s] [nbiot-mqtt] payload (1127 bytes): {"NodoC-1":[{"ts":1791370711463,"values":{"temp":21.50,"rh":58.40,"pres":939.70,"gas":38496.00,"pm1":0.00,"pm25":0.00,"pm10":0.00,"co2":583.00,"co":0.00,"coTemp":0.00,"windAngle":0.00,"windSpeed":0.00,"windValid":false,"rssi":-72,"snr":12,"chargePct":85,"capMv":3115,"alarmState":0}},{"ts":1791370741463,"values":{"temp":21.50,"rh":58.40,"pres":939.70,"gas":38496.00,"pm1":0.00,"pm25":0.00,"pm10":0.00,"co2":583.00,"co":0.00,"coTemp":0.00,"windAngle":0.00,"windSpeed":0.00,"windValid":false,"rssi":-72,"snr":12,"chargePct":85,"capMv":3115,"alarmState":0}}],"NodoC-2":[{"ts":1791370747233,"values":{"temp":24.86,"rh":43.78,"pres":939.37,"gas":19674.15,"pm1":0.00,"pm25":0.00,"pm10":0.00,"co2":708.00,"co":0.00,"coTemp":0.00,"windAngle":0.00,"windSpeed":0.00,"windValid":false,"rssi":-70,"snr":12,"chargePct":100,"capMv":4740,"alarmState":0}}],"NodoC-3":[{"ts":1791370760879,"values":{"temp":25.54,"rh":46.88,"pres":939.26,"gas":8834.90,"pm1":0.00,"pm25":0.00,"pm10":0.00,"co2":914.00,"co":-1.00,"coTemp":-1.00,"windAngle":0.00,"windSpeed":0.00,"windValid":false,"rssi":-24,"snr":13,"chargePct":86,"capMv":3120,"alarmState":1}}]}
[1333.7s] [nbiot-mqtt] <- OK
[1334.0s] [nbiot-mqtt] <- +QMTPUB: 0,0,0
[1334.0s] [nbiot-mqtt] state PUBLISHING -> IDLE
[1334.0s] [nbiot-mqtt] -> AT+CSQ
[1334.0s] [nbiot-mqtt] <- +CSQ: 31,0
[1334.0s] [nbiot-mqtt] <- OK
[1358.0s] +RCV addr=4 len=72 rssi=-24 snr=13 data="25.55,46.85,939.26,9060.02,0.00,0.00,0.00,914.00,-1.00,-1.00,0.00,0.00,0"
[1360.2s] +RCV addr=4 len=29 rssi=-24 snr=12 data="STAT,48,0,1,11000,0,3120,86,1"
[1360.2s]   *** NodoC-3 EN PRE-ALARMA - publicando YA ***
[1360.2s]   node health: charge 86% (3120 mV at the sense pin)
[1360.2s] [nbiot-mqtt] state IDLE -> PUBLISHING
[1360.2s] [nbiot-mqtt] -> AT+QMTPUB=0,0,0,0,"v1/gateway/telemetry"
[1360.2s] [nbiot-mqtt] payload (286 bytes): {"NodoC-3":[{"ts":1791370787335,"values":{"temp":25.55,"rh":46.85,"pres":939.26,"gas":9060.02,"pm1":0.00,"pm25":0.00,"pm10":0.00,"co2":914.00,"co":-1.00,"coTemp":-1.00,"windAngle":0.00,"windSpeed":0.00,"windValid":false,"rssi":-24,"snr":13,"chargePct":86,"capMv":3120,"alarmState":1}}]}
[1360.2s] [nbiot-mqtt] <- OK
[1360.2s] [nbiot-mqtt] <- +QMTPUB: 0,0,0
[1360.2s] [nbiot-mqtt] state PUBLISHING -> IDLE
[1360.2s] [nbiot-mqtt] -> AT+CSQ
[1360.2s] [nbiot-mqtt] <- +CSQ: 31,0
[1360.2s] [nbiot-mqtt] <- OK
[1383.5s] +RCV addr=1 len=71 rssi=-71 snr=12 data="21.57,58.24,939.66,38496.24,0.00,0.00,0.00,583.00,0.00,0.00,0.00,0.00,0"
[1385.7s] +RCV addr=1 len=33 rssi=-72 snr=12 data="STAT,24151,8,0,11100,31,3115,85,0"
[1385.7s]   node health: charge 85% (3115 mV at the sense pin)
[1386.6s] +RCV addr=4 len=29 rssi=-24 snr=13 data="STAT,48,0,1,11000,0,3120,86,1"
[1386.6s]   *** NodoC-3 EN PRE-ALARMA - publicando YA ***
[1386.6s]   node health: charge 86% (3120 mV at the sense pin)
[1386.6s] [nbiot-mqtt] state IDLE -> PUBLISHING
[1386.6s] [nbiot-mqtt] -> AT+QMTPUB=0,0,0,0,"v1/gateway/telemetry"
[1386.6s] [nbiot-mqtt] payload (285 bytes): {"NodoC-1":[{"ts":1791370812978,"values":{"temp":21.57,"rh":58.24,"pres":939.66,"gas":38496.24,"pm1":0.00,"pm25":0.00,"pm10":0.00,"co2":583.00,"co":0.00,"coTemp":0.00,"windAngle":0.00,"windSpeed":0.00,"windValid":false,"rssi":-71,"snr":12,"chargePct":85,"capMv":3115,"alarmState":0}}]}
[1386.6s] [nbiot-mqtt] <- OK
[1386.6s] [nbiot-mqtt] <- +QMTPUB: 0,0,0
[1386.6s] [nbiot-mqtt] state PUBLISHING -> IDLE
[1386.6s] [nbiot-mqtt] -> AT+CSQ
[1386.6s] [nbiot-mqtt] <- +CSQ: 31,0
[1386.6s] [nbiot-mqtt] <- OK
[1389.4s] +RCV addr=3 len=71 rssi=-71 snr=11 data="24.89,43.71,939.36,19674.15,0.00,0.00,0.00,708.00,0.00,0.00,0.00,0.00,0"
[1391.6s] +RCV addr=3 len=34 rssi=-71 snr=12 data="STAT,23999,8,0,11100,59,4972,100,0"
[1391.6s]   node health: charge 100% (4972 mV at the sense pin)
[1416.5s] [nbiot-mqtt] -> AT+CSQ
[1416.5s] [nbiot-mqtt] <- +CSQ: 31,0
[1416.5s] [nbiot-mqtt] <- OK
[1446.8s] [nbiot-mqtt] -> AT+CSQ
[1446.8s] [nbiot-mqtt] <- +CSQ: 31,0
[1446.8s] [nbiot-mqtt] <- OK
[1447.4s] +RCV addr=4 len=73 rssi=-24 snr=13 data="25.55,46.88,939.26,26661.11,0.00,0.00,0.00,968.00,-1.00,-1.00,0.00,0.00,0"
[1449.6s] [nbiot-mqtt] state IDLE -> PUBLISHING
[1449.6s] [nbiot-mqtt] -> AT+QMTPUB=0,0,0,0,"v1/gateway/telemetry"
[1449.6s] [nbiot-mqtt] payload (572 bytes): {"NodoC-2":[{"ts":1791370818835,"values":{"temp":24.89,"rh":43.71,"pres":939.36,"gas":19674.15,"pm1":0.00,"pm25":0.00,"pm10":0.00,"co2":708.00,"co":0.00,"coTemp":0.00,"windAngle":0.00,"windSpeed":0.00,"windValid":false,"rssi":-71,"snr":11,"chargePct":100,"capMv":4971,"alarmState":0}}],"NodoC-3":[{"ts":1791370876734,"values":{"temp":25.55,"rh":46.88,"pres":939.26,"gas":26661.11,"pm1":0.00,"pm25":0.00,"pm10":0.00,"co2":968.00,"co":-1.00,"coTemp":-1.00,"windAngle":0.00,"windSpeed":0.00,"windValid":false,"rssi":-24,"snr":13,"chargePct":86,"capMv":3120,"alarmState":1}}]}
[1449.6s] [nbiot-mqtt] <- OK
[1449.6s] [nbiot-mqtt] <- +QMTPUB: 0,0,0
[1449.6s] [nbiot-mqtt] state PUBLISHING -> IDLE
[1449.6s] [nbiot-mqtt] -> AT+CSQ
[1449.6s] [nbiot-mqtt] <- +CSQ: 31,0
[1449.6s] [nbiot-mqtt] <- OK
[1455.2s] +RCV addr=1 len=71 rssi=-71 snr=13 data="21.60,58.11,939.67,38496.24,0.00,0.00,0.00,583.00,0.00,0.00,0.00,0.00,0"
[1457.4s] +RCV addr=1 len=33 rssi=-71 snr=12 data="STAT,24155,8,0,11100,35,3115,85,0"
[1457.4s]   node health: charge 85% (3115 mV at the sense pin)
[1461.1s] +RCV addr=3 len=116 rssi=-71 snr=12 data="B,2,24.9,43.6,939.4,19674,0.0,0.0,0.0,708,0.0,0.0,0,0.0,0,3;25.0,43.4,939.3,19674,0.0,0.0,0.0,708,0.0,0.0,0,0.0,0,0;"
[1461.1s]   batch of 2 reading(s)
[1463.3s] +RCV addr=3 len=34 rssi=-71 snr=11 data="STAT,24003,8,0,11100,63,4972,100,0"
[1463.3s]   node health: charge 100% (4972 mV at the sense pin)
[1473.9s] +RCV addr=4 len=72 rssi=-24 snr=13 data="25.77,46.92,939.23,8537.89,0.00,0.00,0.00,968.00,-1.00,-1.00,0.00,0.00,0"
[1475.8s] +RCV addr=4 len=29 rssi=-24 snr=13 data="STAT,48,0,1,11000,0,3120,86,1"
[1475.8s]   *** NodoC-3 EN PRE-ALARMA - publicando YA ***
[1475.8s]   node health: charge 86% (3120 mV at the sense pin)
[1475.8s] [nbiot-mqtt] state IDLE -> PUBLISHING
[1475.8s] [nbiot-mqtt] -> AT+QMTPUB=0,0,0,0,"v1/gateway/telemetry"
[1475.8s] [nbiot-mqtt] payload (1128 bytes): {"NodoC-1":[{"ts":1791370884471,"values":{"temp":21.60,"rh":58.11,"pres":939.67,"gas":38496.24,"pm1":0.00,"pm25":0.00,"pm10":0.00,"co2":583.00,"co":0.00,"coTemp":0.00,"windAngle":0.00,"windSpeed":0.00,"windValid":false,"rssi":-71,"snr":13,"chargePct":85,"capMv":3115,"alarmState":0}}],"NodoC-2":[{"ts":1791370860502,"values":{"temp":24.90,"rh":43.60,"pres":939.40,"gas":19674.00,"pm1":0.00,"pm25":0.00,"pm10":0.00,"co2":708.00,"co":0.00,"coTemp":0.00,"windAngle":0.00,"windSpeed":0.00,"windValid":false,"rssi":-71,"snr":12,"chargePct":100,"capMv":4972,"alarmState":0}},{"ts":1791370890502,"values":{"temp":25.00,"rh":43.40,"pres":939.30,"gas":19674.00,"pm1":0.00,"pm25":0.00,"pm10":0.00,"co2":708.00,"co":0.00,"coTemp":0.00,"windAngle":0.00,"windSpeed":0.00,"windValid":false,"rssi":-71,"snr":12,"chargePct":100,"capMv":4972,"alarmState":0}}],"NodoC-3":[{"ts":1791370903159,"values":{"temp":25.77,"rh":46.92,"pres":939.23,"gas":8537.89,"pm1":0.00,"pm25":0.00,"pm10":0.00,"co2":968.00,"co":-1.00,"coTemp":-1.00,"windAngle":0.00,"windSpeed":0.00,"windValid":false,"rssi":-24,"snr":13,"chargePct":86,"capMv":3120,"alarmState":1}}]}
[1476.1s] [nbiot-mqtt] <- OK
[1476.1s] [nbiot-mqtt] <- +QMTPUB: 0,0,0
[1476.1s] [nbiot-mqtt] state PUBLISHING -> IDLE
[1476.1s] [nbiot-mqtt] -> AT+CSQ
[1476.1s] [nbiot-mqtt] <- +CSQ: 31,0
[1476.1s] [nbiot-mqtt] <- OK
[1500.1s] +RCV addr=4 len=73 rssi=-24 snr=12 data="25.71,46.80,939.23,9153.32,4.00,9.00,13.00,968.00,-1.00,-1.00,0.00,0.00,0"
[1502.3s] +RCV addr=4 len=29 rssi=-24 snr=13 data="STAT,48,0,1,11000,0,3120,86,1"
[1502.3s]   *** NodoC-3 EN PRE-ALARMA - publicando YA ***
[1502.3s]   node health: charge 86% (3120 mV at the sense pin)
[1502.3s] [nbiot-mqtt] state IDLE -> PUBLISHING
[1502.3s] [nbiot-mqtt] -> AT+QMTPUB=0,0,0,0,"v1/gateway/telemetry"
[1502.3s] [nbiot-mqtt] payload (287 bytes): {"NodoC-3":[{"ts":1791370929600,"values":{"temp":25.71,"rh":46.80,"pres":939.23,"gas":9153.32,"pm1":4.00,"pm25":9.00,"pm10":13.00,"co2":968.00,"co":-1.00,"coTemp":-1.00,"windAngle":0.00,"windSpeed":0.00,"windValid":false,"rssi":-24,"snr":12,"chargePct":86,"capMv":3120,"alarmState":1}}]}
[1502.3s] [nbiot-mqtt] <- OK
[1502.6s] [nbiot-mqtt] <- +QMTPUB: 0,0,0
[1502.6s] [nbiot-mqtt] state PUBLISHING -> IDLE
[1502.6s] [nbiot-mqtt] -> AT+CSQ
[1502.6s] [nbiot-mqtt] <- +CSQ: 31,0
[1502.6s] [nbiot-mqtt] <- OK
[1528.9s] +RCV addr=4 len=29 rssi=-24 snr=13 data="STAT,48,0,1,11000,0,3120,86,1"
[1528.9s]   *** NodoC-3 EN PRE-ALARMA - publicando YA ***
[1528.9s]   node health: charge 86% (3120 mV at the sense pin)
[1532.6s] [nbiot-mqtt] -> AT+CSQ
[1532.6s] [nbiot-mqtt] <- +CSQ: 31,0
[1532.6s] [nbiot-mqtt] <- OK
[1532.9s] +RCV addr=3 len=71 rssi=-72 snr=12 data="24.97,43.54,939.37,19674.15,0.00,0.00,0.00,708.00,0.00,0.00,0.00,0.00,0"
[1532.9s] [nbiot-mqtt] state IDLE -> PUBLISHING
[1532.9s] [nbiot-mqtt] -> AT+QMTPUB=0,0,0,0,"v1/gateway/telemetry"
[1532.9s] [nbiot-mqtt] payload (286 bytes): {"NodoC-2":[{"ts":1791370962103,"values":{"temp":24.97,"rh":43.54,"pres":939.37,"gas":19674.15,"pm1":0.00,"pm25":0.00,"pm10":0.00,"co2":708.00,"co":0.00,"coTemp":0.00,"windAngle":0.00,"windSpeed":0.00,"windValid":false,"rssi":-72,"snr":12,"chargePct":100,"capMv":4972,"alarmState":0}}]}
[1532.9s] [nbiot-mqtt] <- OK
[1532.9s] [nbiot-mqtt] <- +QMTPUB: 0,0,0
[1532.9s] [nbiot-mqtt] state PUBLISHING -> IDLE
[1532.9s] [nbiot-mqtt] -> AT+CSQ
[1532.9s] [nbiot-mqtt] <- +CSQ: 31,0
[1532.9s] [nbiot-mqtt] <- OK
[1534.8s] +RCV addr=3 len=34 rssi=-71 snr=12 data="STAT,24007,8,0,11100,67,4972,100,0"
[1534.8s]   node health: charge 100% (4972 mV at the sense pin)
[1553.2s] +RCV addr=4 len=72 rssi=-24 snr=13 data="25.63,46.58,939.23,9773.98,0.00,0.00,0.00,968.00,-1.00,-1.00,0.00,0.00,0"
[1555.0s] +RCV addr=4 len=29 rssi=-24 snr=13 data="STAT,48,0,1,11000,0,3120,86,1"
[1555.0s]   *** NodoC-3 EN PRE-ALARMA - publicando YA ***
[1555.4s]   node health: charge 86% (3120 mV at the sense pin)
[1555.4s] [nbiot-mqtt] state IDLE -> PUBLISHING
[1555.4s] [nbiot-mqtt] -> AT+QMTPUB=0,0,0,0,"v1/gateway/telemetry"
[1555.4s] [nbiot-mqtt] payload (286 bytes): {"NodoC-3":[{"ts":1791370982444,"values":{"temp":25.63,"rh":46.58,"pres":939.23,"gas":9773.98,"pm1":0.00,"pm25":0.00,"pm10":0.00,"co2":968.00,"co":-1.00,"coTemp":-1.00,"windAngle":0.00,"windSpeed":0.00,"windValid":false,"rssi":-24,"snr":13,"chargePct":86,"capMv":3120,"alarmState":1}}]}
[1555.4s] [nbiot-mqtt] <- OK
[1555.4s] [nbiot-mqtt] <- +QMTPUB: 0,0,0
[1555.4s] [nbiot-mqtt] state PUBLISHING -> IDLE
[1555.4s] [nbiot-mqtt] -> AT+CSQ
[1555.4s] [nbiot-mqtt] <- +CSQ: 31,0
[1555.4s] [nbiot-mqtt] <- OK
[1579.7s] +RCV addr=4 len=72 rssi=-22 snr=13 data="25.61,46.63,939.23,9993.75,0.00,0.00,0.00,968.00,-1.00,-1.00,0.00,0.00,0"
[1581.6s] +RCV addr=4 len=29 rssi=-26 snr=13 data="STAT,48,0,1,11000,0,3120,86,1"
[1581.6s]   *** NodoC-3 EN PRE-ALARMA - publicando YA ***
[1581.6s]   node health: charge 86% (3120 mV at the sense pin)
[1581.6s] [nbiot-mqtt] state IDLE -> PUBLISHING
[1581.6s] [nbiot-mqtt] -> AT+QMTPUB=0,0,0,0,"v1/gateway/telemetry"
[1581.6s] [nbiot-mqtt] payload (286 bytes): {"NodoC-3":[{"ts":1791371008938,"values":{"temp":25.61,"rh":46.63,"pres":939.23,"gas":9993.75,"pm1":0.00,"pm25":0.00,"pm10":0.00,"co2":968.00,"co":-1.00,"coTemp":-1.00,"windAngle":0.00,"windSpeed":0.00,"windValid":false,"rssi":-22,"snr":13,"chargePct":86,"capMv":3120,"alarmState":1}}]}
[1581.9s] [nbiot-mqtt] <- OK
[1581.9s] [nbiot-mqtt] <- +QMTPUB: 0,0,0
[1581.9s] [nbiot-mqtt] state PUBLISHING -> IDLE
[1581.9s] [nbiot-mqtt] -> AT+CSQ
[1581.9s] [nbiot-mqtt] <- +CSQ: 31,0
[1581.9s] [nbiot-mqtt] <- OK
[1598.1s] +RCV addr=1 len=71 rssi=-70 snr=13 data="21.57,58.28,939.64,38496.24,0.00,0.00,0.00,583.00,0.00,0.00,0.00,0.00,0"
[1600.3s] +RCV addr=1 len=33 rssi=-71 snr=13 data="STAT,24163,8,0,11100,43,3115,85,0"
[1600.3s]   node health: charge 85% (3115 mV at the sense pin)
[1604.3s] +RCV addr=3 len=71 rssi=-72 snr=12 data="25.10,43.26,939.36,19674.15,0.00,0.00,0.00,708.00,0.00,0.00,0.00,0.00,0"
[1605.9s] +RCV addr=4 len=73 rssi=-25 snr=12 data="25.60,47.09,939.23,10097.82,0.00,0.00,0.00,968.00,-1.00,-1.00,0.00,0.00,0"
[1606.5s] +RCV addr=3 len=34 rssi=-72 snr=11 data="STAT,24011,8,0,11100,71,4972,100,0"
[1606.5s]   node health: charge 100% (4972 mV at the sense pin)
[1608.1s] +RCV addr=4 len=29 rssi=-25 snr=12 data="STAT,48,0,1,11000,0,3120,86,1"
[1608.1s]   *** NodoC-3 EN PRE-ALARMA - publicando YA ***
[1608.1s]   node health: charge 86% (3120 mV at the sense pin)
[1608.1s] [nbiot-mqtt] state IDLE -> PUBLISHING
[1608.1s] [nbiot-mqtt] -> AT+QMTPUB=0,0,0,0,"v1/gateway/telemetry"
[1608.1s] [nbiot-mqtt] payload (856 bytes): {"NodoC-1":[{"ts":1791371027541,"values":{"temp":21.57,"rh":58.28,"pres":939.64,"gas":38496.24,"pm1":0.00,"pm25":0.00,"pm10":0.00,"co2":583.00,"co":0.00,"coTemp":0.00,"windAngle":0.00,"windSpeed":0.00,"windValid":false,"rssi":-70,"snr":13,"chargePct":85,"capMv":3115,"alarmState":0}}],"NodoC-2":[{"ts":1791371033699,"values":{"temp":25.10,"rh":43.26,"pres":939.36,"gas":19674.15,"pm1":0.00,"pm25":0.00,"pm10":0.00,"co2":708.00,"co":0.00,"coTemp":0.00,"windAngle":0.00,"windSpeed":0.00,"windValid":false,"rssi":-72,"snr":12,"chargePct":100,"capMv":4972,"alarmState":0}}],"NodoC-3":[{"ts":1791371035402,"values":{"temp":25.60,"rh":47.09,"pres":939.23,"gas":10097.82,"pm1":0.00,"pm25":0.00,"pm10":0.00,"co2":968.00,"co":-1.00,"coTemp":-1.00,"windAngle":0.00,"windSpeed":0.00,"windValid":false,"rssi":-25,"snr":12,"chargePct":86,"capMv":3120,"alarmState":1}}]}
[1608.4s] [nbiot-mqtt] <- OK
[1608.4s] [nbiot-mqtt] <- +QMTPUB: 0,0,0
[1608.4s] [nbiot-mqtt] state PUBLISHING -> IDLE
[1608.4s] [nbiot-mqtt] -> AT+CSQ
[1608.4s] [nbiot-mqtt] <- +CSQ: 31,0
[1608.4s] [nbiot-mqtt] <- OK
[1634.5s] +RCV addr=4 len=29 rssi=-24 snr=13 data="STAT,48,0,1,11000,0,3120,86,1"
[1634.5s]   *** NodoC-3 EN PRE-ALARMA - publicando YA ***
[1634.5s]   node health: charge 86% (3120 mV at the sense pin)
[1638.3s] [nbiot-mqtt] -> AT+CSQ
[1638.3s] [nbiot-mqtt] <- +CSQ: 31,0
[1638.3s] [nbiot-mqtt] <- OK
[1661.0s] +RCV addr=4 len=29 rssi=-24 snr=13 data="STAT,48,0,1,11000,0,3120,86,1"
[1661.0s]   *** NodoC-3 EN PRE-ALARMA - publicando YA ***
[1661.0s]   node health: charge 86% (3120 mV at the sense pin)
[1668.5s] [nbiot-mqtt] -> AT+CSQ
[1668.5s] [nbiot-mqtt] <- +CSQ: 31,0
[1668.5s] [nbiot-mqtt] <- OK
[1669.7s] +RCV addr=1 len=71 rssi=-70 snr=13 data="21.62,58.17,939.63,38496.24,0.00,0.00,0.00,583.00,0.00,0.00,0.00,0.00,0"
[1669.7s] [nbiot-mqtt] state IDLE -> PUBLISHING
[1669.7s] [nbiot-mqtt] -> AT+QMTPUB=0,0,0,0,"v1/gateway/telemetry"
[1669.7s] [nbiot-mqtt] payload (285 bytes): {"NodoC-1":[{"ts":1791371099037,"values":{"temp":21.62,"rh":58.17,"pres":939.63,"gas":38496.24,"pm1":0.00,"pm25":0.00,"pm10":0.00,"co2":583.00,"co":0.00,"coTemp":0.00,"windAngle":0.00,"windSpeed":0.00,"windValid":false,"rssi":-70,"snr":13,"chargePct":85,"capMv":3115,"alarmState":0}}]}
[1669.7s] [nbiot-mqtt] <- OK
[1669.7s] [nbiot-mqtt] <- +QMTPUB: 0,0,0
[1669.7s] [nbiot-mqtt] state PUBLISHING -> IDLE
[1669.7s] [nbiot-mqtt] -> AT+CSQ
[1669.7s] [nbiot-mqtt] <- +CSQ: 31,0
[1669.7s] [nbiot-mqtt] <- OK
[1671.9s] +RCV addr=1 len=33 rssi=-71 snr=12 data="STAT,24167,8,0,11100,47,3115,85,0"
[1671.9s]   node health: charge 85% (3115 mV at the sense pin)
[1676.0s] +RCV addr=3 len=116 rssi=-69 snr=12 data="B,2,25.0,43.4,939.3,19674,0.0,0.0,0.0,708,0.0,0.0,0,0.0,0,3;25.0,43.4,939.4,19674,0.0,0.0,0.0,708,0.0,0.0,0,0.0,0,0;"
[1676.0s]   batch of 2 reading(s)
[1685.3s] +RCV addr=4 len=75 rssi=-24 snr=12 data="25.63,46.82,939.23,10155.51,8.00,18.00,26.00,968.00,-1.00,-1.00,0.00,0.00,0"
[1687.5s] +RCV addr=4 len=29 rssi=-24 snr=12 data="STAT,48,0,1,11000,0,3120,86,1"
[1687.5s]   *** NodoC-3 EN PRE-ALARMA - publicando YA ***
[1687.5s]   node health: charge 86% (3120 mV at the sense pin)
[1687.5s] [nbiot-mqtt] state IDLE -> PUBLISHING
[1687.5s] [nbiot-mqtt] -> AT+QMTPUB=0,0,0,0,"v1/gateway/telemetry"
[1687.5s] [nbiot-mqtt] payload (847 bytes): {"NodoC-2":[{"ts":1791371075370,"values":{"temp":25.00,"rh":43.40,"pres":939.30,"gas":19674.00,"pm1":0.00,"pm25":0.00,"pm10":0.00,"co2":708.00,"co":0.00,"coTemp":0.00,"windAngle":0.00,"windSpeed":0.00,"windValid":false,"rssi":-69,"snr":12,"chargePct":100,"capMv":4972,"alarmState":0}},{"ts":1791371105370,"values":{"temp":25.00,"rh":43.40,"pres":939.40,"gas":19674.00,"pm1":0.00,"pm25":0.00,"pm10":0.00,"co2":708.00,"co":0.00,"coTemp":0.00,"windAngle":0.00,"windSpeed":0.00,"windValid":false,"rssi":-69,"snr":12,"chargePct":100,"capMv":4972,"alarmState":0}}],"NodoC-3":[{"ts":1791371114669,"values":{"temp":25.63,"rh":46.82,"pres":939.23,"gas":10155.51,"pm1":8.00,"pm25":18.00,"pm10":26.00,"co2":968.00,"co":-1.00,"coTemp":-1.00,"windAngle":0.00,"windSpeed":0.00,"windValid":false,"rssi":-24,"snr":12,"chargePct":86,"capMv":3120,"alarmState":1}}]}
[1687.5s] [nbiot-mqtt] <- OK
[1687.8s] [nbiot-mqtt] <- +QMTPUB: 0,0,0
[1687.8s] [nbiot-mqtt] state PUBLISHING -> IDLE
[1687.8s] [nbiot-mqtt] -> AT+CSQ
[1687.8s] [nbiot-mqtt] <- +CSQ: 31,0
[1687.8s] [nbiot-mqtt] <- OK
=== fin ===
